{
    "Bismark: rrbs": {
        "content": [
            39,
            {
                "BISMARK_ALIGN": {
                    "bismark": "0.24.0"
                },
                "BISMARK_GENOMEPREPARATION": {
                    "bismark": "0.24.0"
                },
                "FASTQC": {
                    "fastqc": "0.12.1"
                },
                "QUALIMAP_BAMQC": {
                    "qualimap": 2.3
                },
                "TRIMGALORE": {
                    "trimgalore": "0.6.7",
                    "cutadapt": 3.4
                },
                "Workflow": {
                    "nf-core/methylseq": "v2.7.0dev"
                }
            },
            [
                "bismark",
                "alignments",
                "Ecoli_1_val_1_bismark_bt2_pe.bam",
                "SRR389222_sub1_trimmed_bismark_bt2.bam",
                "SRR389222_sub2_trimmed_bismark_bt2.bam",
                "SRR389222_sub3_trimmed_bismark_bt2.bam",
                "logs",
                "Ecoli_1_val_1_bismark_bt2_PE_report.txt",
                "SRR389222_sub1_trimmed_bismark_bt2_SE_report.txt",
                "SRR389222_sub2_trimmed_bismark_bt2_SE_report.txt",
                "SRR389222_sub3_trimmed_bismark_bt2_SE_report.txt",
                "deduplicated",
                "Ecoli.deduplicated.sorted.bam",
                "Ecoli.deduplicated.sorted.bam.bai",
                "SRR389222_sub1.deduplicated.sorted.bam",
                "SRR389222_sub1.deduplicated.sorted.bam.bai",
                "SRR389222_sub2.deduplicated.sorted.bam",
                "SRR389222_sub2.deduplicated.sorted.bam.bai",
                "SRR389222_sub3.deduplicated.sorted.bam",
                "SRR389222_sub3.deduplicated.sorted.bam.bai",
                "methylation_calls",
                "bedGraph",
                "Ecoli_1_val_1_bismark_bt2_pe.bedGraph.gz",
                "SRR389222_sub1_trimmed_bismark_bt2.bedGraph.gz",
                "SRR389222_sub2_trimmed_bismark_bt2.bedGraph.gz",
                "SRR389222_sub3_trimmed_bismark_bt2.bedGraph.gz",
                "mbias",
                "Ecoli_1_val_1_bismark_bt2_pe.M-bias.txt",
                "SRR389222_sub1_trimmed_bismark_bt2.M-bias.txt",
                "SRR389222_sub2_trimmed_bismark_bt2.M-bias.txt",
                "SRR389222_sub3_trimmed_bismark_bt2.M-bias.txt",
                "methylation_calls",
                "CHG_OB_Ecoli_1_val_1_bismark_bt2_pe.txt.gz",
                "CHG_OB_SRR389222_sub1_trimmed_bismark_bt2.txt.gz",
                "CHG_OB_SRR389222_sub2_trimmed_bismark_bt2.txt.gz",
                "CHG_OB_SRR389222_sub3_trimmed_bismark_bt2.txt.gz",
                "CHG_OT_Ecoli_1_val_1_bismark_bt2_pe.txt.gz",
                "CHG_OT_SRR389222_sub1_trimmed_bismark_bt2.txt.gz",
                "CHG_OT_SRR389222_sub2_trimmed_bismark_bt2.txt.gz",
                "CHG_OT_SRR389222_sub3_trimmed_bismark_bt2.txt.gz",
                "CHH_OB_Ecoli_1_val_1_bismark_bt2_pe.txt.gz",
                "CHH_OB_SRR389222_sub1_trimmed_bismark_bt2.txt.gz",
                "CHH_OB_SRR389222_sub2_trimmed_bismark_bt2.txt.gz",
                "CHH_OB_SRR389222_sub3_trimmed_bismark_bt2.txt.gz",
                "CHH_OT_Ecoli_1_val_1_bismark_bt2_pe.txt.gz",
                "CHH_OT_SRR389222_sub1_trimmed_bismark_bt2.txt.gz",
                "CHH_OT_SRR389222_sub2_trimmed_bismark_bt2.txt.gz",
                "CHH_OT_SRR389222_sub3_trimmed_bismark_bt2.txt.gz",
                "CpG_OB_Ecoli_1_val_1_bismark_bt2_pe.txt.gz",
                "CpG_OB_SRR389222_sub1_trimmed_bismark_bt2.txt.gz",
                "CpG_OB_SRR389222_sub2_trimmed_bismark_bt2.txt.gz",
                "CpG_OB_SRR389222_sub3_trimmed_bismark_bt2.txt.gz",
                "CpG_OT_Ecoli_1_val_1_bismark_bt2_pe.txt.gz",
                "CpG_OT_SRR389222_sub1_trimmed_bismark_bt2.txt.gz",
                "CpG_OT_SRR389222_sub2_trimmed_bismark_bt2.txt.gz",
                "CpG_OT_SRR389222_sub3_trimmed_bismark_bt2.txt.gz",
                "methylation_coverage",
                "Ecoli_1_val_1_bismark_bt2_pe.bismark.cov.gz",
                "SRR389222_sub1_trimmed_bismark_bt2.bismark.cov.gz",
                "SRR389222_sub2_trimmed_bismark_bt2.bismark.cov.gz",
                "SRR389222_sub3_trimmed_bismark_bt2.bismark.cov.gz",
                "splitting_report",
                "Ecoli_1_val_1_bismark_bt2_pe_splitting_report.txt",
                "SRR389222_sub1_trimmed_bismark_bt2_splitting_report.txt",
                "SRR389222_sub2_trimmed_bismark_bt2_splitting_report.txt",
                "SRR389222_sub3_trimmed_bismark_bt2_splitting_report.txt",
                "reports",
                "Ecoli_1_val_1_bismark_bt2_PE_report.html",
                "SRR389222_sub1_trimmed_bismark_bt2_SE_report.html",
                "SRR389222_sub2_trimmed_bismark_bt2_SE_report.html",
                "SRR389222_sub3_trimmed_bismark_bt2_SE_report.html",
                "summary",
                "bismark_summary_report.html",
                "bismark_summary_report.txt",
                "fastqc",
                "Ecoli_1_fastqc.html",
                "Ecoli_2_fastqc.html",
                "SRR389222_sub1_fastqc.html",
                "SRR389222_sub2_fastqc.html",
                "SRR389222_sub3_fastqc.html",
                "zips",
                "Ecoli_1_fastqc.zip",
                "Ecoli_2_fastqc.zip",
                "SRR389222_sub1_fastqc.zip",
                "SRR389222_sub2_fastqc.zip",
                "SRR389222_sub3_fastqc.zip",
                "multiqc",
                "bismark",
                "multiqc_data",
                "bismark-methylation-dp.txt",
                "bismark_alignment.txt",
                "bismark_mbias_CHG_R1.txt",
                "bismark_mbias_CHG_R2.txt",
                "bismark_mbias_CHH_R1.txt",
                "bismark_mbias_CHH_R2.txt",
                "bismark_mbias_CpG_R1.txt",
                "bismark_mbias_CpG_R2.txt",
                "bismark_strand_alignment.txt",
                "cutadapt_filtered_reads_plot.txt",
                "cutadapt_trimmed_sequences_plot_3_Counts.txt",
                "cutadapt_trimmed_sequences_plot_3_Obs_Exp.txt",
                "fastqc-status-check-heatmap.txt",
                "fastqc_adapter_content_plot.txt",
                "fastqc_overrepresented_sequences_plot.txt",
                "fastqc_per_base_n_content_plot.txt",
                "fastqc_per_base_sequence_quality_plot.txt",
                "fastqc_per_sequence_gc_content_plot_Counts.txt",
                "fastqc_per_sequence_gc_content_plot_Percentages.txt",
                "fastqc_per_sequence_quality_scores_plot.txt",
                "fastqc_sequence_counts_plot.txt",
                "fastqc_sequence_duplication_levels_plot.txt",
                "fastqc_top_overrepresented_sequences_table.txt",
                "multiqc.log",
                "multiqc_bismark_alignment.txt",
                "multiqc_bismark_methextract.txt",
                "multiqc_citations.txt",
                "multiqc_cutadapt.txt",
                "multiqc_data.json",
                "multiqc_fastqc.txt",
                "multiqc_general_stats.txt",
                "multiqc_qualimap_bamqc_genome_results.txt",
                "multiqc_software_versions.txt",
                "multiqc_sources.txt",
                "qualimap_coverage_histogram.txt",
                "qualimap_gc_content.txt",
                "qualimap_genome_fraction.txt",
                "qualimap_insert_size.txt",
                "multiqc_plots",
                "pdf",
                "bismark-methylation-dp.pdf",
                "bismark_alignment-cnt.pdf",
                "bismark_alignment-pct.pdf",
                "bismark_mbias_CHG_R1.pdf",
                "bismark_mbias_CHG_R2.pdf",
                "bismark_mbias_CHH_R1.pdf",
                "bismark_mbias_CHH_R2.pdf",
                "bismark_mbias_CpG_R1.pdf",
                "bismark_mbias_CpG_R2.pdf",
                "bismark_strand_alignment-cnt.pdf",
                "bismark_strand_alignment-pct.pdf",
                "cutadapt_filtered_reads_plot-cnt.pdf",
                "cutadapt_filtered_reads_plot-pct.pdf",
                "cutadapt_trimmed_sequences_plot_3_Counts.pdf",
                "cutadapt_trimmed_sequences_plot_3_Obs_Exp.pdf",
                "fastqc-status-check-heatmap.pdf",
                "fastqc_adapter_content_plot.pdf",
                "fastqc_overrepresented_sequences_plot.pdf",
                "fastqc_per_base_n_content_plot.pdf",
                "fastqc_per_base_sequence_quality_plot.pdf",
                "fastqc_per_sequence_gc_content_plot_Counts.pdf",
                "fastqc_per_sequence_gc_content_plot_Percentages.pdf",
                "fastqc_per_sequence_quality_scores_plot.pdf",
                "fastqc_sequence_counts_plot-cnt.pdf",
                "fastqc_sequence_counts_plot-pct.pdf",
                "fastqc_sequence_duplication_levels_plot.pdf",
                "fastqc_top_overrepresented_sequences_table.pdf",
                "general_stats_table.pdf",
                "qualimap_coverage_histogram.pdf",
                "qualimap_gc_content.pdf",
                "qualimap_genome_fraction.pdf",
                "qualimap_insert_size.pdf",
                "png",
                "bismark-methylation-dp.png",
                "bismark_alignment-cnt.png",
                "bismark_alignment-pct.png",
                "bismark_mbias_CHG_R1.png",
                "bismark_mbias_CHG_R2.png",
                "bismark_mbias_CHH_R1.png",
                "bismark_mbias_CHH_R2.png",
                "bismark_mbias_CpG_R1.png",
                "bismark_mbias_CpG_R2.png",
                "bismark_strand_alignment-cnt.png",
                "bismark_strand_alignment-pct.png",
                "cutadapt_filtered_reads_plot-cnt.png",
                "cutadapt_filtered_reads_plot-pct.png",
                "cutadapt_trimmed_sequences_plot_3_Counts.png",
                "cutadapt_trimmed_sequences_plot_3_Obs_Exp.png",
                "fastqc-status-check-heatmap.png",
                "fastqc_adapter_content_plot.png",
                "fastqc_overrepresented_sequences_plot.png",
                "fastqc_per_base_n_content_plot.png",
                "fastqc_per_base_sequence_quality_plot.png",
                "fastqc_per_sequence_gc_content_plot_Counts.png",
                "fastqc_per_sequence_gc_content_plot_Percentages.png",
                "fastqc_per_sequence_quality_scores_plot.png",
                "fastqc_sequence_counts_plot-cnt.png",
                "fastqc_sequence_counts_plot-pct.png",
                "fastqc_sequence_duplication_levels_plot.png",
                "fastqc_top_overrepresented_sequences_table.png",
                "general_stats_table.png",
                "qualimap_coverage_histogram.png",
                "qualimap_gc_content.png",
                "qualimap_genome_fraction.png",
                "qualimap_insert_size.png",
                "svg",
                "bismark-methylation-dp.svg",
                "bismark_alignment-cnt.svg",
                "bismark_alignment-pct.svg",
                "bismark_mbias_CHG_R1.svg",
                "bismark_mbias_CHG_R2.svg",
                "bismark_mbias_CHH_R1.svg",
                "bismark_mbias_CHH_R2.svg",
                "bismark_mbias_CpG_R1.svg",
                "bismark_mbias_CpG_R2.svg",
                "bismark_strand_alignment-cnt.svg",
                "bismark_strand_alignment-pct.svg",
                "cutadapt_filtered_reads_plot-cnt.svg",
                "cutadapt_filtered_reads_plot-pct.svg",
                "cutadapt_trimmed_sequences_plot_3_Counts.svg",
                "cutadapt_trimmed_sequences_plot_3_Obs_Exp.svg",
                "fastqc-status-check-heatmap.svg",
                "fastqc_adapter_content_plot.svg",
                "fastqc_overrepresented_sequences_plot.svg",
                "fastqc_per_base_n_content_plot.svg",
                "fastqc_per_base_sequence_quality_plot.svg",
                "fastqc_per_sequence_gc_content_plot_Counts.svg",
                "fastqc_per_sequence_gc_content_plot_Percentages.svg",
                "fastqc_per_sequence_quality_scores_plot.svg",
                "fastqc_sequence_counts_plot-cnt.svg",
                "fastqc_sequence_counts_plot-pct.svg",
                "fastqc_sequence_duplication_levels_plot.svg",
                "fastqc_top_overrepresented_sequences_table.svg",
                "general_stats_table.svg",
                "qualimap_coverage_histogram.svg",
                "qualimap_gc_content.svg",
                "qualimap_genome_fraction.svg",
                "qualimap_insert_size.svg",
                "multiqc_report.html",
                "pipeline_info",
                "nf_core_pipeline_software_mqc_versions.yml",
                "qualimap",
                "Ecoli",
                "css",
                "agogo.css",
                "ajax-loader.gif",
                "basic.css",
                "bgfooter.png",
                "bgtop.png",
                "comment-bright.png",
                "comment-close.png",
                "comment.png",
                "doctools.js",
                "down-pressed.png",
                "down.png",
                "file.png",
                "jquery.js",
                "minus.png",
                "plus.png",
                "pygments.css",
                "qualimap_logo_small.png",
                "report.css",
                "searchtools.js",
                "underscore.js",
                "up-pressed.png",
                "up.png",
                "websupport.js",
                "genome_results.txt",
                "images_qualimapReport",
                "genome_coverage_0to50_histogram.png",
                "genome_coverage_across_reference.png",
                "genome_coverage_histogram.png",
                "genome_coverage_quotes.png",
                "genome_gc_content_per_window.png",
                "genome_insert_size_across_reference.png",
                "genome_insert_size_histogram.png",
                "genome_mapping_quality_across_reference.png",
                "genome_mapping_quality_histogram.png",
                "genome_reads_content_per_read_position.png",
                "genome_uniq_read_starts_histogram.png",
                "qualimapReport.html",
                "raw_data_qualimapReport",
                "coverage_across_reference.txt",
                "coverage_histogram.txt",
                "duplication_rate_histogram.txt",
                "genome_fraction_coverage.txt",
                "insert_size_across_reference.txt",
                "insert_size_histogram.txt",
                "mapped_reads_gc-content_distribution.txt",
                "mapped_reads_nucleotide_content.txt",
                "mapping_quality_across_reference.txt",
                "mapping_quality_histogram.txt",
                "SRR389222_sub1",
                "css",
                "agogo.css",
                "ajax-loader.gif",
                "basic.css",
                "bgfooter.png",
                "bgtop.png",
                "comment-bright.png",
                "comment-close.png",
                "comment.png",
                "doctools.js",
                "down-pressed.png",
                "down.png",
                "file.png",
                "jquery.js",
                "minus.png",
                "plus.png",
                "pygments.css",
                "qualimap_logo_small.png",
                "report.css",
                "searchtools.js",
                "underscore.js",
                "up-pressed.png",
                "up.png",
                "websupport.js",
                "genome_results.txt",
                "images_qualimapReport",
                "genome_coverage_0to50_histogram.png",
                "genome_coverage_across_reference.png",
                "genome_coverage_histogram.png",
                "genome_coverage_quotes.png",
                "genome_gc_content_per_window.png",
                "genome_mapping_quality_across_reference.png",
                "genome_mapping_quality_histogram.png",
                "genome_reads_content_per_read_position.png",
                "genome_uniq_read_starts_histogram.png",
                "qualimapReport.html",
                "raw_data_qualimapReport",
                "coverage_across_reference.txt",
                "coverage_histogram.txt",
                "duplication_rate_histogram.txt",
                "genome_fraction_coverage.txt",
                "mapped_reads_gc-content_distribution.txt",
                "mapped_reads_nucleotide_content.txt",
                "mapping_quality_across_reference.txt",
                "mapping_quality_histogram.txt",
                "SRR389222_sub2",
                "css",
                "agogo.css",
                "ajax-loader.gif",
                "basic.css",
                "bgfooter.png",
                "bgtop.png",
                "comment-bright.png",
                "comment-close.png",
                "comment.png",
                "doctools.js",
                "down-pressed.png",
                "down.png",
                "file.png",
                "jquery.js",
                "minus.png",
                "plus.png",
                "pygments.css",
                "qualimap_logo_small.png",
                "report.css",
                "searchtools.js",
                "underscore.js",
                "up-pressed.png",
                "up.png",
                "websupport.js",
                "genome_results.txt",
                "images_qualimapReport",
                "genome_coverage_0to50_histogram.png",
                "genome_coverage_across_reference.png",
                "genome_coverage_histogram.png",
                "genome_coverage_quotes.png",
                "genome_gc_content_per_window.png",
                "genome_mapping_quality_across_reference.png",
                "genome_mapping_quality_histogram.png",
                "genome_reads_content_per_read_position.png",
                "genome_uniq_read_starts_histogram.png",
                "qualimapReport.html",
                "raw_data_qualimapReport",
                "coverage_across_reference.txt",
                "coverage_histogram.txt",
                "duplication_rate_histogram.txt",
                "genome_fraction_coverage.txt",
                "mapped_reads_gc-content_distribution.txt",
                "mapped_reads_nucleotide_content.txt",
                "mapping_quality_across_reference.txt",
                "mapping_quality_histogram.txt",
                "SRR389222_sub3",
                "css",
                "agogo.css",
                "ajax-loader.gif",
                "basic.css",
                "bgfooter.png",
                "bgtop.png",
                "comment-bright.png",
                "comment-close.png",
                "comment.png",
                "doctools.js",
                "down-pressed.png",
                "down.png",
                "file.png",
                "jquery.js",
                "minus.png",
                "plus.png",
                "pygments.css",
                "qualimap_logo_small.png",
                "report.css",
                "searchtools.js",
                "underscore.js",
                "up-pressed.png",
                "up.png",
                "websupport.js",
                "genome_results.txt",
                "images_qualimapReport",
                "genome_coverage_0to50_histogram.png",
                "genome_coverage_across_reference.png",
                "genome_coverage_histogram.png",
                "genome_coverage_quotes.png",
                "genome_gc_content_per_window.png",
                "genome_mapping_quality_across_reference.png",
                "genome_mapping_quality_histogram.png",
                "genome_reads_content_per_read_position.png",
                "genome_uniq_read_starts_histogram.png",
                "qualimapReport.html",
                "raw_data_qualimapReport",
                "coverage_across_reference.txt",
                "coverage_histogram.txt",
                "duplication_rate_histogram.txt",
                "genome_fraction_coverage.txt",
                "mapped_reads_gc-content_distribution.txt",
                "mapped_reads_nucleotide_content.txt",
                "mapping_quality_across_reference.txt",
                "mapping_quality_histogram.txt",
                "trimgalore",
                "fastqc",
                "Ecoli_1_val_1_fastqc.html",
                "Ecoli_2_val_2_fastqc.html",
                "SRR389222_sub1_trimmed_fastqc.html",
                "SRR389222_sub2_trimmed_fastqc.html",
                "SRR389222_sub3_trimmed_fastqc.html",
                "zips",
                "Ecoli_1_val_1_fastqc.zip",
                "Ecoli_2_val_2_fastqc.zip",
                "SRR389222_sub1_trimmed_fastqc.zip",
                "SRR389222_sub2_trimmed_fastqc.zip",
                "SRR389222_sub3_trimmed_fastqc.zip",
                "logs",
                "Ecoli_1.fastq.gz_trimming_report.txt",
                "Ecoli_2.fastq.gz_trimming_report.txt",
                "SRR389222_sub1.fastq.gz_trimming_report.txt",
                "SRR389222_sub2.fastq.gz_trimming_report.txt",
                "SRR389222_sub3.fastq.gz_trimming_report.txt"
            ],
            [
                "Ecoli_1_val_1_bismark_bt2_pe.bam:md5,8b3001c60505c1ed07dcca3e7b07ce8f",
                "SRR389222_sub1_trimmed_bismark_bt2.bam:md5,b8ab3a6b07c4a319f051630bd9d3c8fe",
                "SRR389222_sub2_trimmed_bismark_bt2.bam:md5,3d2aa63597258e8136387a421bba8d3e",
                "SRR389222_sub3_trimmed_bismark_bt2.bam:md5,c5ac3876f32889dc22850ecce137c58f",
                "Ecoli.deduplicated.sorted.bam:md5,f3788d748c345b9f7398438be2e79e6e",
                "Ecoli.deduplicated.sorted.bam.bai:md5,bec193bfbf988907b9582b1d24f2763f",
                "SRR389222_sub1.deduplicated.sorted.bam:md5,d5d35a0aca5f3b66cb571cfdd3e58dc7",
                "SRR389222_sub1.deduplicated.sorted.bam.bai:md5,1c9a4949cfa7e174d41b1351cac3f9af",
                "SRR389222_sub2.deduplicated.sorted.bam:md5,1c066591ac0d4d2fd530c6725833f2ae",
                "SRR389222_sub2.deduplicated.sorted.bam.bai:md5,5687ab2413523547f2f6597dfaae1c60",
                "SRR389222_sub3.deduplicated.sorted.bam:md5,39162407e21e5424b516e9039c936383",
                "SRR389222_sub3.deduplicated.sorted.bam.bai:md5,b7c4d589635ea88011431b6c4911edd1",
                "Ecoli_1_val_1_bismark_bt2_pe.bedGraph.gz:md5,2691bc94521625f665ea62b357022e4e",
                "SRR389222_sub1_trimmed_bismark_bt2.bedGraph.gz:md5,19b360cef6da9e51a9aed103bdc20c59",
                "SRR389222_sub2_trimmed_bismark_bt2.bedGraph.gz:md5,e3391beb85c4718b897850bd0b724238",
                "SRR389222_sub3_trimmed_bismark_bt2.bedGraph.gz:md5,77237eb7bd3b1d213798ea69c9bd1dc0",
                "Ecoli_1_val_1_bismark_bt2_pe.M-bias.txt:md5,198181d02bd7f42f9c7762b383d6f9f5",
                "SRR389222_sub1_trimmed_bismark_bt2.M-bias.txt:md5,85e560f0b24650662740311e7e0e68c5",
                "SRR389222_sub2_trimmed_bismark_bt2.M-bias.txt:md5,1dbb052bca91de848e3136397904de5b",
                "SRR389222_sub3_trimmed_bismark_bt2.M-bias.txt:md5,75f664cedec907f51bc52ac1fca0d178",
                "CHG_OB_Ecoli_1_val_1_bismark_bt2_pe.txt.gz:md5,3a8e6de7b2316de26c1182aa5a496c87",
                "CHG_OB_SRR389222_sub1_trimmed_bismark_bt2.txt.gz:md5,c8ccffe89627f497f9b542400c9db8c2",
                "CHG_OB_SRR389222_sub2_trimmed_bismark_bt2.txt.gz:md5,13f6da1e75015ef7fbb7366201dce499",
                "CHG_OB_SRR389222_sub3_trimmed_bismark_bt2.txt.gz:md5,27e179be25dad9ed0af9a21232df5127",
                "CHG_OT_Ecoli_1_val_1_bismark_bt2_pe.txt.gz:md5,5e5aefaa3f63e73f30342ad843eb210b",
                "CHG_OT_SRR389222_sub1_trimmed_bismark_bt2.txt.gz:md5,1377161dec2d79677fdfdf264bd33810",
                "CHG_OT_SRR389222_sub2_trimmed_bismark_bt2.txt.gz:md5,ace2c80eb24790d54b4a267e420a9ba6",
                "CHG_OT_SRR389222_sub3_trimmed_bismark_bt2.txt.gz:md5,9e08242b344ccdc3f84609724ca03ff7",
                "CHH_OB_Ecoli_1_val_1_bismark_bt2_pe.txt.gz:md5,1570781dfc02429033d5f3e6940105ca",
                "CHH_OB_SRR389222_sub1_trimmed_bismark_bt2.txt.gz:md5,ddedeb6dcd4cc268d3db74e040fe21c3",
                "CHH_OB_SRR389222_sub2_trimmed_bismark_bt2.txt.gz:md5,033f65a4798754b970c1c5df768cc8c2",
                "CHH_OB_SRR389222_sub3_trimmed_bismark_bt2.txt.gz:md5,6720d12dd972182a791cc1c23b4d33d9",
                "CHH_OT_Ecoli_1_val_1_bismark_bt2_pe.txt.gz:md5,978ad87fef01e39283a620253320ee45",
                "CHH_OT_SRR389222_sub1_trimmed_bismark_bt2.txt.gz:md5,d85dc399fc69bf7aab758993519c8cfe",
                "CHH_OT_SRR389222_sub2_trimmed_bismark_bt2.txt.gz:md5,069b9129e85aea7aae1c9eb17be48c5e",
                "CHH_OT_SRR389222_sub3_trimmed_bismark_bt2.txt.gz:md5,ad172f3578b7b90308e3d1a81f908be9",
                "CpG_OB_Ecoli_1_val_1_bismark_bt2_pe.txt.gz:md5,a30047b767d5da4a815b2b4095ad7f7e",
                "CpG_OB_SRR389222_sub1_trimmed_bismark_bt2.txt.gz:md5,de4d16b8cd3df06eb1bde968f8713f5a",
                "CpG_OB_SRR389222_sub2_trimmed_bismark_bt2.txt.gz:md5,a7b1cc07884bd0d59aafed49974c6df9",
                "CpG_OB_SRR389222_sub3_trimmed_bismark_bt2.txt.gz:md5,d0f21eed538ec25ec9b158ad093cf869",
                "CpG_OT_Ecoli_1_val_1_bismark_bt2_pe.txt.gz:md5,9712eef973883f44dcc0a307af28ba70",
                "CpG_OT_SRR389222_sub1_trimmed_bismark_bt2.txt.gz:md5,64f00809ecc5d4bba6c02f235138de58",
                "CpG_OT_SRR389222_sub2_trimmed_bismark_bt2.txt.gz:md5,094bdaaced57b9b4dd7d1626dd530b91",
                "CpG_OT_SRR389222_sub3_trimmed_bismark_bt2.txt.gz:md5,f70bb71a23b477c40b81b045d06f12a6",
                "Ecoli_1_val_1_bismark_bt2_pe.bismark.cov.gz:md5,60eac8132590c72d1606d41eb4adcb30",
                "SRR389222_sub1_trimmed_bismark_bt2.bismark.cov.gz:md5,7660c828d0ea61dee7dfe01dd8330461",
                "SRR389222_sub2_trimmed_bismark_bt2.bismark.cov.gz:md5,fd27bbf4f8e0ab429066c8b0bb70279d",
                "SRR389222_sub3_trimmed_bismark_bt2.bismark.cov.gz:md5,d3c196f28a99b8c28da654f8d9a23666",
                "bismark-methylation-dp.txt:md5,540903aa6d28a26096ffec45d743dc95",
                "bismark_alignment.txt:md5,26bfc167dcd5fffc251606a5031d85b2",
                "bismark_mbias_CHG_R1.txt:md5,728e082065e5c8fb9196d98d157eaf46",
                "bismark_mbias_CHG_R2.txt:md5,58ab08247b4838fb5f75b5d1043274d1",
                "bismark_mbias_CHH_R1.txt:md5,3c1ae4ec96eedc31cc28c29f35460371",
                "bismark_mbias_CHH_R2.txt:md5,15c7abb0ca5b88cf88b254b7113e6889",
                "bismark_mbias_CpG_R1.txt:md5,43385a0c53c98628d3619f1d5accae89",
                "bismark_mbias_CpG_R2.txt:md5,a31e3d141d1373a9899275bd157fd935",
                "bismark_strand_alignment.txt:md5,259d17e8270dfb295e61606fed4ff62d",
                "cutadapt_filtered_reads_plot.txt:md5,0ce9197c7bd7b3f28a3b3a138f0fa7ac",
                "cutadapt_trimmed_sequences_plot_3_Counts.txt:md5,d26da65930f05d6bf9d0f1108448fa28",
                "cutadapt_trimmed_sequences_plot_3_Obs_Exp.txt:md5,b2efa644f2e7490dc27d2e100e438ebd",
                "fastqc-status-check-heatmap.txt:md5,230dfd84f4b57666319047198394ca60",
                "fastqc_adapter_content_plot.txt:md5,8910f0d1c3e966a2d5cceaa5f127257d",
                "fastqc_overrepresented_sequences_plot.txt:md5,7402f1164f8aa05406703fb0c18b4428",
                "fastqc_per_base_n_content_plot.txt:md5,d852ed1029342edc9981ad3105abaedb",
                "fastqc_per_base_sequence_quality_plot.txt:md5,1e9c4701fdb3367be21980455010010a",
                "fastqc_per_sequence_gc_content_plot_Counts.txt:md5,af5e3874769dcda665730aaef2b76e9e",
                "fastqc_per_sequence_gc_content_plot_Percentages.txt:md5,7b21b780b32694e8a4107285f5037e42",
                "fastqc_per_sequence_quality_scores_plot.txt:md5,d41664b3ad203d095aee006588c93298",
                "fastqc_sequence_counts_plot.txt:md5,47e0b371031eb1fad2cd6be86206265b",
                "fastqc_sequence_duplication_levels_plot.txt:md5,00b66074303680ddba5a5f7dd9ab71cc",
                "multiqc_bismark_alignment.txt:md5,248fdb22ebe3be492c8c523631e32635",
                "multiqc_bismark_methextract.txt:md5,b0265cff53ccc91da528d458a3a8ddc8",
                "multiqc_citations.txt:md5,b9d42869faad581bd963d3d3bb490026",
                "multiqc_cutadapt.txt:md5,75a6c55468d07b9391a2f2f4ceeabd3e",
                "multiqc_software_versions.txt:md5,514aa3d6efcd5828b1e5e85b5c82f198",
                "qualimap_coverage_histogram.txt:md5,270ed514982e0f986c484227eab03a16",
                "qualimap_gc_content.txt:md5,df3d10836c4e0e11f6355a9e637f5985",
                "qualimap_genome_fraction.txt:md5,2811e281f58d35fcde29054f7001c54a",
                "qualimap_insert_size.txt:md5,f4304b6cd88219729b621fbbbcb88b78",
                "bgfooter.png:md5,ed01bb040346e4623cc87de331ddb4e1",
                "bgtop.png:md5,626a50532dc6e5adbdd968746ef318e8",
                "comment-bright.png:md5,0c850bb4920b581bf5e5dba5fa493a64",
                "comment-close.png:md5,2635dda49c823e8122d4d11ed385f33d",
                "comment.png:md5,882e40f3d6a16c6ed35659b105251525",
                "down-pressed.png:md5,ebe8979581eda700fb234a73c661a4b9",
                "down.png:md5,f6f3c819cc7ca27d7fd3347e5e7ffe0f",
                "file.png:md5,6587e59c55e626744eb6fc11129d99a7",
                "minus.png:md5,8d572395aa95c89584a09813ada4dfa1",
                "plus.png:md5,0125e6faa04e2cf0141a2d599d3bb220",
                "qualimap_logo_small.png:md5,7526f145a97be4682fd59e27dda4f71b",
                "up-pressed.png:md5,8ea9bd109342f87fee97943b479c6f7e",
                "up.png:md5,ecc373278454cc8ecc12d6ca69e55b36",
                "genome_results.txt:md5,f3ca04d79dd97d1df25c4bf71cd3052d",
                "genome_coverage_0to50_histogram.png:md5,1929edd796232b2d574cefb9de1c8c45",
                "genome_coverage_across_reference.png:md5,e473ec6c690cbf2ec6c651b434388e5c",
                "genome_coverage_histogram.png:md5,1ddf2d76b802854c8457f2e1e755c96d",
                "genome_coverage_quotes.png:md5,f5f945b7a71b6fac048a09bdf53e9fc1",
                "genome_gc_content_per_window.png:md5,7e26762ef358724fa66adababbe61db8",
                "genome_insert_size_across_reference.png:md5,e002b4699d494594f7c3465a58158a42",
                "genome_insert_size_histogram.png:md5,f1ded2bd983988408343507ee9797e2b",
                "genome_mapping_quality_across_reference.png:md5,fa20c2fbcfc42198a91a8b0316c2e86a",
                "genome_mapping_quality_histogram.png:md5,d91b70e101a48ad4956882ea0660a7bb",
                "genome_reads_content_per_read_position.png:md5,65b2642bbbeafd082f78df575384c7b4",
                "genome_uniq_read_starts_histogram.png:md5,9b9cc4b450beec5c254482822d3b75eb",
                "coverage_across_reference.txt:md5,0412f5393c2d6c38e24b298a29207832",
                "coverage_histogram.txt:md5,c66a1041626dd043ee8900f0568f96c5",
                "duplication_rate_histogram.txt:md5,4a9f605621f1ad7c0e4b816042541efc",
                "genome_fraction_coverage.txt:md5,c75063a6bc66540f2a77e13d3c3cc858",
                "insert_size_across_reference.txt:md5,eee57ae9151b395a40ec93ab47d5f52f",
                "insert_size_histogram.txt:md5,e9f571e90fa7892568462abe5aed45e1",
                "mapped_reads_gc-content_distribution.txt:md5,d95d5dba619621907d99c3fe85324774",
                "mapped_reads_nucleotide_content.txt:md5,ddfa5b9cb8d5d14940e826ea7e8e25a0",
                "mapping_quality_across_reference.txt:md5,51bc42b3c28e9bc2a648b595dd0a16ad",
                "mapping_quality_histogram.txt:md5,dd994cf923082ba126df697357cce658",
                "bgfooter.png:md5,ed01bb040346e4623cc87de331ddb4e1",
                "bgtop.png:md5,626a50532dc6e5adbdd968746ef318e8",
                "comment-bright.png:md5,0c850bb4920b581bf5e5dba5fa493a64",
                "comment-close.png:md5,2635dda49c823e8122d4d11ed385f33d",
                "comment.png:md5,882e40f3d6a16c6ed35659b105251525",
                "down-pressed.png:md5,ebe8979581eda700fb234a73c661a4b9",
                "down.png:md5,f6f3c819cc7ca27d7fd3347e5e7ffe0f",
                "file.png:md5,6587e59c55e626744eb6fc11129d99a7",
                "minus.png:md5,8d572395aa95c89584a09813ada4dfa1",
                "plus.png:md5,0125e6faa04e2cf0141a2d599d3bb220",
                "qualimap_logo_small.png:md5,7526f145a97be4682fd59e27dda4f71b",
                "up-pressed.png:md5,8ea9bd109342f87fee97943b479c6f7e",
                "up.png:md5,ecc373278454cc8ecc12d6ca69e55b36",
                "genome_results.txt:md5,7a1ac1151afcc743a7a80ed68225346f",
                "genome_coverage_0to50_histogram.png:md5,37ed7f8e0a2f1391526386056e03e826",
                "genome_coverage_across_reference.png:md5,31ead9c0127b0f95ed6f7496431d1d72",
                "genome_coverage_histogram.png:md5,f4c435198dff92a69448eb277d64a7b3",
                "genome_coverage_quotes.png:md5,016458abce14522131eb198f9a3942d6",
                "genome_gc_content_per_window.png:md5,3a9d4612604f3d8fd91685ba04386a6b",
                "genome_mapping_quality_across_reference.png:md5,7a218a7f069ebdc296d2b50a28429127",
                "genome_mapping_quality_histogram.png:md5,21771951430da26aa1de65b1058ca917",
                "genome_reads_content_per_read_position.png:md5,9a870d3eab467880828674617491bf32",
                "genome_uniq_read_starts_histogram.png:md5,11584f87d14ecc58c56852088184a8f6",
                "coverage_across_reference.txt:md5,19ec1fcc21c51552e09958af3b19a368",
                "coverage_histogram.txt:md5,219cfb1206b780f0c39c6dd5a9c1d7bc",
                "duplication_rate_histogram.txt:md5,26627aec41f7da64bc58f3e5c493167f",
                "genome_fraction_coverage.txt:md5,f1da27b3770f169979fa503ad9fc9844",
                "mapped_reads_gc-content_distribution.txt:md5,516e9558539bab79678e99542a63dca4",
                "mapped_reads_nucleotide_content.txt:md5,9183ff401297005956c5cbae3e4e3d58",
                "mapping_quality_across_reference.txt:md5,65d4d8dcbc4cbe58b32979ed1da3e982",
                "mapping_quality_histogram.txt:md5,ee6974502e2b91140f75ea9b61ce1e41",
                "bgfooter.png:md5,ed01bb040346e4623cc87de331ddb4e1",
                "bgtop.png:md5,626a50532dc6e5adbdd968746ef318e8",
                "comment-bright.png:md5,0c850bb4920b581bf5e5dba5fa493a64",
                "comment-close.png:md5,2635dda49c823e8122d4d11ed385f33d",
                "comment.png:md5,882e40f3d6a16c6ed35659b105251525",
                "down-pressed.png:md5,ebe8979581eda700fb234a73c661a4b9",
                "down.png:md5,f6f3c819cc7ca27d7fd3347e5e7ffe0f",
                "file.png:md5,6587e59c55e626744eb6fc11129d99a7",
                "minus.png:md5,8d572395aa95c89584a09813ada4dfa1",
                "plus.png:md5,0125e6faa04e2cf0141a2d599d3bb220",
                "qualimap_logo_small.png:md5,7526f145a97be4682fd59e27dda4f71b",
                "up-pressed.png:md5,8ea9bd109342f87fee97943b479c6f7e",
                "up.png:md5,ecc373278454cc8ecc12d6ca69e55b36",
                "genome_results.txt:md5,eccab1342de8fbbf5e5e547cd861b704",
                "genome_coverage_0to50_histogram.png:md5,a35720863d88e9d64d4cc331dd664054",
                "genome_coverage_across_reference.png:md5,e1f222bfd6227026b0f1406f08d95f6e",
                "genome_coverage_histogram.png:md5,dfc6a499621d0ac2df7cdd890c1195e7",
                "genome_coverage_quotes.png:md5,a388a782f95760ccecec6cd62a0ed03a",
                "genome_gc_content_per_window.png:md5,cb2fa3cdd99f590a963c46463adc0bf6",
                "genome_mapping_quality_across_reference.png:md5,337fe133d009b7336dcf8f514271b2e7",
                "genome_mapping_quality_histogram.png:md5,7f559b8f2647234dfa4852644f11271f",
                "genome_reads_content_per_read_position.png:md5,3fe1d60a39ccf297dfc1753552a1200a",
                "genome_uniq_read_starts_histogram.png:md5,275e9c6dc8b05fa96d779cd159f94bbf",
                "coverage_across_reference.txt:md5,dff746a8a42363f6a63d31dc388db054",
                "coverage_histogram.txt:md5,24b19558a8ed50fb82f0cca85576e6c7",
                "duplication_rate_histogram.txt:md5,5a9893b6051ac725ff0858f03b8c1d9e",
                "genome_fraction_coverage.txt:md5,7bb31fa0f86783b72de81862130b0dd2",
                "mapped_reads_gc-content_distribution.txt:md5,a844e905bb35783c1cc9a5012a4c1b4f",
                "mapped_reads_nucleotide_content.txt:md5,9f2238cefca7d4d396166493531b023d",
                "mapping_quality_across_reference.txt:md5,09972dd7e688343c0d8d4e1cfa0f0ed3",
                "mapping_quality_histogram.txt:md5,f4558df0222e1480a46b5c4fc31ca5f5",
                "bgfooter.png:md5,ed01bb040346e4623cc87de331ddb4e1",
                "bgtop.png:md5,626a50532dc6e5adbdd968746ef318e8",
                "comment-bright.png:md5,0c850bb4920b581bf5e5dba5fa493a64",
                "comment-close.png:md5,2635dda49c823e8122d4d11ed385f33d",
                "comment.png:md5,882e40f3d6a16c6ed35659b105251525",
                "down-pressed.png:md5,ebe8979581eda700fb234a73c661a4b9",
                "down.png:md5,f6f3c819cc7ca27d7fd3347e5e7ffe0f",
                "file.png:md5,6587e59c55e626744eb6fc11129d99a7",
                "minus.png:md5,8d572395aa95c89584a09813ada4dfa1",
                "plus.png:md5,0125e6faa04e2cf0141a2d599d3bb220",
                "qualimap_logo_small.png:md5,7526f145a97be4682fd59e27dda4f71b",
                "up-pressed.png:md5,8ea9bd109342f87fee97943b479c6f7e",
                "up.png:md5,ecc373278454cc8ecc12d6ca69e55b36",
                "genome_results.txt:md5,8b11703c6ee4e2a73d7d2624bda6b6ba",
                "genome_coverage_0to50_histogram.png:md5,e7461ecc40075b1053e85bb19133e5ec",
                "genome_coverage_across_reference.png:md5,fb94c353d5f4c82529e502942bd62532",
                "genome_coverage_histogram.png:md5,08187a1c49e4649b1947185f5713ea48",
                "genome_coverage_quotes.png:md5,283c7c1318b29cd1dc85572d5226bcf2",
                "genome_gc_content_per_window.png:md5,95a7825de361abfadcb635acf1fe5942",
                "genome_mapping_quality_across_reference.png:md5,af48967bec418f07cf8261dedc7a9d04",
                "genome_mapping_quality_histogram.png:md5,a130758df8b6d7557c10702a6ff0d03f",
                "genome_reads_content_per_read_position.png:md5,9114c974715722d293a19c42059b480e",
                "genome_uniq_read_starts_histogram.png:md5,5da3aadb7b5f8efe259e10719f2e16f5",
                "coverage_across_reference.txt:md5,aa07899188f5bbf958eee91c60dc7e9a",
                "coverage_histogram.txt:md5,3045dc5ebbaf79241cac050999c18d0f",
                "duplication_rate_histogram.txt:md5,4fe6535303d5079153f465183fc7ef48",
                "genome_fraction_coverage.txt:md5,bc79d169a3b0d1cd2806e64cb453c8f0",
                "mapped_reads_gc-content_distribution.txt:md5,90cdf405f32b2e4ac7df8f4e69fded27",
                "mapped_reads_nucleotide_content.txt:md5,11e8cff660b0ecec303ff425951badd2",
                "mapping_quality_across_reference.txt:md5,eeea15df6a449af86a1c59a3e8859a91",
                "mapping_quality_histogram.txt:md5,ba639bdc782f882ce55fcd81d1217fd3"
            ]
        ],
        "meta": {
            "nf-test": "0.9.0",
            "nextflow": "24.04.4"
        },
        "timestamp": "2024-09-23T09:00:00.89689698"
    }
}