{
    "Bismark_Hisat: rrbs": {
        "content": [
            43,
            {
                "BISMARK_ALIGN": {
                    "bismark": "0.24.0"
                },
                "BISMARK_GENOMEPREPARATION": {
                    "bismark": "0.24.0"
                },
                "FASTQC": {
                    "fastqc": "0.12.1"
                },
                "QUALIMAP_BAMQC": {
                    "qualimap": 2.3
                },
                "TRIMGALORE": {
                    "trimgalore": "0.6.7",
                    "cutadapt": 3.4
                },
                "Workflow": {
                    "nf-core/methylseq": "v2.7.0dev"
                }
            },
            [
                "bismark_hisat",
                "alignments",
                "Ecoli_1_val_1_bismark_hisat2_pe.bam",
                "SRR389222_sub1_trimmed_bismark_hisat2.bam",
                "SRR389222_sub2_trimmed_bismark_hisat2.bam",
                "SRR389222_sub3_trimmed_bismark_hisat2.bam",
                "logs",
                "Ecoli_1_val_1_bismark_hisat2_PE_report.txt",
                "SRR389222_sub1_trimmed_bismark_hisat2_SE_report.txt",
                "SRR389222_sub2_trimmed_bismark_hisat2_SE_report.txt",
                "SRR389222_sub3_trimmed_bismark_hisat2_SE_report.txt",
                "deduplicated",
                "Ecoli.deduplicated.sorted.bam",
                "Ecoli.deduplicated.sorted.bam.bai",
                "SRR389222_sub1.deduplicated.sorted.bam",
                "SRR389222_sub1.deduplicated.sorted.bam.bai",
                "SRR389222_sub2.deduplicated.sorted.bam",
                "SRR389222_sub2.deduplicated.sorted.bam.bai",
                "SRR389222_sub3.deduplicated.sorted.bam",
                "SRR389222_sub3.deduplicated.sorted.bam.bai",
                "methylation_calls",
                "bedGraph",
                "Ecoli_1_val_1_bismark_hisat2_pe.bedGraph.gz",
                "SRR389222_sub1_trimmed_bismark_hisat2.bedGraph.gz",
                "SRR389222_sub2_trimmed_bismark_hisat2.bedGraph.gz",
                "SRR389222_sub3_trimmed_bismark_hisat2.bedGraph.gz",
                "mbias",
                "Ecoli_1_val_1_bismark_hisat2_pe.M-bias.txt",
                "SRR389222_sub1_trimmed_bismark_hisat2.M-bias.txt",
                "SRR389222_sub2_trimmed_bismark_hisat2.M-bias.txt",
                "SRR389222_sub3_trimmed_bismark_hisat2.M-bias.txt",
                "methylation_calls",
                "CHG_OB_Ecoli_1_val_1_bismark_hisat2_pe.txt.gz",
                "CHG_OB_SRR389222_sub1_trimmed_bismark_hisat2.txt.gz",
                "CHG_OB_SRR389222_sub2_trimmed_bismark_hisat2.txt.gz",
                "CHG_OB_SRR389222_sub3_trimmed_bismark_hisat2.txt.gz",
                "CHG_OT_Ecoli_1_val_1_bismark_hisat2_pe.txt.gz",
                "CHG_OT_SRR389222_sub1_trimmed_bismark_hisat2.txt.gz",
                "CHG_OT_SRR389222_sub2_trimmed_bismark_hisat2.txt.gz",
                "CHG_OT_SRR389222_sub3_trimmed_bismark_hisat2.txt.gz",
                "CHH_OB_Ecoli_1_val_1_bismark_hisat2_pe.txt.gz",
                "CHH_OB_SRR389222_sub1_trimmed_bismark_hisat2.txt.gz",
                "CHH_OB_SRR389222_sub2_trimmed_bismark_hisat2.txt.gz",
                "CHH_OB_SRR389222_sub3_trimmed_bismark_hisat2.txt.gz",
                "CHH_OT_Ecoli_1_val_1_bismark_hisat2_pe.txt.gz",
                "CHH_OT_SRR389222_sub1_trimmed_bismark_hisat2.txt.gz",
                "CHH_OT_SRR389222_sub2_trimmed_bismark_hisat2.txt.gz",
                "CHH_OT_SRR389222_sub3_trimmed_bismark_hisat2.txt.gz",
                "CpG_OB_Ecoli_1_val_1_bismark_hisat2_pe.txt.gz",
                "CpG_OB_SRR389222_sub1_trimmed_bismark_hisat2.txt.gz",
                "CpG_OB_SRR389222_sub2_trimmed_bismark_hisat2.txt.gz",
                "CpG_OB_SRR389222_sub3_trimmed_bismark_hisat2.txt.gz",
                "CpG_OT_Ecoli_1_val_1_bismark_hisat2_pe.txt.gz",
                "CpG_OT_SRR389222_sub1_trimmed_bismark_hisat2.txt.gz",
                "CpG_OT_SRR389222_sub2_trimmed_bismark_hisat2.txt.gz",
                "CpG_OT_SRR389222_sub3_trimmed_bismark_hisat2.txt.gz",
                "methylation_coverage",
                "Ecoli_1_val_1_bismark_hisat2_pe.bismark.cov.gz",
                "SRR389222_sub1_trimmed_bismark_hisat2.bismark.cov.gz",
                "SRR389222_sub2_trimmed_bismark_hisat2.bismark.cov.gz",
                "SRR389222_sub3_trimmed_bismark_hisat2.bismark.cov.gz",
                "splitting_report",
                "Ecoli_1_val_1_bismark_hisat2_pe_splitting_report.txt",
                "SRR389222_sub1_trimmed_bismark_hisat2_splitting_report.txt",
                "SRR389222_sub2_trimmed_bismark_hisat2_splitting_report.txt",
                "SRR389222_sub3_trimmed_bismark_hisat2_splitting_report.txt",
                "reports",
                "Ecoli_1_val_1_bismark_hisat2_PE_report.html",
                "SRR389222_sub1_trimmed_bismark_hisat2_SE_report.html",
                "SRR389222_sub2_trimmed_bismark_hisat2_SE_report.html",
                "SRR389222_sub3_trimmed_bismark_hisat2_SE_report.html",
                "summary",
                "bismark_summary_report.html",
                "bismark_summary_report.txt",
                "fastqc",
                "Ecoli_1_fastqc.html",
                "Ecoli_2_fastqc.html",
                "SRR389222_sub1_fastqc.html",
                "SRR389222_sub2_fastqc.html",
                "SRR389222_sub3_fastqc.html",
                "zips",
                "Ecoli_1_fastqc.zip",
                "Ecoli_2_fastqc.zip",
                "SRR389222_sub1_fastqc.zip",
                "SRR389222_sub2_fastqc.zip",
                "SRR389222_sub3_fastqc.zip",
                "multiqc",
                "bismark_hisat",
                "multiqc_data",
                "bismark-methylation-dp.txt",
                "bismark_alignment.txt",
                "bismark_mbias_CHG_R1.txt",
                "bismark_mbias_CHG_R2.txt",
                "bismark_mbias_CHH_R1.txt",
                "bismark_mbias_CHH_R2.txt",
                "bismark_mbias_CpG_R1.txt",
                "bismark_mbias_CpG_R2.txt",
                "bismark_strand_alignment.txt",
                "cutadapt_filtered_reads_plot.txt",
                "cutadapt_trimmed_sequences_plot_3_Counts.txt",
                "cutadapt_trimmed_sequences_plot_3_Obs_Exp.txt",
                "fastqc-status-check-heatmap.txt",
                "fastqc_adapter_content_plot.txt",
                "fastqc_overrepresented_sequences_plot.txt",
                "fastqc_per_base_n_content_plot.txt",
                "fastqc_per_base_sequence_quality_plot.txt",
                "fastqc_per_sequence_gc_content_plot_Counts.txt",
                "fastqc_per_sequence_gc_content_plot_Percentages.txt",
                "fastqc_per_sequence_quality_scores_plot.txt",
                "fastqc_sequence_counts_plot.txt",
                "fastqc_sequence_duplication_levels_plot.txt",
                "fastqc_top_overrepresented_sequences_table.txt",
                "multiqc.log",
                "multiqc_bismark_alignment.txt",
                "multiqc_bismark_methextract.txt",
                "multiqc_citations.txt",
                "multiqc_cutadapt.txt",
                "multiqc_data.json",
                "multiqc_fastqc.txt",
                "multiqc_general_stats.txt",
                "multiqc_qualimap_bamqc_genome_results.txt",
                "multiqc_software_versions.txt",
                "multiqc_sources.txt",
                "qualimap_coverage_histogram.txt",
                "qualimap_gc_content.txt",
                "qualimap_genome_fraction.txt",
                "qualimap_insert_size.txt",
                "multiqc_plots",
                "pdf",
                "bismark-methylation-dp.pdf",
                "bismark_alignment-cnt.pdf",
                "bismark_alignment-pct.pdf",
                "bismark_mbias_CHG_R1.pdf",
                "bismark_mbias_CHG_R2.pdf",
                "bismark_mbias_CHH_R1.pdf",
                "bismark_mbias_CHH_R2.pdf",
                "bismark_mbias_CpG_R1.pdf",
                "bismark_mbias_CpG_R2.pdf",
                "bismark_strand_alignment-cnt.pdf",
                "bismark_strand_alignment-pct.pdf",
                "cutadapt_filtered_reads_plot-cnt.pdf",
                "cutadapt_filtered_reads_plot-pct.pdf",
                "cutadapt_trimmed_sequences_plot_3_Counts.pdf",
                "cutadapt_trimmed_sequences_plot_3_Obs_Exp.pdf",
                "fastqc-status-check-heatmap.pdf",
                "fastqc_adapter_content_plot.pdf",
                "fastqc_overrepresented_sequences_plot.pdf",
                "fastqc_per_base_n_content_plot.pdf",
                "fastqc_per_base_sequence_quality_plot.pdf",
                "fastqc_per_sequence_gc_content_plot_Counts.pdf",
                "fastqc_per_sequence_gc_content_plot_Percentages.pdf",
                "fastqc_per_sequence_quality_scores_plot.pdf",
                "fastqc_sequence_counts_plot-cnt.pdf",
                "fastqc_sequence_counts_plot-pct.pdf",
                "fastqc_sequence_duplication_levels_plot.pdf",
                "fastqc_top_overrepresented_sequences_table.pdf",
                "general_stats_table.pdf",
                "qualimap_coverage_histogram.pdf",
                "qualimap_gc_content.pdf",
                "qualimap_genome_fraction.pdf",
                "qualimap_insert_size.pdf",
                "png",
                "bismark-methylation-dp.png",
                "bismark_alignment-cnt.png",
                "bismark_alignment-pct.png",
                "bismark_mbias_CHG_R1.png",
                "bismark_mbias_CHG_R2.png",
                "bismark_mbias_CHH_R1.png",
                "bismark_mbias_CHH_R2.png",
                "bismark_mbias_CpG_R1.png",
                "bismark_mbias_CpG_R2.png",
                "bismark_strand_alignment-cnt.png",
                "bismark_strand_alignment-pct.png",
                "cutadapt_filtered_reads_plot-cnt.png",
                "cutadapt_filtered_reads_plot-pct.png",
                "cutadapt_trimmed_sequences_plot_3_Counts.png",
                "cutadapt_trimmed_sequences_plot_3_Obs_Exp.png",
                "fastqc-status-check-heatmap.png",
                "fastqc_adapter_content_plot.png",
                "fastqc_overrepresented_sequences_plot.png",
                "fastqc_per_base_n_content_plot.png",
                "fastqc_per_base_sequence_quality_plot.png",
                "fastqc_per_sequence_gc_content_plot_Counts.png",
                "fastqc_per_sequence_gc_content_plot_Percentages.png",
                "fastqc_per_sequence_quality_scores_plot.png",
                "fastqc_sequence_counts_plot-cnt.png",
                "fastqc_sequence_counts_plot-pct.png",
                "fastqc_sequence_duplication_levels_plot.png",
                "fastqc_top_overrepresented_sequences_table.png",
                "general_stats_table.png",
                "qualimap_coverage_histogram.png",
                "qualimap_gc_content.png",
                "qualimap_genome_fraction.png",
                "qualimap_insert_size.png",
                "svg",
                "bismark-methylation-dp.svg",
                "bismark_alignment-cnt.svg",
                "bismark_alignment-pct.svg",
                "bismark_mbias_CHG_R1.svg",
                "bismark_mbias_CHG_R2.svg",
                "bismark_mbias_CHH_R1.svg",
                "bismark_mbias_CHH_R2.svg",
                "bismark_mbias_CpG_R1.svg",
                "bismark_mbias_CpG_R2.svg",
                "bismark_strand_alignment-cnt.svg",
                "bismark_strand_alignment-pct.svg",
                "cutadapt_filtered_reads_plot-cnt.svg",
                "cutadapt_filtered_reads_plot-pct.svg",
                "cutadapt_trimmed_sequences_plot_3_Counts.svg",
                "cutadapt_trimmed_sequences_plot_3_Obs_Exp.svg",
                "fastqc-status-check-heatmap.svg",
                "fastqc_adapter_content_plot.svg",
                "fastqc_overrepresented_sequences_plot.svg",
                "fastqc_per_base_n_content_plot.svg",
                "fastqc_per_base_sequence_quality_plot.svg",
                "fastqc_per_sequence_gc_content_plot_Counts.svg",
                "fastqc_per_sequence_gc_content_plot_Percentages.svg",
                "fastqc_per_sequence_quality_scores_plot.svg",
                "fastqc_sequence_counts_plot-cnt.svg",
                "fastqc_sequence_counts_plot-pct.svg",
                "fastqc_sequence_duplication_levels_plot.svg",
                "fastqc_top_overrepresented_sequences_table.svg",
                "general_stats_table.svg",
                "qualimap_coverage_histogram.svg",
                "qualimap_gc_content.svg",
                "qualimap_genome_fraction.svg",
                "qualimap_insert_size.svg",
                "multiqc_report.html",
                "pipeline_info",
                "nf_core_pipeline_software_mqc_versions.yml",
                "qualimap",
                "Ecoli",
                "css",
                "agogo.css",
                "ajax-loader.gif",
                "basic.css",
                "bgfooter.png",
                "bgtop.png",
                "comment-bright.png",
                "comment-close.png",
                "comment.png",
                "doctools.js",
                "down-pressed.png",
                "down.png",
                "file.png",
                "jquery.js",
                "minus.png",
                "plus.png",
                "pygments.css",
                "qualimap_logo_small.png",
                "report.css",
                "searchtools.js",
                "underscore.js",
                "up-pressed.png",
                "up.png",
                "websupport.js",
                "genome_results.txt",
                "images_qualimapReport",
                "genome_coverage_0to50_histogram.png",
                "genome_coverage_across_reference.png",
                "genome_coverage_histogram.png",
                "genome_coverage_quotes.png",
                "genome_gc_content_per_window.png",
                "genome_insert_size_across_reference.png",
                "genome_insert_size_histogram.png",
                "genome_mapping_quality_across_reference.png",
                "genome_mapping_quality_histogram.png",
                "genome_reads_content_per_read_position.png",
                "genome_uniq_read_starts_histogram.png",
                "qualimapReport.html",
                "raw_data_qualimapReport",
                "coverage_across_reference.txt",
                "coverage_histogram.txt",
                "duplication_rate_histogram.txt",
                "genome_fraction_coverage.txt",
                "insert_size_across_reference.txt",
                "insert_size_histogram.txt",
                "mapped_reads_gc-content_distribution.txt",
                "mapped_reads_nucleotide_content.txt",
                "mapping_quality_across_reference.txt",
                "mapping_quality_histogram.txt",
                "SRR389222_sub1",
                "css",
                "agogo.css",
                "ajax-loader.gif",
                "basic.css",
                "bgfooter.png",
                "bgtop.png",
                "comment-bright.png",
                "comment-close.png",
                "comment.png",
                "doctools.js",
                "down-pressed.png",
                "down.png",
                "file.png",
                "jquery.js",
                "minus.png",
                "plus.png",
                "pygments.css",
                "qualimap_logo_small.png",
                "report.css",
                "searchtools.js",
                "underscore.js",
                "up-pressed.png",
                "up.png",
                "websupport.js",
                "genome_results.txt",
                "images_qualimapReport",
                "genome_coverage_0to50_histogram.png",
                "genome_coverage_across_reference.png",
                "genome_coverage_histogram.png",
                "genome_coverage_quotes.png",
                "genome_gc_content_per_window.png",
                "genome_mapping_quality_across_reference.png",
                "genome_mapping_quality_histogram.png",
                "genome_reads_content_per_read_position.png",
                "genome_uniq_read_starts_histogram.png",
                "qualimapReport.html",
                "raw_data_qualimapReport",
                "coverage_across_reference.txt",
                "coverage_histogram.txt",
                "duplication_rate_histogram.txt",
                "genome_fraction_coverage.txt",
                "mapped_reads_gc-content_distribution.txt",
                "mapped_reads_nucleotide_content.txt",
                "mapping_quality_across_reference.txt",
                "mapping_quality_histogram.txt",
                "SRR389222_sub2",
                "css",
                "agogo.css",
                "ajax-loader.gif",
                "basic.css",
                "bgfooter.png",
                "bgtop.png",
                "comment-bright.png",
                "comment-close.png",
                "comment.png",
                "doctools.js",
                "down-pressed.png",
                "down.png",
                "file.png",
                "jquery.js",
                "minus.png",
                "plus.png",
                "pygments.css",
                "qualimap_logo_small.png",
                "report.css",
                "searchtools.js",
                "underscore.js",
                "up-pressed.png",
                "up.png",
                "websupport.js",
                "genome_results.txt",
                "images_qualimapReport",
                "genome_coverage_0to50_histogram.png",
                "genome_coverage_across_reference.png",
                "genome_coverage_histogram.png",
                "genome_coverage_quotes.png",
                "genome_gc_content_per_window.png",
                "genome_mapping_quality_across_reference.png",
                "genome_mapping_quality_histogram.png",
                "genome_reads_content_per_read_position.png",
                "genome_uniq_read_starts_histogram.png",
                "qualimapReport.html",
                "raw_data_qualimapReport",
                "coverage_across_reference.txt",
                "coverage_histogram.txt",
                "duplication_rate_histogram.txt",
                "genome_fraction_coverage.txt",
                "mapped_reads_gc-content_distribution.txt",
                "mapped_reads_nucleotide_content.txt",
                "mapping_quality_across_reference.txt",
                "mapping_quality_histogram.txt",
                "SRR389222_sub3",
                "css",
                "agogo.css",
                "ajax-loader.gif",
                "basic.css",
                "bgfooter.png",
                "bgtop.png",
                "comment-bright.png",
                "comment-close.png",
                "comment.png",
                "doctools.js",
                "down-pressed.png",
                "down.png",
                "file.png",
                "jquery.js",
                "minus.png",
                "plus.png",
                "pygments.css",
                "qualimap_logo_small.png",
                "report.css",
                "searchtools.js",
                "underscore.js",
                "up-pressed.png",
                "up.png",
                "websupport.js",
                "genome_results.txt",
                "images_qualimapReport",
                "genome_coverage_0to50_histogram.png",
                "genome_coverage_across_reference.png",
                "genome_coverage_histogram.png",
                "genome_coverage_quotes.png",
                "genome_gc_content_per_window.png",
                "genome_mapping_quality_across_reference.png",
                "genome_mapping_quality_histogram.png",
                "genome_reads_content_per_read_position.png",
                "genome_uniq_read_starts_histogram.png",
                "qualimapReport.html",
                "raw_data_qualimapReport",
                "coverage_across_reference.txt",
                "coverage_histogram.txt",
                "duplication_rate_histogram.txt",
                "genome_fraction_coverage.txt",
                "mapped_reads_gc-content_distribution.txt",
                "mapped_reads_nucleotide_content.txt",
                "mapping_quality_across_reference.txt",
                "mapping_quality_histogram.txt",
                "trimgalore",
                "fastqc",
                "Ecoli_1_val_1_fastqc.html",
                "Ecoli_2_val_2_fastqc.html",
                "SRR389222_sub1_trimmed_fastqc.html",
                "SRR389222_sub2_trimmed_fastqc.html",
                "SRR389222_sub3_trimmed_fastqc.html",
                "zips",
                "Ecoli_1_val_1_fastqc.zip",
                "Ecoli_2_val_2_fastqc.zip",
                "SRR389222_sub1_trimmed_fastqc.zip",
                "SRR389222_sub2_trimmed_fastqc.zip",
                "SRR389222_sub3_trimmed_fastqc.zip",
                "logs",
                "Ecoli_1.fastq.gz_trimming_report.txt",
                "Ecoli_2.fastq.gz_trimming_report.txt",
                "SRR389222_sub1.fastq.gz_trimming_report.txt",
                "SRR389222_sub2.fastq.gz_trimming_report.txt",
                "SRR389222_sub3.fastq.gz_trimming_report.txt"
            ],
            [
                "Ecoli_1_val_1_bismark_hisat2_pe.bam:md5,c3a93aa0259bfc9db0d80753e23df86f",
                "SRR389222_sub1_trimmed_bismark_hisat2.bam:md5,bdb80bc44db0e658917ad335221b7a78",
                "SRR389222_sub2_trimmed_bismark_hisat2.bam:md5,fd4f865cd43726591669b8e25537acc5",
                "SRR389222_sub3_trimmed_bismark_hisat2.bam:md5,01500cb49bc1e9c4005a0c885ebe0b0e",
                "Ecoli.deduplicated.sorted.bam:md5,98fb728bbe08ec4b12024e875f7ec567",
                "Ecoli.deduplicated.sorted.bam.bai:md5,e37301eb7ae7b9a94d2d0598774dd00e",
                "SRR389222_sub1.deduplicated.sorted.bam:md5,a419368f7c3642fb005e2638b0fd3978",
                "SRR389222_sub1.deduplicated.sorted.bam.bai:md5,1b552733ac74e9b9644a98ca74404435",
                "SRR389222_sub2.deduplicated.sorted.bam:md5,29bb02dc3aeb8ea4f522dfe1ba7448a2",
                "SRR389222_sub2.deduplicated.sorted.bam.bai:md5,3a0dc72edb58a5079942870c138bec91",
                "SRR389222_sub3.deduplicated.sorted.bam:md5,869e558bb3e8d49d459b8a8a102417c5",
                "SRR389222_sub3.deduplicated.sorted.bam.bai:md5,625147f7cea1ee7b0ec948591c444f59",
                "Ecoli_1_val_1_bismark_hisat2_pe.bedGraph.gz:md5,2a7ce2fa94f55ee50edaf8d3f8443d5c",
                "SRR389222_sub1_trimmed_bismark_hisat2.bedGraph.gz:md5,c4996062e2205ef8e0d93d1b5de02f23",
                "SRR389222_sub2_trimmed_bismark_hisat2.bedGraph.gz:md5,506e1a5c19e55928c6d78040a4d153f9",
                "SRR389222_sub3_trimmed_bismark_hisat2.bedGraph.gz:md5,67f9aefdec2951f0823ccfe89f9f1894",
                "Ecoli_1_val_1_bismark_hisat2_pe.M-bias.txt:md5,bae28e629abe7f96d5cf91290a78c804",
                "SRR389222_sub1_trimmed_bismark_hisat2.M-bias.txt:md5,f7cc37d3dfdecd62c5f32b6ae086b4e3",
                "SRR389222_sub2_trimmed_bismark_hisat2.M-bias.txt:md5,33ce1d8bc3df953b22ef2b68a4942266",
                "SRR389222_sub3_trimmed_bismark_hisat2.M-bias.txt:md5,11295dffff67d052074952cb39f1f851",
                "CHG_OB_Ecoli_1_val_1_bismark_hisat2_pe.txt.gz:md5,d8184f599ae7b4c094ef05849a1a42d5",
                "CHG_OB_SRR389222_sub1_trimmed_bismark_hisat2.txt.gz:md5,c8ccffe89627f497f9b542400c9db8c2",
                "CHG_OB_SRR389222_sub2_trimmed_bismark_hisat2.txt.gz:md5,13f6da1e75015ef7fbb7366201dce499",
                "CHG_OB_SRR389222_sub3_trimmed_bismark_hisat2.txt.gz:md5,27e179be25dad9ed0af9a21232df5127",
                "CHG_OT_Ecoli_1_val_1_bismark_hisat2_pe.txt.gz:md5,5e5aefaa3f63e73f30342ad843eb210b",
                "CHG_OT_SRR389222_sub1_trimmed_bismark_hisat2.txt.gz:md5,82d7280ae87e170de221d843c5077c2e",
                "CHG_OT_SRR389222_sub2_trimmed_bismark_hisat2.txt.gz:md5,90140020ed0ab6c06c3c4722767a1471",
                "CHG_OT_SRR389222_sub3_trimmed_bismark_hisat2.txt.gz:md5,5d333b65e4c05285378668ab97c2a0a2",
                "CHH_OB_Ecoli_1_val_1_bismark_hisat2_pe.txt.gz:md5,13113a541e70f8ee195d1ea48c4e39bc",
                "CHH_OB_SRR389222_sub1_trimmed_bismark_hisat2.txt.gz:md5,ddedeb6dcd4cc268d3db74e040fe21c3",
                "CHH_OB_SRR389222_sub2_trimmed_bismark_hisat2.txt.gz:md5,033f65a4798754b970c1c5df768cc8c2",
                "CHH_OB_SRR389222_sub3_trimmed_bismark_hisat2.txt.gz:md5,6720d12dd972182a791cc1c23b4d33d9",
                "CHH_OT_Ecoli_1_val_1_bismark_hisat2_pe.txt.gz:md5,978ad87fef01e39283a620253320ee45",
                "CHH_OT_SRR389222_sub1_trimmed_bismark_hisat2.txt.gz:md5,5accb06d6d1b70aa2f83ebd18fcb9330",
                "CHH_OT_SRR389222_sub2_trimmed_bismark_hisat2.txt.gz:md5,bebbc624b5cb7a676e60ed6ea114cdcf",
                "CHH_OT_SRR389222_sub3_trimmed_bismark_hisat2.txt.gz:md5,2d17ffad2a6d1f4b7eea0cbedbeb79f4",
                "CpG_OB_Ecoli_1_val_1_bismark_hisat2_pe.txt.gz:md5,dc2a2f1a5529fa9d43420dcc737fedde",
                "CpG_OB_SRR389222_sub1_trimmed_bismark_hisat2.txt.gz:md5,de4d16b8cd3df06eb1bde968f8713f5a",
                "CpG_OB_SRR389222_sub2_trimmed_bismark_hisat2.txt.gz:md5,a7b1cc07884bd0d59aafed49974c6df9",
                "CpG_OB_SRR389222_sub3_trimmed_bismark_hisat2.txt.gz:md5,d0f21eed538ec25ec9b158ad093cf869",
                "CpG_OT_Ecoli_1_val_1_bismark_hisat2_pe.txt.gz:md5,9712eef973883f44dcc0a307af28ba70",
                "CpG_OT_SRR389222_sub1_trimmed_bismark_hisat2.txt.gz:md5,bdc5927a78c1e4eb32b96d194569112b",
                "CpG_OT_SRR389222_sub2_trimmed_bismark_hisat2.txt.gz:md5,ba36b4209a4c72badf29cac8cc694960",
                "CpG_OT_SRR389222_sub3_trimmed_bismark_hisat2.txt.gz:md5,50022ba73d028884c6c6cc9375c772ee",
                "Ecoli_1_val_1_bismark_hisat2_pe.bismark.cov.gz:md5,8a41b5bf3c33a43712cc148dbc787648",
                "SRR389222_sub1_trimmed_bismark_hisat2.bismark.cov.gz:md5,83ef8455fd0e7d5c7a79180fe078a428",
                "SRR389222_sub2_trimmed_bismark_hisat2.bismark.cov.gz:md5,00b8c3211d283175a86c410715e6890e",
                "SRR389222_sub3_trimmed_bismark_hisat2.bismark.cov.gz:md5,35dec1457f32eb9bbbb3b6cceeae2480",
                "bismark-methylation-dp.txt:md5,a9c624387dac15e49588691bed30da60",
                "bismark_alignment.txt:md5,164ddddea524f8fc674c6831aca13458",
                "bismark_mbias_CHG_R1.txt:md5,30f41eac335c1ef4b2c4c801b35505a0",
                "bismark_mbias_CHG_R2.txt:md5,530f0b0f3d1d07c21024c096c06e1efe",
                "bismark_mbias_CHH_R1.txt:md5,95212e9b539420810afa535466e88413",
                "bismark_mbias_CHH_R2.txt:md5,7bbf2d755fb0d7804a9f66a3c3b80465",
                "bismark_mbias_CpG_R1.txt:md5,35f2ac3e604b4e5160235308112aa303",
                "bismark_mbias_CpG_R2.txt:md5,f2df4bf67b2375dd1e0a51f9e7558ef1",
                "bismark_strand_alignment.txt:md5,aac855beb57e6024e075f679e6d961f5",
                "cutadapt_filtered_reads_plot.txt:md5,0ce9197c7bd7b3f28a3b3a138f0fa7ac",
                "cutadapt_trimmed_sequences_plot_3_Counts.txt:md5,d26da65930f05d6bf9d0f1108448fa28",
                "cutadapt_trimmed_sequences_plot_3_Obs_Exp.txt:md5,b2efa644f2e7490dc27d2e100e438ebd",
                "fastqc-status-check-heatmap.txt:md5,230dfd84f4b57666319047198394ca60",
                "fastqc_adapter_content_plot.txt:md5,8910f0d1c3e966a2d5cceaa5f127257d",
                "fastqc_overrepresented_sequences_plot.txt:md5,7402f1164f8aa05406703fb0c18b4428",
                "fastqc_per_base_n_content_plot.txt:md5,d852ed1029342edc9981ad3105abaedb",
                "fastqc_per_base_sequence_quality_plot.txt:md5,1e9c4701fdb3367be21980455010010a",
                "fastqc_per_sequence_gc_content_plot_Counts.txt:md5,af5e3874769dcda665730aaef2b76e9e",
                "fastqc_per_sequence_gc_content_plot_Percentages.txt:md5,7b21b780b32694e8a4107285f5037e42",
                "fastqc_per_sequence_quality_scores_plot.txt:md5,d41664b3ad203d095aee006588c93298",
                "fastqc_sequence_counts_plot.txt:md5,47e0b371031eb1fad2cd6be86206265b",
                "fastqc_sequence_duplication_levels_plot.txt:md5,00b66074303680ddba5a5f7dd9ab71cc",
                "multiqc_bismark_alignment.txt:md5,b4d0a1a3ce642b9da48198377822f352",
                "multiqc_bismark_methextract.txt:md5,9bfa6a19b6dc99b6c9ab0b5d97783563",
                "multiqc_citations.txt:md5,b9d42869faad581bd963d3d3bb490026",
                "multiqc_cutadapt.txt:md5,75a6c55468d07b9391a2f2f4ceeabd3e",
                "multiqc_software_versions.txt:md5,514aa3d6efcd5828b1e5e85b5c82f198",
                "qualimap_coverage_histogram.txt:md5,634bd701e96fe0b40a2158d53a8d966f",
                "qualimap_gc_content.txt:md5,365e991744671a88a072ccf6f6f7e97c",
                "qualimap_genome_fraction.txt:md5,4b8eb627a92815475ef447856005019e",
                "qualimap_insert_size.txt:md5,f4304b6cd88219729b621fbbbcb88b78",
                "bgfooter.png:md5,ed01bb040346e4623cc87de331ddb4e1",
                "bgtop.png:md5,626a50532dc6e5adbdd968746ef318e8",
                "comment-bright.png:md5,0c850bb4920b581bf5e5dba5fa493a64",
                "comment-close.png:md5,2635dda49c823e8122d4d11ed385f33d",
                "comment.png:md5,882e40f3d6a16c6ed35659b105251525",
                "down-pressed.png:md5,ebe8979581eda700fb234a73c661a4b9",
                "down.png:md5,f6f3c819cc7ca27d7fd3347e5e7ffe0f",
                "file.png:md5,6587e59c55e626744eb6fc11129d99a7",
                "minus.png:md5,8d572395aa95c89584a09813ada4dfa1",
                "plus.png:md5,0125e6faa04e2cf0141a2d599d3bb220",
                "qualimap_logo_small.png:md5,7526f145a97be4682fd59e27dda4f71b",
                "up-pressed.png:md5,8ea9bd109342f87fee97943b479c6f7e",
                "up.png:md5,ecc373278454cc8ecc12d6ca69e55b36",
                "genome_results.txt:md5,8e058cef260e8ae3a18192370b959044",
                "genome_coverage_0to50_histogram.png:md5,2a526b37499af45407b0eb2579029759",
                "genome_coverage_across_reference.png:md5,3d0c4a65127eb674fbd36515c8f8ac9d",
                "genome_coverage_histogram.png:md5,cc024018adc91ffdbb5d000a3eb3ac10",
                "genome_coverage_quotes.png:md5,a80e5712029853dc7d033dc8f0c1f9f6",
                "genome_gc_content_per_window.png:md5,0b0954cb06d0b290a6461d80fa45476f",
                "genome_insert_size_across_reference.png:md5,59553276c8ab34880608815d403aeebc",
                "genome_insert_size_histogram.png:md5,f1ded2bd983988408343507ee9797e2b",
                "genome_mapping_quality_across_reference.png:md5,f9c7924bc1a904c0c76dc75891437a02",
                "genome_mapping_quality_histogram.png:md5,c85330e174864a89fd3a3f5816ae8730",
                "genome_reads_content_per_read_position.png:md5,57d98c2ff605eec9289cf8c5d32fbb79",
                "genome_uniq_read_starts_histogram.png:md5,c232c576632b5633ca399afc919096e7",
                "coverage_across_reference.txt:md5,2800df304332dbb1951a7a5c043efba8",
                "coverage_histogram.txt:md5,8c3058ded8d71f3b8b236830da6a9c3a",
                "duplication_rate_histogram.txt:md5,d5f25ad3572b98880b6904dcf4b3ed25",
                "genome_fraction_coverage.txt:md5,aeff263b1dfb73f2a9053391efbb3eb2",
                "insert_size_across_reference.txt:md5,ce74265bac6e3182ca99cd25661ea525",
                "insert_size_histogram.txt:md5,e9f571e90fa7892568462abe5aed45e1",
                "mapped_reads_gc-content_distribution.txt:md5,739126c06702ab66c47dbaf9a00d4ca8",
                "mapped_reads_nucleotide_content.txt:md5,92da269b965e299449cbc96434b6a311",
                "mapping_quality_across_reference.txt:md5,d8eb7443b1c992d48d7550f71901fb4f",
                "mapping_quality_histogram.txt:md5,6f67e84aeda3306440d452b0596ec560",
                "bgfooter.png:md5,ed01bb040346e4623cc87de331ddb4e1",
                "bgtop.png:md5,626a50532dc6e5adbdd968746ef318e8",
                "comment-bright.png:md5,0c850bb4920b581bf5e5dba5fa493a64",
                "comment-close.png:md5,2635dda49c823e8122d4d11ed385f33d",
                "comment.png:md5,882e40f3d6a16c6ed35659b105251525",
                "down-pressed.png:md5,ebe8979581eda700fb234a73c661a4b9",
                "down.png:md5,f6f3c819cc7ca27d7fd3347e5e7ffe0f",
                "file.png:md5,6587e59c55e626744eb6fc11129d99a7",
                "minus.png:md5,8d572395aa95c89584a09813ada4dfa1",
                "plus.png:md5,0125e6faa04e2cf0141a2d599d3bb220",
                "qualimap_logo_small.png:md5,7526f145a97be4682fd59e27dda4f71b",
                "up-pressed.png:md5,8ea9bd109342f87fee97943b479c6f7e",
                "up.png:md5,ecc373278454cc8ecc12d6ca69e55b36",
                "genome_results.txt:md5,ef3cdabf2d57a1473996a8bae40c7c4e",
                "genome_coverage_0to50_histogram.png:md5,173f755959660a8d4d2f0e44966a4f28",
                "genome_coverage_across_reference.png:md5,5d01577857e54a3dec6fbae3cf800a45",
                "genome_coverage_histogram.png:md5,21a378eac78bfc488452e824a7caeb06",
                "genome_coverage_quotes.png:md5,016458abce14522131eb198f9a3942d6",
                "genome_gc_content_per_window.png:md5,042f34d9a66cbc56cf1e6e60b5455357",
                "genome_mapping_quality_across_reference.png:md5,62a310f06a102f779e899ef934d5c5ef",
                "genome_mapping_quality_histogram.png:md5,4a6c3aa15abe33b99448f25ba41f02b6",
                "genome_reads_content_per_read_position.png:md5,f4061d4201cc63b10dedbfbaab4ff2b0",
                "genome_uniq_read_starts_histogram.png:md5,29b053700b50139bb059483860b928f1",
                "coverage_across_reference.txt:md5,d785cae37f9e96fb58859337faf101d0",
                "coverage_histogram.txt:md5,414c8015d54c5e9945f948c4ca10641d",
                "duplication_rate_histogram.txt:md5,9aa97c9b8648704a315a76d24a4dcd08",
                "genome_fraction_coverage.txt:md5,d0544bf103c499a5c830ff0c15a17a7e",
                "mapped_reads_gc-content_distribution.txt:md5,2b0f7516b4f8434fd7dd00c20e694576",
                "mapped_reads_nucleotide_content.txt:md5,b5401e205b2b1a40ab8d87c734f20cff",
                "mapping_quality_across_reference.txt:md5,821f14f3e7992389e598c679ffdd65b9",
                "mapping_quality_histogram.txt:md5,c7e96d7533b22435a0f1b2cdc932b5e3",
                "bgfooter.png:md5,ed01bb040346e4623cc87de331ddb4e1",
                "bgtop.png:md5,626a50532dc6e5adbdd968746ef318e8",
                "comment-bright.png:md5,0c850bb4920b581bf5e5dba5fa493a64",
                "comment-close.png:md5,2635dda49c823e8122d4d11ed385f33d",
                "comment.png:md5,882e40f3d6a16c6ed35659b105251525",
                "down-pressed.png:md5,ebe8979581eda700fb234a73c661a4b9",
                "down.png:md5,f6f3c819cc7ca27d7fd3347e5e7ffe0f",
                "file.png:md5,6587e59c55e626744eb6fc11129d99a7",
                "minus.png:md5,8d572395aa95c89584a09813ada4dfa1",
                "plus.png:md5,0125e6faa04e2cf0141a2d599d3bb220",
                "qualimap_logo_small.png:md5,7526f145a97be4682fd59e27dda4f71b",
                "up-pressed.png:md5,8ea9bd109342f87fee97943b479c6f7e",
                "up.png:md5,ecc373278454cc8ecc12d6ca69e55b36",
                "genome_results.txt:md5,adb76fc6beedf9ed4fca89ff86f38285",
                "genome_coverage_0to50_histogram.png:md5,7808d0dff575ca016968de2211c4ebe3",
                "genome_coverage_across_reference.png:md5,802bc9055c52a6c44f9f9e3181e70b62",
                "genome_coverage_histogram.png:md5,20d837f319d4e153a152d402450b2698",
                "genome_coverage_quotes.png:md5,a388a782f95760ccecec6cd62a0ed03a",
                "genome_gc_content_per_window.png:md5,f7fe16f30c4a80752101d697f87823b5",
                "genome_mapping_quality_across_reference.png:md5,112c901d1d3c111a14e043f2444b27a4",
                "genome_mapping_quality_histogram.png:md5,125957c73dcfa7a1701cf901e8e2044a",
                "genome_reads_content_per_read_position.png:md5,50f0d960f8525db22b59f2444881a6d1",
                "genome_uniq_read_starts_histogram.png:md5,0e3ee71eb8c5f0d4c94fa23e0cfac9b5",
                "coverage_across_reference.txt:md5,80e44cde33712a57b1c32206b163f3cc",
                "coverage_histogram.txt:md5,c71e48ab7a1cf05f15bab0b52f1a6e12",
                "duplication_rate_histogram.txt:md5,4e1ef3eeed9ee00203875a96814a9ee6",
                "genome_fraction_coverage.txt:md5,8b1ec9e1b6e1b12be141f1114f6393f2",
                "mapped_reads_gc-content_distribution.txt:md5,a4bb64ff38af6b44369911ebe9305b88",
                "mapped_reads_nucleotide_content.txt:md5,dfb9426d7f97d528483542b28332c1b7",
                "mapping_quality_across_reference.txt:md5,60ce410bf397b2795c43e2493ac7199e",
                "mapping_quality_histogram.txt:md5,d3aedabc9db365dd7e90130a08f5d478",
                "bgfooter.png:md5,ed01bb040346e4623cc87de331ddb4e1",
                "bgtop.png:md5,626a50532dc6e5adbdd968746ef318e8",
                "comment-bright.png:md5,0c850bb4920b581bf5e5dba5fa493a64",
                "comment-close.png:md5,2635dda49c823e8122d4d11ed385f33d",
                "comment.png:md5,882e40f3d6a16c6ed35659b105251525",
                "down-pressed.png:md5,ebe8979581eda700fb234a73c661a4b9",
                "down.png:md5,f6f3c819cc7ca27d7fd3347e5e7ffe0f",
                "file.png:md5,6587e59c55e626744eb6fc11129d99a7",
                "minus.png:md5,8d572395aa95c89584a09813ada4dfa1",
                "plus.png:md5,0125e6faa04e2cf0141a2d599d3bb220",
                "qualimap_logo_small.png:md5,7526f145a97be4682fd59e27dda4f71b",
                "up-pressed.png:md5,8ea9bd109342f87fee97943b479c6f7e",
                "up.png:md5,ecc373278454cc8ecc12d6ca69e55b36",
                "genome_results.txt:md5,e6a04bc09af73e24da46fa1734a87300",
                "genome_coverage_0to50_histogram.png:md5,fc2581c698f1e185b0e4cacad3aa134e",
                "genome_coverage_across_reference.png:md5,1a806765e8c95d7c8a839a53b384b3a3",
                "genome_coverage_histogram.png:md5,7ee655659f73086a67c9479141fcf0a2",
                "genome_coverage_quotes.png:md5,283c7c1318b29cd1dc85572d5226bcf2",
                "genome_gc_content_per_window.png:md5,d6a9b528cafd29cc51ab845ee010fa0f",
                "genome_mapping_quality_across_reference.png:md5,af48967bec418f07cf8261dedc7a9d04",
                "genome_mapping_quality_histogram.png:md5,1e32760c2ba50845f6199105dc95eba2",
                "genome_reads_content_per_read_position.png:md5,dd3b480404fcd20dc125ba3523dc0091",
                "genome_uniq_read_starts_histogram.png:md5,d4e2cbec0df4c65c95f01315a4b3c7e9",
                "coverage_across_reference.txt:md5,211e1684eda0bd087d07af4c0fb6163f",
                "coverage_histogram.txt:md5,c67070f34fb630f742492794a5c5017f",
                "duplication_rate_histogram.txt:md5,6b4dc34b148cfe0847d1c6060bdbe2ad",
                "genome_fraction_coverage.txt:md5,dad4a47d738252cdb543fe87c68b1912",
                "mapped_reads_gc-content_distribution.txt:md5,7f3d79714919d63ec88fe068c8f09e5c",
                "mapped_reads_nucleotide_content.txt:md5,f21eb0038edc58acd32a72a728267ec5",
                "mapping_quality_across_reference.txt:md5,ab5e08381037782f67d9c6884e3fca1c",
                "mapping_quality_histogram.txt:md5,cc73eb3f9587bf698070152596d19242"
            ]
        ],
        "meta": {
            "nf-test": "0.9.0",
            "nextflow": "24.04.4"
        },
        "timestamp": "2024-09-22T14:37:07.838774585"
    }
}
