{
    "Params: bismark | em_seq | clip_r1": {
        "content": [
            43,
            {
                "BISMARK_ALIGN": {
                    "bismark": "0.24.2"
                },
                "BISMARK_GENOMEPREPARATION": {
                    "bismark": "0.24.2"
                },
                "FASTQC": {
                    "fastqc": "0.12.1"
                },
                "QUALIMAP_BAMQC": {
                    "qualimap": 2.3
                },
                "TRIMGALORE": {
                    "trimgalore": "0.6.10",
                    "cutadapt": 4.9
                },
                "Workflow": {
                    "nf-core/methylseq": "v2.7.1"
                }
            },
            [
                "bismark",
                "bismark/alignments",
                "bismark/alignments/logs",
                "bismark/alignments/logs/Ecoli_10K_methylated_1_val_1_bismark_bt2_PE_report.txt",
                "bismark/alignments/logs/SRR389222_sub1_trimmed_bismark_bt2_SE_report.txt",
                "bismark/alignments/logs/SRR389222_sub2_trimmed_bismark_bt2_SE_report.txt",
                "bismark/alignments/logs/SRR389222_sub3_trimmed_bismark_bt2_SE_report.txt",
                "bismark/deduplicated",
                "bismark/deduplicated/Ecoli_10K_methylated.deduplicated.sorted.bam",
                "bismark/deduplicated/Ecoli_10K_methylated.deduplicated.sorted.bam.bai",
                "bismark/deduplicated/SRR389222_sub1.deduplicated.sorted.bam",
                "bismark/deduplicated/SRR389222_sub1.deduplicated.sorted.bam.bai",
                "bismark/deduplicated/SRR389222_sub2.deduplicated.sorted.bam",
                "bismark/deduplicated/SRR389222_sub2.deduplicated.sorted.bam.bai",
                "bismark/deduplicated/SRR389222_sub3.deduplicated.sorted.bam",
                "bismark/deduplicated/SRR389222_sub3.deduplicated.sorted.bam.bai",
                "bismark/deduplicated/logs",
                "bismark/deduplicated/logs/Ecoli_10K_methylated_1_val_1_bismark_bt2_pe.deduplication_report.txt",
                "bismark/deduplicated/logs/SRR389222_sub1_trimmed_bismark_bt2.deduplication_report.txt",
                "bismark/deduplicated/logs/SRR389222_sub2_trimmed_bismark_bt2.deduplication_report.txt",
                "bismark/deduplicated/logs/SRR389222_sub3_trimmed_bismark_bt2.deduplication_report.txt",
                "bismark/methylation_calls",
                "bismark/methylation_calls/bedGraph",
                "bismark/methylation_calls/bedGraph/Ecoli_10K_methylated_1_val_1_bismark_bt2_pe.deduplicated.bedGraph.gz",
                "bismark/methylation_calls/bedGraph/SRR389222_sub1_trimmed_bismark_bt2.deduplicated.bedGraph.gz",
                "bismark/methylation_calls/bedGraph/SRR389222_sub2_trimmed_bismark_bt2.deduplicated.bedGraph.gz",
                "bismark/methylation_calls/bedGraph/SRR389222_sub3_trimmed_bismark_bt2.deduplicated.bedGraph.gz",
                "bismark/methylation_calls/mbias",
                "bismark/methylation_calls/mbias/Ecoli_10K_methylated_1_val_1_bismark_bt2_pe.deduplicated.M-bias.txt",
                "bismark/methylation_calls/mbias/SRR389222_sub1_trimmed_bismark_bt2.deduplicated.M-bias.txt",
                "bismark/methylation_calls/mbias/SRR389222_sub2_trimmed_bismark_bt2.deduplicated.M-bias.txt",
                "bismark/methylation_calls/mbias/SRR389222_sub3_trimmed_bismark_bt2.deduplicated.M-bias.txt",
                "bismark/methylation_calls/methylation_calls",
                "bismark/methylation_calls/methylation_calls/CHG_OB_Ecoli_10K_methylated_1_val_1_bismark_bt2_pe.deduplicated.txt.gz",
                "bismark/methylation_calls/methylation_calls/CHG_OB_SRR389222_sub1_trimmed_bismark_bt2.deduplicated.txt.gz",
                "bismark/methylation_calls/methylation_calls/CHG_OB_SRR389222_sub2_trimmed_bismark_bt2.deduplicated.txt.gz",
                "bismark/methylation_calls/methylation_calls/CHG_OB_SRR389222_sub3_trimmed_bismark_bt2.deduplicated.txt.gz",
                "bismark/methylation_calls/methylation_calls/CHG_OT_Ecoli_10K_methylated_1_val_1_bismark_bt2_pe.deduplicated.txt.gz",
                "bismark/methylation_calls/methylation_calls/CHG_OT_SRR389222_sub1_trimmed_bismark_bt2.deduplicated.txt.gz",
                "bismark/methylation_calls/methylation_calls/CHG_OT_SRR389222_sub2_trimmed_bismark_bt2.deduplicated.txt.gz",
                "bismark/methylation_calls/methylation_calls/CHG_OT_SRR389222_sub3_trimmed_bismark_bt2.deduplicated.txt.gz",
                "bismark/methylation_calls/methylation_calls/CHH_OB_Ecoli_10K_methylated_1_val_1_bismark_bt2_pe.deduplicated.txt.gz",
                "bismark/methylation_calls/methylation_calls/CHH_OB_SRR389222_sub1_trimmed_bismark_bt2.deduplicated.txt.gz",
                "bismark/methylation_calls/methylation_calls/CHH_OB_SRR389222_sub2_trimmed_bismark_bt2.deduplicated.txt.gz",
                "bismark/methylation_calls/methylation_calls/CHH_OB_SRR389222_sub3_trimmed_bismark_bt2.deduplicated.txt.gz",
                "bismark/methylation_calls/methylation_calls/CHH_OT_Ecoli_10K_methylated_1_val_1_bismark_bt2_pe.deduplicated.txt.gz",
                "bismark/methylation_calls/methylation_calls/CHH_OT_SRR389222_sub1_trimmed_bismark_bt2.deduplicated.txt.gz",
                "bismark/methylation_calls/methylation_calls/CHH_OT_SRR389222_sub2_trimmed_bismark_bt2.deduplicated.txt.gz",
                "bismark/methylation_calls/methylation_calls/CHH_OT_SRR389222_sub3_trimmed_bismark_bt2.deduplicated.txt.gz",
                "bismark/methylation_calls/methylation_calls/CpG_OB_Ecoli_10K_methylated_1_val_1_bismark_bt2_pe.deduplicated.txt.gz",
                "bismark/methylation_calls/methylation_calls/CpG_OB_SRR389222_sub1_trimmed_bismark_bt2.deduplicated.txt.gz",
                "bismark/methylation_calls/methylation_calls/CpG_OB_SRR389222_sub2_trimmed_bismark_bt2.deduplicated.txt.gz",
                "bismark/methylation_calls/methylation_calls/CpG_OB_SRR389222_sub3_trimmed_bismark_bt2.deduplicated.txt.gz",
                "bismark/methylation_calls/methylation_calls/CpG_OT_Ecoli_10K_methylated_1_val_1_bismark_bt2_pe.deduplicated.txt.gz",
                "bismark/methylation_calls/methylation_calls/CpG_OT_SRR389222_sub1_trimmed_bismark_bt2.deduplicated.txt.gz",
                "bismark/methylation_calls/methylation_calls/CpG_OT_SRR389222_sub2_trimmed_bismark_bt2.deduplicated.txt.gz",
                "bismark/methylation_calls/methylation_calls/CpG_OT_SRR389222_sub3_trimmed_bismark_bt2.deduplicated.txt.gz",
                "bismark/methylation_calls/methylation_coverage",
                "bismark/methylation_calls/methylation_coverage/Ecoli_10K_methylated_1_val_1_bismark_bt2_pe.deduplicated.bismark.cov.gz",
                "bismark/methylation_calls/methylation_coverage/SRR389222_sub1_trimmed_bismark_bt2.deduplicated.bismark.cov.gz",
                "bismark/methylation_calls/methylation_coverage/SRR389222_sub2_trimmed_bismark_bt2.deduplicated.bismark.cov.gz",
                "bismark/methylation_calls/methylation_coverage/SRR389222_sub3_trimmed_bismark_bt2.deduplicated.bismark.cov.gz",
                "bismark/methylation_calls/splitting_report",
                "bismark/methylation_calls/splitting_report/Ecoli_10K_methylated_1_val_1_bismark_bt2_pe.deduplicated_splitting_report.txt",
                "bismark/methylation_calls/splitting_report/SRR389222_sub1_trimmed_bismark_bt2.deduplicated_splitting_report.txt",
                "bismark/methylation_calls/splitting_report/SRR389222_sub2_trimmed_bismark_bt2.deduplicated_splitting_report.txt",
                "bismark/methylation_calls/splitting_report/SRR389222_sub3_trimmed_bismark_bt2.deduplicated_splitting_report.txt",
                "bismark/reports",
                "bismark/reports/Ecoli_10K_methylated_1_val_1_bismark_bt2_PE_report.html",
                "bismark/reports/SRR389222_sub1_trimmed_bismark_bt2_SE_report.html",
                "bismark/reports/SRR389222_sub2_trimmed_bismark_bt2_SE_report.html",
                "bismark/reports/SRR389222_sub3_trimmed_bismark_bt2_SE_report.html",
                "bismark/summary",
                "bismark/summary/bismark_summary_report.html",
                "bismark/summary/bismark_summary_report.txt",
                "fastqc",
                "fastqc/Ecoli_10K_methylated_1_fastqc.html",
                "fastqc/Ecoli_10K_methylated_2_fastqc.html",
                "fastqc/SRR389222_sub1_fastqc.html",
                "fastqc/SRR389222_sub2_fastqc.html",
                "fastqc/SRR389222_sub3_fastqc.html",
                "fastqc/zips",
                "fastqc/zips/Ecoli_10K_methylated_1_fastqc.zip",
                "fastqc/zips/Ecoli_10K_methylated_2_fastqc.zip",
                "fastqc/zips/SRR389222_sub1_fastqc.zip",
                "fastqc/zips/SRR389222_sub2_fastqc.zip",
                "fastqc/zips/SRR389222_sub3_fastqc.zip",
                "multiqc",
                "multiqc/bismark",
                "multiqc/bismark/multiqc_data",
                "multiqc/bismark/multiqc_data/bismark-methylation-dp.txt",
                "multiqc/bismark/multiqc_data/bismark_alignment.txt",
                "multiqc/bismark/multiqc_data/bismark_deduplication.txt",
                "multiqc/bismark/multiqc_data/bismark_mbias_CHG_R1.txt",
                "multiqc/bismark/multiqc_data/bismark_mbias_CHG_R2.txt",
                "multiqc/bismark/multiqc_data/bismark_mbias_CHH_R1.txt",
                "multiqc/bismark/multiqc_data/bismark_mbias_CHH_R2.txt",
                "multiqc/bismark/multiqc_data/bismark_mbias_CpG_R1.txt",
                "multiqc/bismark/multiqc_data/bismark_mbias_CpG_R2.txt",
                "multiqc/bismark/multiqc_data/bismark_strand_alignment.txt",
                "multiqc/bismark/multiqc_data/cutadapt_filtered_reads_plot.txt",
                "multiqc/bismark/multiqc_data/cutadapt_trimmed_sequences_plot_3_Counts.txt",
                "multiqc/bismark/multiqc_data/cutadapt_trimmed_sequences_plot_3_Obs_Exp.txt",
                "multiqc/bismark/multiqc_data/fastqc-status-check-heatmap.txt",
                "multiqc/bismark/multiqc_data/fastqc_adapter_content_plot.txt",
                "multiqc/bismark/multiqc_data/fastqc_overrepresented_sequences_plot.txt",
                "multiqc/bismark/multiqc_data/fastqc_per_base_n_content_plot.txt",
                "multiqc/bismark/multiqc_data/fastqc_per_base_sequence_quality_plot.txt",
                "multiqc/bismark/multiqc_data/fastqc_per_sequence_gc_content_plot_Counts.txt",
                "multiqc/bismark/multiqc_data/fastqc_per_sequence_gc_content_plot_Percentages.txt",
                "multiqc/bismark/multiqc_data/fastqc_per_sequence_quality_scores_plot.txt",
                "multiqc/bismark/multiqc_data/fastqc_sequence_counts_plot.txt",
                "multiqc/bismark/multiqc_data/fastqc_sequence_duplication_levels_plot.txt",
                "multiqc/bismark/multiqc_data/fastqc_top_overrepresented_sequences_table.txt",
                "multiqc/bismark/multiqc_data/multiqc.log",
                "multiqc/bismark/multiqc_data/multiqc_bismark_alignment.txt",
                "multiqc/bismark/multiqc_data/multiqc_bismark_dedup.txt",
                "multiqc/bismark/multiqc_data/multiqc_bismark_methextract.txt",
                "multiqc/bismark/multiqc_data/multiqc_citations.txt",
                "multiqc/bismark/multiqc_data/multiqc_cutadapt.txt",
                "multiqc/bismark/multiqc_data/multiqc_data.json",
                "multiqc/bismark/multiqc_data/multiqc_fastqc.txt",
                "multiqc/bismark/multiqc_data/multiqc_general_stats.txt",
                "multiqc/bismark/multiqc_data/multiqc_qualimap_bamqc_genome_results.txt",
                "multiqc/bismark/multiqc_data/multiqc_software_versions.txt",
                "multiqc/bismark/multiqc_data/multiqc_sources.txt",
                "multiqc/bismark/multiqc_data/qualimap_coverage_histogram.txt",
                "multiqc/bismark/multiqc_data/qualimap_gc_content.txt",
                "multiqc/bismark/multiqc_data/qualimap_genome_fraction.txt",
                "multiqc/bismark/multiqc_data/qualimap_insert_size.txt",
                "multiqc/bismark/multiqc_plots",
                "multiqc/bismark/multiqc_plots/pdf",
                "multiqc/bismark/multiqc_plots/pdf/bismark-methylation-dp.pdf",
                "multiqc/bismark/multiqc_plots/pdf/bismark_alignment-cnt.pdf",
                "multiqc/bismark/multiqc_plots/pdf/bismark_alignment-pct.pdf",
                "multiqc/bismark/multiqc_plots/pdf/bismark_deduplication-cnt.pdf",
                "multiqc/bismark/multiqc_plots/pdf/bismark_deduplication-pct.pdf",
                "multiqc/bismark/multiqc_plots/pdf/bismark_mbias_CHG_R1.pdf",
                "multiqc/bismark/multiqc_plots/pdf/bismark_mbias_CHG_R2.pdf",
                "multiqc/bismark/multiqc_plots/pdf/bismark_mbias_CHH_R1.pdf",
                "multiqc/bismark/multiqc_plots/pdf/bismark_mbias_CHH_R2.pdf",
                "multiqc/bismark/multiqc_plots/pdf/bismark_mbias_CpG_R1.pdf",
                "multiqc/bismark/multiqc_plots/pdf/bismark_mbias_CpG_R2.pdf",
                "multiqc/bismark/multiqc_plots/pdf/bismark_strand_alignment-cnt.pdf",
                "multiqc/bismark/multiqc_plots/pdf/bismark_strand_alignment-pct.pdf",
                "multiqc/bismark/multiqc_plots/pdf/cutadapt_filtered_reads_plot-cnt.pdf",
                "multiqc/bismark/multiqc_plots/pdf/cutadapt_filtered_reads_plot-pct.pdf",
                "multiqc/bismark/multiqc_plots/pdf/cutadapt_trimmed_sequences_plot_3_Counts.pdf",
                "multiqc/bismark/multiqc_plots/pdf/cutadapt_trimmed_sequences_plot_3_Obs_Exp.pdf",
                "multiqc/bismark/multiqc_plots/pdf/fastqc-status-check-heatmap.pdf",
                "multiqc/bismark/multiqc_plots/pdf/fastqc_adapter_content_plot.pdf",
                "multiqc/bismark/multiqc_plots/pdf/fastqc_overrepresented_sequences_plot.pdf",
                "multiqc/bismark/multiqc_plots/pdf/fastqc_per_base_n_content_plot.pdf",
                "multiqc/bismark/multiqc_plots/pdf/fastqc_per_base_sequence_quality_plot.pdf",
                "multiqc/bismark/multiqc_plots/pdf/fastqc_per_sequence_gc_content_plot_Counts.pdf",
                "multiqc/bismark/multiqc_plots/pdf/fastqc_per_sequence_gc_content_plot_Percentages.pdf",
                "multiqc/bismark/multiqc_plots/pdf/fastqc_per_sequence_quality_scores_plot.pdf",
                "multiqc/bismark/multiqc_plots/pdf/fastqc_sequence_counts_plot-cnt.pdf",
                "multiqc/bismark/multiqc_plots/pdf/fastqc_sequence_counts_plot-pct.pdf",
                "multiqc/bismark/multiqc_plots/pdf/fastqc_sequence_duplication_levels_plot.pdf",
                "multiqc/bismark/multiqc_plots/pdf/fastqc_top_overrepresented_sequences_table.pdf",
                "multiqc/bismark/multiqc_plots/pdf/general_stats_table.pdf",
                "multiqc/bismark/multiqc_plots/pdf/qualimap_coverage_histogram.pdf",
                "multiqc/bismark/multiqc_plots/pdf/qualimap_gc_content.pdf",
                "multiqc/bismark/multiqc_plots/pdf/qualimap_genome_fraction.pdf",
                "multiqc/bismark/multiqc_plots/pdf/qualimap_insert_size.pdf",
                "multiqc/bismark/multiqc_plots/png",
                "multiqc/bismark/multiqc_plots/png/bismark-methylation-dp.png",
                "multiqc/bismark/multiqc_plots/png/bismark_alignment-cnt.png",
                "multiqc/bismark/multiqc_plots/png/bismark_alignment-pct.png",
                "multiqc/bismark/multiqc_plots/png/bismark_deduplication-cnt.png",
                "multiqc/bismark/multiqc_plots/png/bismark_deduplication-pct.png",
                "multiqc/bismark/multiqc_plots/png/bismark_mbias_CHG_R1.png",
                "multiqc/bismark/multiqc_plots/png/bismark_mbias_CHG_R2.png",
                "multiqc/bismark/multiqc_plots/png/bismark_mbias_CHH_R1.png",
                "multiqc/bismark/multiqc_plots/png/bismark_mbias_CHH_R2.png",
                "multiqc/bismark/multiqc_plots/png/bismark_mbias_CpG_R1.png",
                "multiqc/bismark/multiqc_plots/png/bismark_mbias_CpG_R2.png",
                "multiqc/bismark/multiqc_plots/png/bismark_strand_alignment-cnt.png",
                "multiqc/bismark/multiqc_plots/png/bismark_strand_alignment-pct.png",
                "multiqc/bismark/multiqc_plots/png/cutadapt_filtered_reads_plot-cnt.png",
                "multiqc/bismark/multiqc_plots/png/cutadapt_filtered_reads_plot-pct.png",
                "multiqc/bismark/multiqc_plots/png/cutadapt_trimmed_sequences_plot_3_Counts.png",
                "multiqc/bismark/multiqc_plots/png/cutadapt_trimmed_sequences_plot_3_Obs_Exp.png",
                "multiqc/bismark/multiqc_plots/png/fastqc-status-check-heatmap.png",
                "multiqc/bismark/multiqc_plots/png/fastqc_adapter_content_plot.png",
                "multiqc/bismark/multiqc_plots/png/fastqc_overrepresented_sequences_plot.png",
                "multiqc/bismark/multiqc_plots/png/fastqc_per_base_n_content_plot.png",
                "multiqc/bismark/multiqc_plots/png/fastqc_per_base_sequence_quality_plot.png",
                "multiqc/bismark/multiqc_plots/png/fastqc_per_sequence_gc_content_plot_Counts.png",
                "multiqc/bismark/multiqc_plots/png/fastqc_per_sequence_gc_content_plot_Percentages.png",
                "multiqc/bismark/multiqc_plots/png/fastqc_per_sequence_quality_scores_plot.png",
                "multiqc/bismark/multiqc_plots/png/fastqc_sequence_counts_plot-cnt.png",
                "multiqc/bismark/multiqc_plots/png/fastqc_sequence_counts_plot-pct.png",
                "multiqc/bismark/multiqc_plots/png/fastqc_sequence_duplication_levels_plot.png",
                "multiqc/bismark/multiqc_plots/png/fastqc_top_overrepresented_sequences_table.png",
                "multiqc/bismark/multiqc_plots/png/general_stats_table.png",
                "multiqc/bismark/multiqc_plots/png/qualimap_coverage_histogram.png",
                "multiqc/bismark/multiqc_plots/png/qualimap_gc_content.png",
                "multiqc/bismark/multiqc_plots/png/qualimap_genome_fraction.png",
                "multiqc/bismark/multiqc_plots/png/qualimap_insert_size.png",
                "multiqc/bismark/multiqc_plots/svg",
                "multiqc/bismark/multiqc_plots/svg/bismark-methylation-dp.svg",
                "multiqc/bismark/multiqc_plots/svg/bismark_alignment-cnt.svg",
                "multiqc/bismark/multiqc_plots/svg/bismark_alignment-pct.svg",
                "multiqc/bismark/multiqc_plots/svg/bismark_deduplication-cnt.svg",
                "multiqc/bismark/multiqc_plots/svg/bismark_deduplication-pct.svg",
                "multiqc/bismark/multiqc_plots/svg/bismark_mbias_CHG_R1.svg",
                "multiqc/bismark/multiqc_plots/svg/bismark_mbias_CHG_R2.svg",
                "multiqc/bismark/multiqc_plots/svg/bismark_mbias_CHH_R1.svg",
                "multiqc/bismark/multiqc_plots/svg/bismark_mbias_CHH_R2.svg",
                "multiqc/bismark/multiqc_plots/svg/bismark_mbias_CpG_R1.svg",
                "multiqc/bismark/multiqc_plots/svg/bismark_mbias_CpG_R2.svg",
                "multiqc/bismark/multiqc_plots/svg/bismark_strand_alignment-cnt.svg",
                "multiqc/bismark/multiqc_plots/svg/bismark_strand_alignment-pct.svg",
                "multiqc/bismark/multiqc_plots/svg/cutadapt_filtered_reads_plot-cnt.svg",
                "multiqc/bismark/multiqc_plots/svg/cutadapt_filtered_reads_plot-pct.svg",
                "multiqc/bismark/multiqc_plots/svg/cutadapt_trimmed_sequences_plot_3_Counts.svg",
                "multiqc/bismark/multiqc_plots/svg/cutadapt_trimmed_sequences_plot_3_Obs_Exp.svg",
                "multiqc/bismark/multiqc_plots/svg/fastqc-status-check-heatmap.svg",
                "multiqc/bismark/multiqc_plots/svg/fastqc_adapter_content_plot.svg",
                "multiqc/bismark/multiqc_plots/svg/fastqc_overrepresented_sequences_plot.svg",
                "multiqc/bismark/multiqc_plots/svg/fastqc_per_base_n_content_plot.svg",
                "multiqc/bismark/multiqc_plots/svg/fastqc_per_base_sequence_quality_plot.svg",
                "multiqc/bismark/multiqc_plots/svg/fastqc_per_sequence_gc_content_plot_Counts.svg",
                "multiqc/bismark/multiqc_plots/svg/fastqc_per_sequence_gc_content_plot_Percentages.svg",
                "multiqc/bismark/multiqc_plots/svg/fastqc_per_sequence_quality_scores_plot.svg",
                "multiqc/bismark/multiqc_plots/svg/fastqc_sequence_counts_plot-cnt.svg",
                "multiqc/bismark/multiqc_plots/svg/fastqc_sequence_counts_plot-pct.svg",
                "multiqc/bismark/multiqc_plots/svg/fastqc_sequence_duplication_levels_plot.svg",
                "multiqc/bismark/multiqc_plots/svg/fastqc_top_overrepresented_sequences_table.svg",
                "multiqc/bismark/multiqc_plots/svg/general_stats_table.svg",
                "multiqc/bismark/multiqc_plots/svg/qualimap_coverage_histogram.svg",
                "multiqc/bismark/multiqc_plots/svg/qualimap_gc_content.svg",
                "multiqc/bismark/multiqc_plots/svg/qualimap_genome_fraction.svg",
                "multiqc/bismark/multiqc_plots/svg/qualimap_insert_size.svg",
                "multiqc/bismark/multiqc_report.html",
                "pipeline_info",
                "pipeline_info/nf_core_pipeline_software_mqc_versions.yml",
                "qualimap",
                "qualimap/Ecoli_10K_methylated",
                "qualimap/Ecoli_10K_methylated/css",
                "qualimap/Ecoli_10K_methylated/css/agogo.css",
                "qualimap/Ecoli_10K_methylated/css/ajax-loader.gif",
                "qualimap/Ecoli_10K_methylated/css/basic.css",
                "qualimap/Ecoli_10K_methylated/css/bgfooter.png",
                "qualimap/Ecoli_10K_methylated/css/bgtop.png",
                "qualimap/Ecoli_10K_methylated/css/comment-bright.png",
                "qualimap/Ecoli_10K_methylated/css/comment-close.png",
                "qualimap/Ecoli_10K_methylated/css/comment.png",
                "qualimap/Ecoli_10K_methylated/css/doctools.js",
                "qualimap/Ecoli_10K_methylated/css/down-pressed.png",
                "qualimap/Ecoli_10K_methylated/css/down.png",
                "qualimap/Ecoli_10K_methylated/css/file.png",
                "qualimap/Ecoli_10K_methylated/css/jquery.js",
                "qualimap/Ecoli_10K_methylated/css/minus.png",
                "qualimap/Ecoli_10K_methylated/css/plus.png",
                "qualimap/Ecoli_10K_methylated/css/pygments.css",
                "qualimap/Ecoli_10K_methylated/css/qualimap_logo_small.png",
                "qualimap/Ecoli_10K_methylated/css/report.css",
                "qualimap/Ecoli_10K_methylated/css/searchtools.js",
                "qualimap/Ecoli_10K_methylated/css/underscore.js",
                "qualimap/Ecoli_10K_methylated/css/up-pressed.png",
                "qualimap/Ecoli_10K_methylated/css/up.png",
                "qualimap/Ecoli_10K_methylated/css/websupport.js",
                "qualimap/Ecoli_10K_methylated/genome_results.txt",
                "qualimap/Ecoli_10K_methylated/images_qualimapReport",
                "qualimap/Ecoli_10K_methylated/images_qualimapReport/genome_coverage_0to50_histogram.png",
                "qualimap/Ecoli_10K_methylated/images_qualimapReport/genome_coverage_across_reference.png",
                "qualimap/Ecoli_10K_methylated/images_qualimapReport/genome_coverage_histogram.png",
                "qualimap/Ecoli_10K_methylated/images_qualimapReport/genome_coverage_quotes.png",
                "qualimap/Ecoli_10K_methylated/images_qualimapReport/genome_gc_content_per_window.png",
                "qualimap/Ecoli_10K_methylated/images_qualimapReport/genome_insert_size_across_reference.png",
                "qualimap/Ecoli_10K_methylated/images_qualimapReport/genome_insert_size_histogram.png",
                "qualimap/Ecoli_10K_methylated/images_qualimapReport/genome_mapping_quality_across_reference.png",
                "qualimap/Ecoli_10K_methylated/images_qualimapReport/genome_mapping_quality_histogram.png",
                "qualimap/Ecoli_10K_methylated/images_qualimapReport/genome_reads_content_per_read_position.png",
                "qualimap/Ecoli_10K_methylated/images_qualimapReport/genome_uniq_read_starts_histogram.png",
                "qualimap/Ecoli_10K_methylated/qualimapReport.html",
                "qualimap/Ecoli_10K_methylated/raw_data_qualimapReport",
                "qualimap/Ecoli_10K_methylated/raw_data_qualimapReport/coverage_across_reference.txt",
                "qualimap/Ecoli_10K_methylated/raw_data_qualimapReport/coverage_histogram.txt",
                "qualimap/Ecoli_10K_methylated/raw_data_qualimapReport/duplication_rate_histogram.txt",
                "qualimap/Ecoli_10K_methylated/raw_data_qualimapReport/genome_fraction_coverage.txt",
                "qualimap/Ecoli_10K_methylated/raw_data_qualimapReport/insert_size_across_reference.txt",
                "qualimap/Ecoli_10K_methylated/raw_data_qualimapReport/insert_size_histogram.txt",
                "qualimap/Ecoli_10K_methylated/raw_data_qualimapReport/mapped_reads_gc-content_distribution.txt",
                "qualimap/Ecoli_10K_methylated/raw_data_qualimapReport/mapped_reads_nucleotide_content.txt",
                "qualimap/Ecoli_10K_methylated/raw_data_qualimapReport/mapping_quality_across_reference.txt",
                "qualimap/Ecoli_10K_methylated/raw_data_qualimapReport/mapping_quality_histogram.txt",
                "qualimap/SRR389222_sub1",
                "qualimap/SRR389222_sub1/css",
                "qualimap/SRR389222_sub1/css/agogo.css",
                "qualimap/SRR389222_sub1/css/ajax-loader.gif",
                "qualimap/SRR389222_sub1/css/basic.css",
                "qualimap/SRR389222_sub1/css/bgfooter.png",
                "qualimap/SRR389222_sub1/css/bgtop.png",
                "qualimap/SRR389222_sub1/css/comment-bright.png",
                "qualimap/SRR389222_sub1/css/comment-close.png",
                "qualimap/SRR389222_sub1/css/comment.png",
                "qualimap/SRR389222_sub1/css/doctools.js",
                "qualimap/SRR389222_sub1/css/down-pressed.png",
                "qualimap/SRR389222_sub1/css/down.png",
                "qualimap/SRR389222_sub1/css/file.png",
                "qualimap/SRR389222_sub1/css/jquery.js",
                "qualimap/SRR389222_sub1/css/minus.png",
                "qualimap/SRR389222_sub1/css/plus.png",
                "qualimap/SRR389222_sub1/css/pygments.css",
                "qualimap/SRR389222_sub1/css/qualimap_logo_small.png",
                "qualimap/SRR389222_sub1/css/report.css",
                "qualimap/SRR389222_sub1/css/searchtools.js",
                "qualimap/SRR389222_sub1/css/underscore.js",
                "qualimap/SRR389222_sub1/css/up-pressed.png",
                "qualimap/SRR389222_sub1/css/up.png",
                "qualimap/SRR389222_sub1/css/websupport.js",
                "qualimap/SRR389222_sub1/genome_results.txt",
                "qualimap/SRR389222_sub1/images_qualimapReport",
                "qualimap/SRR389222_sub1/images_qualimapReport/genome_coverage_0to50_histogram.png",
                "qualimap/SRR389222_sub1/images_qualimapReport/genome_coverage_across_reference.png",
                "qualimap/SRR389222_sub1/images_qualimapReport/genome_coverage_histogram.png",
                "qualimap/SRR389222_sub1/images_qualimapReport/genome_coverage_quotes.png",
                "qualimap/SRR389222_sub1/images_qualimapReport/genome_gc_content_per_window.png",
                "qualimap/SRR389222_sub1/images_qualimapReport/genome_mapping_quality_across_reference.png",
                "qualimap/SRR389222_sub1/images_qualimapReport/genome_mapping_quality_histogram.png",
                "qualimap/SRR389222_sub1/images_qualimapReport/genome_reads_content_per_read_position.png",
                "qualimap/SRR389222_sub1/images_qualimapReport/genome_uniq_read_starts_histogram.png",
                "qualimap/SRR389222_sub1/qualimapReport.html",
                "qualimap/SRR389222_sub1/raw_data_qualimapReport",
                "qualimap/SRR389222_sub1/raw_data_qualimapReport/coverage_across_reference.txt",
                "qualimap/SRR389222_sub1/raw_data_qualimapReport/coverage_histogram.txt",
                "qualimap/SRR389222_sub1/raw_data_qualimapReport/duplication_rate_histogram.txt",
                "qualimap/SRR389222_sub1/raw_data_qualimapReport/genome_fraction_coverage.txt",
                "qualimap/SRR389222_sub1/raw_data_qualimapReport/mapped_reads_gc-content_distribution.txt",
                "qualimap/SRR389222_sub1/raw_data_qualimapReport/mapped_reads_nucleotide_content.txt",
                "qualimap/SRR389222_sub1/raw_data_qualimapReport/mapping_quality_across_reference.txt",
                "qualimap/SRR389222_sub1/raw_data_qualimapReport/mapping_quality_histogram.txt",
                "qualimap/SRR389222_sub2",
                "qualimap/SRR389222_sub2/css",
                "qualimap/SRR389222_sub2/css/agogo.css",
                "qualimap/SRR389222_sub2/css/ajax-loader.gif",
                "qualimap/SRR389222_sub2/css/basic.css",
                "qualimap/SRR389222_sub2/css/bgfooter.png",
                "qualimap/SRR389222_sub2/css/bgtop.png",
                "qualimap/SRR389222_sub2/css/comment-bright.png",
                "qualimap/SRR389222_sub2/css/comment-close.png",
                "qualimap/SRR389222_sub2/css/comment.png",
                "qualimap/SRR389222_sub2/css/doctools.js",
                "qualimap/SRR389222_sub2/css/down-pressed.png",
                "qualimap/SRR389222_sub2/css/down.png",
                "qualimap/SRR389222_sub2/css/file.png",
                "qualimap/SRR389222_sub2/css/jquery.js",
                "qualimap/SRR389222_sub2/css/minus.png",
                "qualimap/SRR389222_sub2/css/plus.png",
                "qualimap/SRR389222_sub2/css/pygments.css",
                "qualimap/SRR389222_sub2/css/qualimap_logo_small.png",
                "qualimap/SRR389222_sub2/css/report.css",
                "qualimap/SRR389222_sub2/css/searchtools.js",
                "qualimap/SRR389222_sub2/css/underscore.js",
                "qualimap/SRR389222_sub2/css/up-pressed.png",
                "qualimap/SRR389222_sub2/css/up.png",
                "qualimap/SRR389222_sub2/css/websupport.js",
                "qualimap/SRR389222_sub2/genome_results.txt",
                "qualimap/SRR389222_sub2/images_qualimapReport",
                "qualimap/SRR389222_sub2/images_qualimapReport/genome_coverage_0to50_histogram.png",
                "qualimap/SRR389222_sub2/images_qualimapReport/genome_coverage_across_reference.png",
                "qualimap/SRR389222_sub2/images_qualimapReport/genome_coverage_histogram.png",
                "qualimap/SRR389222_sub2/images_qualimapReport/genome_coverage_quotes.png",
                "qualimap/SRR389222_sub2/images_qualimapReport/genome_gc_content_per_window.png",
                "qualimap/SRR389222_sub2/images_qualimapReport/genome_mapping_quality_across_reference.png",
                "qualimap/SRR389222_sub2/images_qualimapReport/genome_mapping_quality_histogram.png",
                "qualimap/SRR389222_sub2/images_qualimapReport/genome_reads_content_per_read_position.png",
                "qualimap/SRR389222_sub2/images_qualimapReport/genome_uniq_read_starts_histogram.png",
                "qualimap/SRR389222_sub2/qualimapReport.html",
                "qualimap/SRR389222_sub2/raw_data_qualimapReport",
                "qualimap/SRR389222_sub2/raw_data_qualimapReport/coverage_across_reference.txt",
                "qualimap/SRR389222_sub2/raw_data_qualimapReport/coverage_histogram.txt",
                "qualimap/SRR389222_sub2/raw_data_qualimapReport/duplication_rate_histogram.txt",
                "qualimap/SRR389222_sub2/raw_data_qualimapReport/genome_fraction_coverage.txt",
                "qualimap/SRR389222_sub2/raw_data_qualimapReport/mapped_reads_gc-content_distribution.txt",
                "qualimap/SRR389222_sub2/raw_data_qualimapReport/mapped_reads_nucleotide_content.txt",
                "qualimap/SRR389222_sub2/raw_data_qualimapReport/mapping_quality_across_reference.txt",
                "qualimap/SRR389222_sub2/raw_data_qualimapReport/mapping_quality_histogram.txt",
                "qualimap/SRR389222_sub3",
                "qualimap/SRR389222_sub3/css",
                "qualimap/SRR389222_sub3/css/agogo.css",
                "qualimap/SRR389222_sub3/css/ajax-loader.gif",
                "qualimap/SRR389222_sub3/css/basic.css",
                "qualimap/SRR389222_sub3/css/bgfooter.png",
                "qualimap/SRR389222_sub3/css/bgtop.png",
                "qualimap/SRR389222_sub3/css/comment-bright.png",
                "qualimap/SRR389222_sub3/css/comment-close.png",
                "qualimap/SRR389222_sub3/css/comment.png",
                "qualimap/SRR389222_sub3/css/doctools.js",
                "qualimap/SRR389222_sub3/css/down-pressed.png",
                "qualimap/SRR389222_sub3/css/down.png",
                "qualimap/SRR389222_sub3/css/file.png",
                "qualimap/SRR389222_sub3/css/jquery.js",
                "qualimap/SRR389222_sub3/css/minus.png",
                "qualimap/SRR389222_sub3/css/plus.png",
                "qualimap/SRR389222_sub3/css/pygments.css",
                "qualimap/SRR389222_sub3/css/qualimap_logo_small.png",
                "qualimap/SRR389222_sub3/css/report.css",
                "qualimap/SRR389222_sub3/css/searchtools.js",
                "qualimap/SRR389222_sub3/css/underscore.js",
                "qualimap/SRR389222_sub3/css/up-pressed.png",
                "qualimap/SRR389222_sub3/css/up.png",
                "qualimap/SRR389222_sub3/css/websupport.js",
                "qualimap/SRR389222_sub3/genome_results.txt",
                "qualimap/SRR389222_sub3/images_qualimapReport",
                "qualimap/SRR389222_sub3/images_qualimapReport/genome_coverage_0to50_histogram.png",
                "qualimap/SRR389222_sub3/images_qualimapReport/genome_coverage_across_reference.png",
                "qualimap/SRR389222_sub3/images_qualimapReport/genome_coverage_histogram.png",
                "qualimap/SRR389222_sub3/images_qualimapReport/genome_coverage_quotes.png",
                "qualimap/SRR389222_sub3/images_qualimapReport/genome_gc_content_per_window.png",
                "qualimap/SRR389222_sub3/images_qualimapReport/genome_mapping_quality_across_reference.png",
                "qualimap/SRR389222_sub3/images_qualimapReport/genome_mapping_quality_histogram.png",
                "qualimap/SRR389222_sub3/images_qualimapReport/genome_reads_content_per_read_position.png",
                "qualimap/SRR389222_sub3/images_qualimapReport/genome_uniq_read_starts_histogram.png",
                "qualimap/SRR389222_sub3/qualimapReport.html",
                "qualimap/SRR389222_sub3/raw_data_qualimapReport",
                "qualimap/SRR389222_sub3/raw_data_qualimapReport/coverage_across_reference.txt",
                "qualimap/SRR389222_sub3/raw_data_qualimapReport/coverage_histogram.txt",
                "qualimap/SRR389222_sub3/raw_data_qualimapReport/duplication_rate_histogram.txt",
                "qualimap/SRR389222_sub3/raw_data_qualimapReport/genome_fraction_coverage.txt",
                "qualimap/SRR389222_sub3/raw_data_qualimapReport/mapped_reads_gc-content_distribution.txt",
                "qualimap/SRR389222_sub3/raw_data_qualimapReport/mapped_reads_nucleotide_content.txt",
                "qualimap/SRR389222_sub3/raw_data_qualimapReport/mapping_quality_across_reference.txt",
                "qualimap/SRR389222_sub3/raw_data_qualimapReport/mapping_quality_histogram.txt",
                "trimgalore",
                "trimgalore/fastqc",
                "trimgalore/fastqc/Ecoli_10K_methylated_1_val_1_fastqc.html",
                "trimgalore/fastqc/Ecoli_10K_methylated_2_val_2_fastqc.html",
                "trimgalore/fastqc/SRR389222_sub1_trimmed_fastqc.html",
                "trimgalore/fastqc/SRR389222_sub2_trimmed_fastqc.html",
                "trimgalore/fastqc/SRR389222_sub3_trimmed_fastqc.html",
                "trimgalore/fastqc/zips",
                "trimgalore/fastqc/zips/Ecoli_10K_methylated_1_val_1_fastqc.zip",
                "trimgalore/fastqc/zips/Ecoli_10K_methylated_2_val_2_fastqc.zip",
                "trimgalore/fastqc/zips/SRR389222_sub1_trimmed_fastqc.zip",
                "trimgalore/fastqc/zips/SRR389222_sub2_trimmed_fastqc.zip",
                "trimgalore/fastqc/zips/SRR389222_sub3_trimmed_fastqc.zip",
                "trimgalore/logs",
                "trimgalore/logs/Ecoli_10K_methylated_1.fastq.gz_trimming_report.txt",
                "trimgalore/logs/Ecoli_10K_methylated_2.fastq.gz_trimming_report.txt",
                "trimgalore/logs/SRR389222_sub1.fastq.gz_trimming_report.txt",
                "trimgalore/logs/SRR389222_sub2.fastq.gz_trimming_report.txt",
                "trimgalore/logs/SRR389222_sub3.fastq.gz_trimming_report.txt"
            ],
            [
                "Ecoli_10K_methylated_1_val_1_bismark_bt2_pe.deduplicated.bedGraph.gz:md5,e8b3933de21d7618cdaab650fe544b17",
                "SRR389222_sub1_trimmed_bismark_bt2.deduplicated.bedGraph.gz:md5,f662ef520f5e483cd6f2a4925afe2283",
                "SRR389222_sub2_trimmed_bismark_bt2.deduplicated.bedGraph.gz:md5,330d25130120699a9ca4cf7152f9ac18",
                "SRR389222_sub3_trimmed_bismark_bt2.deduplicated.bedGraph.gz:md5,9cd7348188fb06c7648b1453db5270c9",
                "Ecoli_10K_methylated_1_val_1_bismark_bt2_pe.deduplicated.M-bias.txt:md5,83a004a3d957cf95f25933bcd828a8d4",
                "SRR389222_sub1_trimmed_bismark_bt2.deduplicated.M-bias.txt:md5,aab193316d15edf54271f7d3270ae963",
                "SRR389222_sub2_trimmed_bismark_bt2.deduplicated.M-bias.txt:md5,81a0d0749e3df600572188afec21a9e3",
                "SRR389222_sub3_trimmed_bismark_bt2.deduplicated.M-bias.txt:md5,818aaadc83209032dc234717455ae91d",
                "CHG_OB_Ecoli_10K_methylated_1_val_1_bismark_bt2_pe.deduplicated.txt.gz:md5,6648e11e88ef01a807333c52ac2964a5",
                "CHG_OB_SRR389222_sub1_trimmed_bismark_bt2.deduplicated.txt.gz:md5,1bd85fc1289ac9e42c14d2fa232c6261",
                "CHG_OB_SRR389222_sub2_trimmed_bismark_bt2.deduplicated.txt.gz:md5,a9349f20c5669316df5564d3e6bc73e6",
                "CHG_OB_SRR389222_sub3_trimmed_bismark_bt2.deduplicated.txt.gz:md5,40ffa04680beee498b7e986737cbc271",
                "CHG_OT_Ecoli_10K_methylated_1_val_1_bismark_bt2_pe.deduplicated.txt.gz:md5,e895afeef2f6f2d1fed6e564ccb63146",
                "CHG_OT_SRR389222_sub1_trimmed_bismark_bt2.deduplicated.txt.gz:md5,2962bca17096687bd641686f72abda68",
                "CHG_OT_SRR389222_sub2_trimmed_bismark_bt2.deduplicated.txt.gz:md5,919204311dd59f4aa67206c54fd7f8f8",
                "CHG_OT_SRR389222_sub3_trimmed_bismark_bt2.deduplicated.txt.gz:md5,2b25fe0234b195bf3e7daff70813b718",
                "CHH_OB_Ecoli_10K_methylated_1_val_1_bismark_bt2_pe.deduplicated.txt.gz:md5,e46a7bd89bfbec8be436cbb9809a301c",
                "CHH_OB_SRR389222_sub1_trimmed_bismark_bt2.deduplicated.txt.gz:md5,6470dfcebe08efdc46f348564fde176d",
                "CHH_OB_SRR389222_sub2_trimmed_bismark_bt2.deduplicated.txt.gz:md5,79d65ada72c0cd3e031c02cc2114a923",
                "CHH_OB_SRR389222_sub3_trimmed_bismark_bt2.deduplicated.txt.gz:md5,73a7361f9c40c0dec7850fc49b34710f",
                "CHH_OT_Ecoli_10K_methylated_1_val_1_bismark_bt2_pe.deduplicated.txt.gz:md5,c80c61b413bed68e0c43c3d27d10a459",
                "CHH_OT_SRR389222_sub1_trimmed_bismark_bt2.deduplicated.txt.gz:md5,c07f7f85fb15ad944ee303a815b7b7f9",
                "CHH_OT_SRR389222_sub2_trimmed_bismark_bt2.deduplicated.txt.gz:md5,36808610f2fab19d900389230662d7eb",
                "CHH_OT_SRR389222_sub3_trimmed_bismark_bt2.deduplicated.txt.gz:md5,3a4e09d1a147f51deceb494daa838b6e",
                "CpG_OB_Ecoli_10K_methylated_1_val_1_bismark_bt2_pe.deduplicated.txt.gz:md5,13b86f1428a72159c0270754a085787a",
                "CpG_OB_SRR389222_sub1_trimmed_bismark_bt2.deduplicated.txt.gz:md5,84ab5e8f802ef7a196cd5e3d77f1706b",
                "CpG_OB_SRR389222_sub2_trimmed_bismark_bt2.deduplicated.txt.gz:md5,63e9ba962b5a03144ebe3b81aa66db82",
                "CpG_OB_SRR389222_sub3_trimmed_bismark_bt2.deduplicated.txt.gz:md5,26f790721d428428daf78151b238427b",
                "CpG_OT_Ecoli_10K_methylated_1_val_1_bismark_bt2_pe.deduplicated.txt.gz:md5,86edd7ccccf01f158ca7d3dae5387400",
                "CpG_OT_SRR389222_sub1_trimmed_bismark_bt2.deduplicated.txt.gz:md5,8d65328bece4dd79ebe2d620775a2162",
                "CpG_OT_SRR389222_sub2_trimmed_bismark_bt2.deduplicated.txt.gz:md5,9ca9836b9969c6f28dc52a0ccf3b968f",
                "CpG_OT_SRR389222_sub3_trimmed_bismark_bt2.deduplicated.txt.gz:md5,0711c7d0af80f5bd626edfc25f707eee",
                "Ecoli_10K_methylated_1_val_1_bismark_bt2_pe.deduplicated.bismark.cov.gz:md5,34aa02c199f1496df0704dd239373ebe",
                "SRR389222_sub1_trimmed_bismark_bt2.deduplicated.bismark.cov.gz:md5,51f024d22277e740f07b6fca27b2b159",
                "SRR389222_sub2_trimmed_bismark_bt2.deduplicated.bismark.cov.gz:md5,beb2a4e9ef24ad73aa6807ddd17899d7",
                "SRR389222_sub3_trimmed_bismark_bt2.deduplicated.bismark.cov.gz:md5,167ae8eabdeb46a3322f549f3b7c1285",
                "Ecoli_10K_methylated_1_val_1_bismark_bt2_pe.deduplicated_splitting_report.txt:md5,99300545c43786859a6042bc71667837",
                "SRR389222_sub1_trimmed_bismark_bt2.deduplicated_splitting_report.txt:md5,f64ef957cbd73eb084e00d72065f4d9e",
                "SRR389222_sub2_trimmed_bismark_bt2.deduplicated_splitting_report.txt:md5,c9263685b01da6d8ca5df0c0758dc220",
                "SRR389222_sub3_trimmed_bismark_bt2.deduplicated_splitting_report.txt:md5,747b1dfc8d64866106d9423e6fd34d91",
                "bismark-methylation-dp.txt:md5,670008662fcb3aeb28e1a83d79d30418",
                "bismark_alignment.txt:md5,9ea891969967030c3089b047f5a898fb",
                "bismark_deduplication.txt:md5,6be5ee75673e5dcc870d49fe938394c3",
                "bismark_mbias_CHG_R1.txt:md5,6614c346ec6ae907ceff3bad2acb94a6",
                "bismark_mbias_CHG_R2.txt:md5,8d5b7f6a030aac6ae6ac2638ad6c3c1d",
                "bismark_mbias_CHH_R1.txt:md5,e275c75724a6a7f3896afb1bf1cbf176",
                "bismark_mbias_CHH_R2.txt:md5,1a6b69ad958ef5b5f57f43ac49293453",
                "bismark_mbias_CpG_R1.txt:md5,852a62fa71b610f72cea7aba8ba9bd8f",
                "bismark_mbias_CpG_R2.txt:md5,a386c92c649b77939a29fe7c84ecb7b8",
                "bismark_strand_alignment.txt:md5,6f029e053c74f7b54bb0466228533f3c",
                "cutadapt_filtered_reads_plot.txt:md5,ff1b6d4011a5be5410b9404f7ff56c56",
                "cutadapt_trimmed_sequences_plot_3_Counts.txt:md5,57d07c19b0c30dc88df96c30bedcdc33",
                "cutadapt_trimmed_sequences_plot_3_Obs_Exp.txt:md5,1e5ca4193f8290c5c812334d03615b41",
                "fastqc-status-check-heatmap.txt:md5,218c2a7efbb9c02f652fa78fc739c866",
                "fastqc_adapter_content_plot.txt:md5,48d8bd5ece984a74972ce0a0e814dd07",
                "fastqc_overrepresented_sequences_plot.txt:md5,9c4b7064950b5b2c486d556984f21e9e",
                "fastqc_per_base_n_content_plot.txt:md5,019d5cd4f61a31f4e7016140ca8ee36e",
                "fastqc_per_base_sequence_quality_plot.txt:md5,e4c7d522114eab9bc9101e7ee9d83c8f",
                "fastqc_per_sequence_gc_content_plot_Counts.txt:md5,302659bee8a02b6a38b24fe25f8eaa87",
                "fastqc_per_sequence_gc_content_plot_Percentages.txt:md5,c75b396eb5dda8682fb1652a9b2e92a3",
                "fastqc_per_sequence_quality_scores_plot.txt:md5,548c593f4a8be2d8627fc3bd1c280611",
                "fastqc_sequence_counts_plot.txt:md5,58eeeb06bc9dcc1764c7daf0847d6bbf",
                "fastqc_sequence_duplication_levels_plot.txt:md5,9e5712db9aa39b5754ea1e0c49cfff15",
                "fastqc_top_overrepresented_sequences_table.txt:md5,6dfc5334a09c05392ea17369aa742d01",
                "multiqc_bismark_alignment.txt:md5,4e1d3a0bc0619b11ac67ed685d5eb398",
                "multiqc_bismark_dedup.txt:md5,16e464f5bf2f1851a571ec87cbc1a0d9",
                "multiqc_bismark_methextract.txt:md5,ef3c68247a6254ae5e11e26052e3229e",
                "multiqc_citations.txt:md5,b9d42869faad581bd963d3d3bb490026",
                "multiqc_cutadapt.txt:md5,883891ac4901385102be053212068732",
                "qualimap_coverage_histogram.txt:md5,7d321d1eb204be4c3661364cf928c3e3",
                "qualimap_gc_content.txt:md5,d914dc3ae413deb1db307910d9907ea9",
                "qualimap_genome_fraction.txt:md5,2f6d7ae8cfdafc69358ce6a6800bef54",
                "qualimap_insert_size.txt:md5,9a7301262b2927cc9587808fe1c7ff7f",
                "genome_results.txt:md5,893c67bbc730a8af63e17cd7079c8701",
                "genome_results.txt:md5,663f8e46c085b0b766479e809e461d65",
                "genome_results.txt:md5,1d9640d93a711641a0554cf7f9d801f7",
                "genome_results.txt:md5,3cafc0b75af4d9c78d41df9073a69332"
            ],
            [
                [
                    "Ecoli_10K_methylated.deduplicated.sorted.bam",
                    "8c57faf8f2ea0619982046c6aa92d518"
                ],
                [
                    "SRR389222_sub1.deduplicated.sorted.bam",
                    "1b2b7cfc2ac6ff065b4708b4e2b997f"
                ],
                [
                    "SRR389222_sub2.deduplicated.sorted.bam",
                    "685a11fcb763614e081c4a82f2d63844"
                ],
                [
                    "SRR389222_sub3.deduplicated.sorted.bam",
                    "9c08b7ac915ada7fefb8435460ccb651"
                ]
            ]
        ],
        "meta": {
            "nf-test": "0.9.1",
            "nextflow": "24.04.4"
        },
        "timestamp": "2024-10-25T14:26:16.42655233"
    }
}