{
    "Params: bwamem | taps": {
        "content": [
            {
                "RASTAIR_CALL": {
                    "rastair": "rastair 0.8.2"
                },
                "RASTAIR_MBIAS": {
                    "rastair": "rastair 0.8.2"
                },
                "RASTAIR_MBIASPARSER": {
                    "rastair": "rastair 0.8.2"
                },
                "RASTAIR_METHYLKIT": {
                    "rastair": "rastair 0.8.2"
                },
                "TRIMGALORE": {
                    "trimgalore": "0.6.10",
                    "cutadapt": 4.9,
                    "pigz": 2.8
                },
                "Workflow": {
                    "nf-core/methylseq": "v4.3.0dev"
                },
                "BWA_INDEX": {
                    "bwa": "0.7.19-r1273"
                },
                "BWA_MEM": {
                    "samtools": "1.22.1"
                },
                "FASTQC": {
                    "fastqc": "0.12.1"
                },
                "GUNZIP": {
                    "gunzip": 1.13
                },
                "MULTIQC": {
                    "multiqc": 1.34
                },
                "PICARD_ADDORREPLACEREADGROUPS": {
                    "picard": "3.4.0"
                },
                "PICARD_MARKDUPLICATES": {
                    "picard": "3.4.0"
                },
                "SAMTOOLS_FLAGSTAT": {
                    "samtools": "1.23.1"
                },
                "SAMTOOLS_IDXSTATS": {
                    "samtools": "1.23.1"
                },
                "SAMTOOLS_INDEX": {
                    "samtools": "1.23.1"
                },
                "SAMTOOLS_SORT": {
                    "samtools": "1.23.1"
                },
                "SAMTOOLS_STATS": {
                    "samtools": "1.23.1"
                }
            },
            [
                "bwamem",
                "bwamem/alignments",
                "bwamem/alignments/samtools_stats",
                "bwamem/alignments/samtools_stats/Ecoli_10K_methylated.flagstat",
                "bwamem/alignments/samtools_stats/Ecoli_10K_methylated.idxstats",
                "bwamem/alignments/samtools_stats/Ecoli_10K_methylated.stats",
                "bwamem/alignments/samtools_stats/SRR389222_sub1.flagstat",
                "bwamem/alignments/samtools_stats/SRR389222_sub1.idxstats",
                "bwamem/alignments/samtools_stats/SRR389222_sub1.stats",
                "bwamem/alignments/samtools_stats/SRR389222_sub2.flagstat",
                "bwamem/alignments/samtools_stats/SRR389222_sub2.idxstats",
                "bwamem/alignments/samtools_stats/SRR389222_sub2.stats",
                "bwamem/alignments/samtools_stats/SRR389222_sub3.flagstat",
                "bwamem/alignments/samtools_stats/SRR389222_sub3.idxstats",
                "bwamem/alignments/samtools_stats/SRR389222_sub3.stats",
                "bwamem/deduplicated",
                "bwamem/deduplicated/Ecoli_10K_methylated.markdup.sorted.bam",
                "bwamem/deduplicated/Ecoli_10K_methylated.markdup.sorted.bam.bai",
                "bwamem/deduplicated/SRR389222_sub1.markdup.sorted.bam",
                "bwamem/deduplicated/SRR389222_sub1.markdup.sorted.bam.bai",
                "bwamem/deduplicated/SRR389222_sub2.markdup.sorted.bam",
                "bwamem/deduplicated/SRR389222_sub2.markdup.sorted.bam.bai",
                "bwamem/deduplicated/SRR389222_sub3.markdup.sorted.bam",
                "bwamem/deduplicated/SRR389222_sub3.markdup.sorted.bam.bai",
                "bwamem/deduplicated/picard_metrics",
                "bwamem/deduplicated/picard_metrics/Ecoli_10K_methylated.markdup.sorted.metrics.txt",
                "bwamem/deduplicated/picard_metrics/SRR389222_sub1.markdup.sorted.metrics.txt",
                "bwamem/deduplicated/picard_metrics/SRR389222_sub2.markdup.sorted.metrics.txt",
                "bwamem/deduplicated/picard_metrics/SRR389222_sub3.markdup.sorted.metrics.txt",
                "fastqc",
                "fastqc/Ecoli_10K_methylated_1_fastqc.html",
                "fastqc/Ecoli_10K_methylated_2_fastqc.html",
                "fastqc/SRR389222_sub1_fastqc.html",
                "fastqc/SRR389222_sub2_fastqc.html",
                "fastqc/SRR389222_sub3_fastqc.html",
                "fastqc/zips",
                "fastqc/zips/Ecoli_10K_methylated_1_fastqc.zip",
                "fastqc/zips/Ecoli_10K_methylated_2_fastqc.zip",
                "fastqc/zips/SRR389222_sub1_fastqc.zip",
                "fastqc/zips/SRR389222_sub2_fastqc.zip",
                "fastqc/zips/SRR389222_sub3_fastqc.zip",
                "multiqc",
                "multiqc/bwamem",
                "multiqc/bwamem/multiqc_data",
                "multiqc/bwamem/multiqc_data/cutadapt_filtered_reads_plot.txt",
                "multiqc/bwamem/multiqc_data/cutadapt_trimmed_sequences_plot_3_Counts.txt",
                "multiqc/bwamem/multiqc_data/cutadapt_trimmed_sequences_plot_3_Obs_Exp.txt",
                "multiqc/bwamem/multiqc_data/fastqc-status-check-heatmap.txt",
                "multiqc/bwamem/multiqc_data/fastqc_adapter_content_plot.txt",
                "multiqc/bwamem/multiqc_data/fastqc_overrepresented_sequences_plot.txt",
                "multiqc/bwamem/multiqc_data/fastqc_per_base_n_content_plot.txt",
                "multiqc/bwamem/multiqc_data/fastqc_per_base_sequence_quality_plot.txt",
                "multiqc/bwamem/multiqc_data/fastqc_per_sequence_gc_content_plot_Counts.txt",
                "multiqc/bwamem/multiqc_data/fastqc_per_sequence_gc_content_plot_Percentages.txt",
                "multiqc/bwamem/multiqc_data/fastqc_per_sequence_quality_scores_plot.txt",
                "multiqc/bwamem/multiqc_data/fastqc_sequence_counts_plot.txt",
                "multiqc/bwamem/multiqc_data/fastqc_sequence_duplication_levels_plot.txt",
                "multiqc/bwamem/multiqc_data/fastqc_top_overrepresented_sequences_table.txt",
                "multiqc/bwamem/multiqc_data/llms-full.txt",
                "multiqc/bwamem/multiqc_data/multiqc.log",
                "multiqc/bwamem/multiqc_data/multiqc_citations.txt",
                "multiqc/bwamem/multiqc_data/multiqc_cutadapt.txt",
                "multiqc/bwamem/multiqc_data/multiqc_data.json",
                "multiqc/bwamem/multiqc_data/multiqc_fastqc.txt",
                "multiqc/bwamem/multiqc_data/multiqc_general_stats.txt",
                "multiqc/bwamem/multiqc_data/multiqc_picard_dups.txt",
                "multiqc/bwamem/multiqc_data/multiqc_software_versions.txt",
                "multiqc/bwamem/multiqc_data/multiqc_sources.txt",
                "multiqc/bwamem/multiqc_data/picard_MarkIlluminaAdapters_histogram.txt",
                "multiqc/bwamem/multiqc_data/picard_MeanQualityByCycle_histogram.txt",
                "multiqc/bwamem/multiqc_data/picard_MeanQualityByCycle_histogram_1.txt",
                "multiqc/bwamem/multiqc_data/picard_QualityScoreDistribution_histogram.txt",
                "multiqc/bwamem/multiqc_data/picard_deduplication.txt",
                "multiqc/bwamem/multiqc_plots",
                "multiqc/bwamem/multiqc_plots/pdf",
                "multiqc/bwamem/multiqc_plots/pdf/cutadapt_filtered_reads_plot-cnt.pdf",
                "multiqc/bwamem/multiqc_plots/pdf/cutadapt_filtered_reads_plot-pct.pdf",
                "multiqc/bwamem/multiqc_plots/pdf/cutadapt_trimmed_sequences_plot_3_Counts.pdf",
                "multiqc/bwamem/multiqc_plots/pdf/cutadapt_trimmed_sequences_plot_3_Obs_Exp.pdf",
                "multiqc/bwamem/multiqc_plots/pdf/fastqc-status-check-heatmap.pdf",
                "multiqc/bwamem/multiqc_plots/pdf/fastqc_adapter_content_plot.pdf",
                "multiqc/bwamem/multiqc_plots/pdf/fastqc_overrepresented_sequences_plot.pdf",
                "multiqc/bwamem/multiqc_plots/pdf/fastqc_per_base_n_content_plot.pdf",
                "multiqc/bwamem/multiqc_plots/pdf/fastqc_per_base_sequence_quality_plot.pdf",
                "multiqc/bwamem/multiqc_plots/pdf/fastqc_per_sequence_gc_content_plot_Counts.pdf",
                "multiqc/bwamem/multiqc_plots/pdf/fastqc_per_sequence_gc_content_plot_Percentages.pdf",
                "multiqc/bwamem/multiqc_plots/pdf/fastqc_per_sequence_quality_scores_plot.pdf",
                "multiqc/bwamem/multiqc_plots/pdf/fastqc_sequence_counts_plot-cnt.pdf",
                "multiqc/bwamem/multiqc_plots/pdf/fastqc_sequence_counts_plot-pct.pdf",
                "multiqc/bwamem/multiqc_plots/pdf/fastqc_sequence_duplication_levels_plot.pdf",
                "multiqc/bwamem/multiqc_plots/pdf/fastqc_top_overrepresented_sequences_table.pdf",
                "multiqc/bwamem/multiqc_plots/pdf/picard_deduplication-cnt.pdf",
                "multiqc/bwamem/multiqc_plots/pdf/picard_deduplication-pct.pdf",
                "multiqc/bwamem/multiqc_plots/png",
                "multiqc/bwamem/multiqc_plots/png/cutadapt_filtered_reads_plot-cnt.png",
                "multiqc/bwamem/multiqc_plots/png/cutadapt_filtered_reads_plot-pct.png",
                "multiqc/bwamem/multiqc_plots/png/cutadapt_trimmed_sequences_plot_3_Counts.png",
                "multiqc/bwamem/multiqc_plots/png/cutadapt_trimmed_sequences_plot_3_Obs_Exp.png",
                "multiqc/bwamem/multiqc_plots/png/fastqc-status-check-heatmap.png",
                "multiqc/bwamem/multiqc_plots/png/fastqc_adapter_content_plot.png",
                "multiqc/bwamem/multiqc_plots/png/fastqc_overrepresented_sequences_plot.png",
                "multiqc/bwamem/multiqc_plots/png/fastqc_per_base_n_content_plot.png",
                "multiqc/bwamem/multiqc_plots/png/fastqc_per_base_sequence_quality_plot.png",
                "multiqc/bwamem/multiqc_plots/png/fastqc_per_sequence_gc_content_plot_Counts.png",
                "multiqc/bwamem/multiqc_plots/png/fastqc_per_sequence_gc_content_plot_Percentages.png",
                "multiqc/bwamem/multiqc_plots/png/fastqc_per_sequence_quality_scores_plot.png",
                "multiqc/bwamem/multiqc_plots/png/fastqc_sequence_counts_plot-cnt.png",
                "multiqc/bwamem/multiqc_plots/png/fastqc_sequence_counts_plot-pct.png",
                "multiqc/bwamem/multiqc_plots/png/fastqc_sequence_duplication_levels_plot.png",
                "multiqc/bwamem/multiqc_plots/png/fastqc_top_overrepresented_sequences_table.png",
                "multiqc/bwamem/multiqc_plots/png/picard_deduplication-cnt.png",
                "multiqc/bwamem/multiqc_plots/png/picard_deduplication-pct.png",
                "multiqc/bwamem/multiqc_plots/svg",
                "multiqc/bwamem/multiqc_plots/svg/cutadapt_filtered_reads_plot-cnt.svg",
                "multiqc/bwamem/multiqc_plots/svg/cutadapt_filtered_reads_plot-pct.svg",
                "multiqc/bwamem/multiqc_plots/svg/cutadapt_trimmed_sequences_plot_3_Counts.svg",
                "multiqc/bwamem/multiqc_plots/svg/cutadapt_trimmed_sequences_plot_3_Obs_Exp.svg",
                "multiqc/bwamem/multiqc_plots/svg/fastqc-status-check-heatmap.svg",
                "multiqc/bwamem/multiqc_plots/svg/fastqc_adapter_content_plot.svg",
                "multiqc/bwamem/multiqc_plots/svg/fastqc_overrepresented_sequences_plot.svg",
                "multiqc/bwamem/multiqc_plots/svg/fastqc_per_base_n_content_plot.svg",
                "multiqc/bwamem/multiqc_plots/svg/fastqc_per_base_sequence_quality_plot.svg",
                "multiqc/bwamem/multiqc_plots/svg/fastqc_per_sequence_gc_content_plot_Counts.svg",
                "multiqc/bwamem/multiqc_plots/svg/fastqc_per_sequence_gc_content_plot_Percentages.svg",
                "multiqc/bwamem/multiqc_plots/svg/fastqc_per_sequence_quality_scores_plot.svg",
                "multiqc/bwamem/multiqc_plots/svg/fastqc_sequence_counts_plot-cnt.svg",
                "multiqc/bwamem/multiqc_plots/svg/fastqc_sequence_counts_plot-pct.svg",
                "multiqc/bwamem/multiqc_plots/svg/fastqc_sequence_duplication_levels_plot.svg",
                "multiqc/bwamem/multiqc_plots/svg/fastqc_top_overrepresented_sequences_table.svg",
                "multiqc/bwamem/multiqc_plots/svg/picard_deduplication-cnt.svg",
                "multiqc/bwamem/multiqc_plots/svg/picard_deduplication-pct.svg",
                "multiqc/bwamem/multiqc_report.html",
                "pipeline_info",
                "pipeline_info/nf_core_methylseq_software_mqc_versions.yml",
                "pipeline_info/nf_core_methylseq_topic_versions.yml",
                "rastair",
                "rastair/call",
                "rastair/call/Ecoli_10K_methylated.rastair_call.txt",
                "rastair/call/SRR389222_sub1.rastair_call.txt",
                "rastair/call/SRR389222_sub2.rastair_call.txt",
                "rastair/call/SRR389222_sub3.rastair_call.txt",
                "rastair/mbias",
                "rastair/mbias/Ecoli_10K_methylated.rastair_mbias.txt",
                "rastair/mbias/SRR389222_sub1.rastair_mbias.txt",
                "rastair/mbias/SRR389222_sub2.rastair_mbias.txt",
                "rastair/mbias/SRR389222_sub3.rastair_mbias.txt",
                "rastair/mbiasparser",
                "rastair/mbiasparser/Ecoli_10K_methylated.rastair_mbias_processed.csv",
                "rastair/mbiasparser/SRR389222_sub1.rastair_mbias_processed.csv",
                "rastair/mbiasparser/SRR389222_sub2.rastair_mbias_processed.csv",
                "rastair/mbiasparser/SRR389222_sub3.rastair_mbias_processed.csv",
                "rastair/methylkit",
                "rastair/methylkit/Ecoli_10K_methylated.rastair_methylkit.txt.gz",
                "rastair/methylkit/SRR389222_sub1.rastair_methylkit.txt.gz",
                "rastair/methylkit/SRR389222_sub2.rastair_methylkit.txt.gz",
                "rastair/methylkit/SRR389222_sub3.rastair_methylkit.txt.gz",
                "trimgalore",
                "trimgalore/fastqc",
                "trimgalore/fastqc/Ecoli_10K_methylated_1_val_1_fastqc.html",
                "trimgalore/fastqc/Ecoli_10K_methylated_2_val_2_fastqc.html",
                "trimgalore/fastqc/SRR389222_sub1_trimmed_fastqc.html",
                "trimgalore/fastqc/SRR389222_sub2_trimmed_fastqc.html",
                "trimgalore/fastqc/SRR389222_sub3_trimmed_fastqc.html",
                "trimgalore/fastqc/zips",
                "trimgalore/fastqc/zips/Ecoli_10K_methylated_1_val_1_fastqc.zip",
                "trimgalore/fastqc/zips/Ecoli_10K_methylated_2_val_2_fastqc.zip",
                "trimgalore/fastqc/zips/SRR389222_sub1_trimmed_fastqc.zip",
                "trimgalore/fastqc/zips/SRR389222_sub2_trimmed_fastqc.zip",
                "trimgalore/fastqc/zips/SRR389222_sub3_trimmed_fastqc.zip",
                "trimgalore/logs",
                "trimgalore/logs/Ecoli_10K_methylated_1.fastq.gz_trimming_report.txt",
                "trimgalore/logs/Ecoli_10K_methylated_2.fastq.gz_trimming_report.txt",
                "trimgalore/logs/SRR389222_sub1.fastq.gz_trimming_report.txt",
                "trimgalore/logs/SRR389222_sub2.fastq.gz_trimming_report.txt",
                "trimgalore/logs/SRR389222_sub3.fastq.gz_trimming_report.txt"
            ],
            [
                "Ecoli_10K_methylated.flagstat:md5,6875b2d49eec4f8b199bceda4f3ab148",
                "Ecoli_10K_methylated.idxstats:md5,bfccbb1237079763a8b6625821423ed0",
                "Ecoli_10K_methylated.stats:md5,965d7d335a6f918ee8ec6d359afc5651",
                "SRR389222_sub1.flagstat:md5,fbfec3e5592cbb11f050ed06983f2bbd",
                "SRR389222_sub1.idxstats:md5,47eaa730cb2000975476b03df209a5e8",
                "SRR389222_sub1.stats:md5,78965287ea508ee7b387cf9614de7de2",
                "SRR389222_sub2.flagstat:md5,0ad57bb4ef7b258fc23d9b3ab7ed26b4",
                "SRR389222_sub2.idxstats:md5,766288f18a1767e4b95c7383005161e8",
                "SRR389222_sub2.stats:md5,3622a00daee1b2dbe01fcabb6f130c01",
                "SRR389222_sub3.flagstat:md5,c6e3f93f66e47ff2138f640eaebd1c3b",
                "SRR389222_sub3.idxstats:md5,59fa8ca802e25072377a7527a6801f9b",
                "SRR389222_sub3.stats:md5,8c80eeb3baf1fcbaf02cbdff40ab22ae",
                "cutadapt_filtered_reads_plot.txt:md5,ff1b6d4011a5be5410b9404f7ff56c56",
                "cutadapt_trimmed_sequences_plot_3_Counts.txt:md5,57d07c19b0c30dc88df96c30bedcdc33",
                "cutadapt_trimmed_sequences_plot_3_Obs_Exp.txt:md5,1e5ca4193f8290c5c812334d03615b41",
                "fastqc-status-check-heatmap.txt:md5,218c2a7efbb9c02f652fa78fc739c866",
                "fastqc_adapter_content_plot.txt:md5,48d8bd5ece984a74972ce0a0e814dd07",
                "fastqc_overrepresented_sequences_plot.txt:md5,9c4b7064950b5b2c486d556984f21e9e",
                "fastqc_per_base_n_content_plot.txt:md5,019d5cd4f61a31f4e7016140ca8ee36e",
                "fastqc_per_base_sequence_quality_plot.txt:md5,e4c7d522114eab9bc9101e7ee9d83c8f",
                "fastqc_per_sequence_gc_content_plot_Counts.txt:md5,302659bee8a02b6a38b24fe25f8eaa87",
                "fastqc_per_sequence_gc_content_plot_Percentages.txt:md5,c75b396eb5dda8682fb1652a9b2e92a3",
                "fastqc_per_sequence_quality_scores_plot.txt:md5,548c593f4a8be2d8627fc3bd1c280611",
                "fastqc_sequence_counts_plot.txt:md5,58eeeb06bc9dcc1764c7daf0847d6bbf",
                "fastqc_sequence_duplication_levels_plot.txt:md5,9e5712db9aa39b5754ea1e0c49cfff15",
                "fastqc_top_overrepresented_sequences_table.txt:md5,6dfc5334a09c05392ea17369aa742d01",
                "multiqc_citations.txt:md5,78cc0f4521878c6c4beaf54ad968e411",
                "multiqc_cutadapt.txt:md5,883891ac4901385102be053212068732",
                "multiqc_picard_dups.txt:md5,d55cf05658f0502ffbe45fa497627b73",
                "picard_MarkIlluminaAdapters_histogram.txt:md5,d41d8cd98f00b204e9800998ecf8427e",
                "picard_MeanQualityByCycle_histogram.txt:md5,d41d8cd98f00b204e9800998ecf8427e",
                "picard_MeanQualityByCycle_histogram_1.txt:md5,d41d8cd98f00b204e9800998ecf8427e",
                "picard_QualityScoreDistribution_histogram.txt:md5,d41d8cd98f00b204e9800998ecf8427e",
                "picard_deduplication.txt:md5,1cf872a93c4e7c5dfa9bcaba5e5c9609",
                "Ecoli_10K_methylated.rastair_call.txt:md5,23f789a8fe5a457e368f36e02a87ecb2",
                "SRR389222_sub1.rastair_call.txt:md5,23f789a8fe5a457e368f36e02a87ecb2",
                "SRR389222_sub2.rastair_call.txt:md5,23f789a8fe5a457e368f36e02a87ecb2",
                "SRR389222_sub3.rastair_call.txt:md5,23f789a8fe5a457e368f36e02a87ecb2",
                "Ecoli_10K_methylated.rastair_mbias.txt:md5,63f016218f9c85a24526a9e68c97c5b7",
                "SRR389222_sub1.rastair_mbias.txt:md5,63f016218f9c85a24526a9e68c97c5b7",
                "SRR389222_sub2.rastair_mbias.txt:md5,63f016218f9c85a24526a9e68c97c5b7",
                "SRR389222_sub3.rastair_mbias.txt:md5,63f016218f9c85a24526a9e68c97c5b7",
                "Ecoli_10K_methylated.rastair_mbias_processed.csv:md5,e46ba9ffc77f03688559a3007e005d91",
                "SRR389222_sub1.rastair_mbias_processed.csv:md5,e46ba9ffc77f03688559a3007e005d91",
                "SRR389222_sub2.rastair_mbias_processed.csv:md5,e46ba9ffc77f03688559a3007e005d91",
                "SRR389222_sub3.rastair_mbias_processed.csv:md5,e46ba9ffc77f03688559a3007e005d91",
                "Ecoli_10K_methylated.rastair_methylkit.txt.gz:md5,90fdfdb464f2a375c96bf64ea2d30445",
                "SRR389222_sub1.rastair_methylkit.txt.gz:md5,90fdfdb464f2a375c96bf64ea2d30445",
                "SRR389222_sub2.rastair_methylkit.txt.gz:md5,90fdfdb464f2a375c96bf64ea2d30445",
                "SRR389222_sub3.rastair_methylkit.txt.gz:md5,90fdfdb464f2a375c96bf64ea2d30445"
            ],
            [
                [
                    "Ecoli_10K_methylated.markdup.sorted.bam",
                    "ab11b56e62ca10400198aeaf7ff734e3"
                ],
                [
                    "SRR389222_sub1.markdup.sorted.bam",
                    "afd6b0434556e362a677a5f6bf75e214"
                ],
                [
                    "SRR389222_sub2.markdup.sorted.bam",
                    "13bf6e409b464c7ef60dc8d2757daa9c"
                ],
                [
                    "SRR389222_sub3.markdup.sorted.bam",
                    "7934578fa655119e9ab995fe8e793f44"
                ]
            ]
        ],
        "timestamp": "2026-07-19T18:23:12.304488009",
        "meta": {
            "nf-test": "0.9.5",
            "nextflow": "25.04.0"
        }
    }
}