{
    "Bwameth: save_reference | save_align_intermeds": {
        "content": [
            50,
            {
                "BWAMETH_ALIGN": {
                    "bwameth": "0.2.7"
                },
                "BWAMETH_INDEX": {
                    "bwameth": "0.2.7"
                },
                "FASTQC": {
                    "fastqc": "0.12.1"
                },
                "QUALIMAP_BAMQC": {
                    "qualimap": 2.3
                },
                "TRIMGALORE": {
                    "trimgalore": "0.6.7",
                    "cutadapt": 3.4
                },
                "Workflow": {
                    "nf-core/methylseq": "v2.7.0"
                }
            },
            [
                "bwameth",
                "alignments",
                "Ecoli_10K_methylated.bam",
                "Ecoli_10K_methylated.sorted.bam",
                "Ecoli_10K_methylated.sorted.bam.bai",
                "SRR389222_sub1.bam",
                "SRR389222_sub1.sorted.bam",
                "SRR389222_sub1.sorted.bam.bai",
                "SRR389222_sub2.bam",
                "SRR389222_sub2.sorted.bam",
                "SRR389222_sub2.sorted.bam.bai",
                "SRR389222_sub3.bam",
                "SRR389222_sub3.sorted.bam",
                "SRR389222_sub3.sorted.bam.bai",
                "samtools_stats",
                "Ecoli_10K_methylated.flagstat",
                "Ecoli_10K_methylated.stats",
                "SRR389222_sub1.flagstat",
                "SRR389222_sub1.stats",
                "SRR389222_sub2.flagstat",
                "SRR389222_sub2.stats",
                "SRR389222_sub3.flagstat",
                "SRR389222_sub3.stats",
                "deduplicated",
                "Ecoli_10K_methylated.markdup.sorted.bam",
                "Ecoli_10K_methylated.markdup.sorted.bam.bai",
                "SRR389222_sub1.markdup.sorted.bam",
                "SRR389222_sub1.markdup.sorted.bam.bai",
                "SRR389222_sub2.markdup.sorted.bam",
                "SRR389222_sub2.markdup.sorted.bam.bai",
                "SRR389222_sub3.markdup.sorted.bam",
                "SRR389222_sub3.markdup.sorted.bam.bai",
                "picard_metrics",
                "Ecoli_10K_methylated.markdup.sorted.MarkDuplicates.metrics.txt",
                "SRR389222_sub1.markdup.sorted.MarkDuplicates.metrics.txt",
                "SRR389222_sub2.markdup.sorted.MarkDuplicates.metrics.txt",
                "SRR389222_sub3.markdup.sorted.MarkDuplicates.metrics.txt",
                "reference_genome",
                "bwameth",
                "genome.fa",
                "genome.fa.bwameth.c2t",
                "genome.fa.bwameth.c2t.amb",
                "genome.fa.bwameth.c2t.ann",
                "genome.fa.bwameth.c2t.bwt",
                "genome.fa.bwameth.c2t.pac",
                "genome.fa.bwameth.c2t.sa",
                "fastqc",
                "Ecoli_10K_methylated_1_fastqc.html",
                "Ecoli_10K_methylated_2_fastqc.html",
                "SRR389222_sub1_fastqc.html",
                "SRR389222_sub2_fastqc.html",
                "SRR389222_sub3_fastqc.html",
                "zips",
                "Ecoli_10K_methylated_1_fastqc.zip",
                "Ecoli_10K_methylated_2_fastqc.zip",
                "SRR389222_sub1_fastqc.zip",
                "SRR389222_sub2_fastqc.zip",
                "SRR389222_sub3_fastqc.zip",
                "methyldackel",
                "Ecoli_10K_methylated.markdup.sorted_CpG.bedGraph",
                "SRR389222_sub1.markdup.sorted_CpG.bedGraph",
                "SRR389222_sub2.markdup.sorted_CpG.bedGraph",
                "SRR389222_sub3.markdup.sorted_CpG.bedGraph",
                "mbias",
                "Ecoli_10K_methylated.mbias.txt",
                "SRR389222_sub1.mbias.txt",
                "SRR389222_sub2.mbias.txt",
                "SRR389222_sub3.mbias.txt",
                "multiqc",
                "bwameth",
                "multiqc_data",
                "cutadapt_filtered_reads_plot.txt",
                "cutadapt_trimmed_sequences_plot_3_Counts.txt",
                "cutadapt_trimmed_sequences_plot_3_Obs_Exp.txt",
                "fastqc-status-check-heatmap.txt",
                "fastqc_adapter_content_plot.txt",
                "fastqc_overrepresented_sequences_plot.txt",
                "fastqc_per_base_n_content_plot.txt",
                "fastqc_per_base_sequence_quality_plot.txt",
                "fastqc_per_sequence_gc_content_plot_Counts.txt",
                "fastqc_per_sequence_gc_content_plot_Percentages.txt",
                "fastqc_per_sequence_quality_scores_plot.txt",
                "fastqc_sequence_counts_plot.txt",
                "fastqc_sequence_duplication_levels_plot.txt",
                "fastqc_top_overrepresented_sequences_table.txt",
                "multiqc.log",
                "multiqc_citations.txt",
                "multiqc_cutadapt.txt",
                "multiqc_data.json",
                "multiqc_fastqc.txt",
                "multiqc_general_stats.txt",
                "multiqc_picard_dups.txt",
                "multiqc_qualimap_bamqc_genome_results.txt",
                "multiqc_samtools_flagstat.txt",
                "multiqc_samtools_stats.txt",
                "multiqc_software_versions.txt",
                "multiqc_sources.txt",
                "picard_deduplication.txt",
                "picard_histogram.txt",
                "picard_histogram_1.txt",
                "picard_histogram_2.txt",
                "qualimap_coverage_histogram.txt",
                "qualimap_gc_content.txt",
                "qualimap_genome_fraction.txt",
                "qualimap_insert_size.txt",
                "samtools-flagstat-dp_Percentage_of_total.txt",
                "samtools-flagstat-dp_Read_counts.txt",
                "samtools-stats-dp.txt",
                "samtools_alignment_plot.txt",
                "multiqc_plots",
                "pdf",
                "cutadapt_filtered_reads_plot-cnt.pdf",
                "cutadapt_filtered_reads_plot-pct.pdf",
                "cutadapt_trimmed_sequences_plot_3_Counts.pdf",
                "cutadapt_trimmed_sequences_plot_3_Obs_Exp.pdf",
                "fastqc-status-check-heatmap.pdf",
                "fastqc_adapter_content_plot.pdf",
                "fastqc_overrepresented_sequences_plot.pdf",
                "fastqc_per_base_n_content_plot.pdf",
                "fastqc_per_base_sequence_quality_plot.pdf",
                "fastqc_per_sequence_gc_content_plot_Counts.pdf",
                "fastqc_per_sequence_gc_content_plot_Percentages.pdf",
                "fastqc_per_sequence_quality_scores_plot.pdf",
                "fastqc_sequence_counts_plot-cnt.pdf",
                "fastqc_sequence_counts_plot-pct.pdf",
                "fastqc_sequence_duplication_levels_plot.pdf",
                "fastqc_top_overrepresented_sequences_table.pdf",
                "general_stats_table.pdf",
                "picard_deduplication-cnt.pdf",
                "picard_deduplication-pct.pdf",
                "qualimap_coverage_histogram.pdf",
                "qualimap_gc_content.pdf",
                "qualimap_genome_fraction.pdf",
                "qualimap_insert_size.pdf",
                "samtools-flagstat-dp_Percentage_of_total.pdf",
                "samtools-flagstat-dp_Read_counts.pdf",
                "samtools-stats-dp.pdf",
                "samtools_alignment_plot-cnt.pdf",
                "samtools_alignment_plot-pct.pdf",
                "png",
                "cutadapt_filtered_reads_plot-cnt.png",
                "cutadapt_filtered_reads_plot-pct.png",
                "cutadapt_trimmed_sequences_plot_3_Counts.png",
                "cutadapt_trimmed_sequences_plot_3_Obs_Exp.png",
                "fastqc-status-check-heatmap.png",
                "fastqc_adapter_content_plot.png",
                "fastqc_overrepresented_sequences_plot.png",
                "fastqc_per_base_n_content_plot.png",
                "fastqc_per_base_sequence_quality_plot.png",
                "fastqc_per_sequence_gc_content_plot_Counts.png",
                "fastqc_per_sequence_gc_content_plot_Percentages.png",
                "fastqc_per_sequence_quality_scores_plot.png",
                "fastqc_sequence_counts_plot-cnt.png",
                "fastqc_sequence_counts_plot-pct.png",
                "fastqc_sequence_duplication_levels_plot.png",
                "fastqc_top_overrepresented_sequences_table.png",
                "general_stats_table.png",
                "picard_deduplication-cnt.png",
                "picard_deduplication-pct.png",
                "qualimap_coverage_histogram.png",
                "qualimap_gc_content.png",
                "qualimap_genome_fraction.png",
                "qualimap_insert_size.png",
                "samtools-flagstat-dp_Percentage_of_total.png",
                "samtools-flagstat-dp_Read_counts.png",
                "samtools-stats-dp.png",
                "samtools_alignment_plot-cnt.png",
                "samtools_alignment_plot-pct.png",
                "svg",
                "cutadapt_filtered_reads_plot-cnt.svg",
                "cutadapt_filtered_reads_plot-pct.svg",
                "cutadapt_trimmed_sequences_plot_3_Counts.svg",
                "cutadapt_trimmed_sequences_plot_3_Obs_Exp.svg",
                "fastqc-status-check-heatmap.svg",
                "fastqc_adapter_content_plot.svg",
                "fastqc_overrepresented_sequences_plot.svg",
                "fastqc_per_base_n_content_plot.svg",
                "fastqc_per_base_sequence_quality_plot.svg",
                "fastqc_per_sequence_gc_content_plot_Counts.svg",
                "fastqc_per_sequence_gc_content_plot_Percentages.svg",
                "fastqc_per_sequence_quality_scores_plot.svg",
                "fastqc_sequence_counts_plot-cnt.svg",
                "fastqc_sequence_counts_plot-pct.svg",
                "fastqc_sequence_duplication_levels_plot.svg",
                "fastqc_top_overrepresented_sequences_table.svg",
                "general_stats_table.svg",
                "picard_deduplication-cnt.svg",
                "picard_deduplication-pct.svg",
                "qualimap_coverage_histogram.svg",
                "qualimap_gc_content.svg",
                "qualimap_genome_fraction.svg",
                "qualimap_insert_size.svg",
                "samtools-flagstat-dp_Percentage_of_total.svg",
                "samtools-flagstat-dp_Read_counts.svg",
                "samtools-stats-dp.svg",
                "samtools_alignment_plot-cnt.svg",
                "samtools_alignment_plot-pct.svg",
                "multiqc_report.html",
                "pipeline_info",
                "nf_core_pipeline_software_mqc_versions.yml",
                "qualimap",
                "Ecoli_10K_methylated",
                "css",
                "agogo.css",
                "ajax-loader.gif",
                "basic.css",
                "bgfooter.png",
                "bgtop.png",
                "comment-bright.png",
                "comment-close.png",
                "comment.png",
                "doctools.js",
                "down-pressed.png",
                "down.png",
                "file.png",
                "jquery.js",
                "minus.png",
                "plus.png",
                "pygments.css",
                "qualimap_logo_small.png",
                "report.css",
                "searchtools.js",
                "underscore.js",
                "up-pressed.png",
                "up.png",
                "websupport.js",
                "genome_results.txt",
                "images_qualimapReport",
                "genome_coverage_0to50_histogram.png",
                "genome_coverage_across_reference.png",
                "genome_coverage_histogram.png",
                "genome_coverage_quotes.png",
                "genome_gc_content_per_window.png",
                "genome_homopolymer_indels.png",
                "genome_insert_size_across_reference.png",
                "genome_insert_size_histogram.png",
                "genome_mapping_quality_across_reference.png",
                "genome_mapping_quality_histogram.png",
                "genome_reads_clipping_profile.png",
                "genome_reads_content_per_read_position.png",
                "genome_uniq_read_starts_histogram.png",
                "qualimapReport.html",
                "raw_data_qualimapReport",
                "coverage_across_reference.txt",
                "coverage_histogram.txt",
                "duplication_rate_histogram.txt",
                "genome_fraction_coverage.txt",
                "homopolymer_indels.txt",
                "insert_size_across_reference.txt",
                "insert_size_histogram.txt",
                "mapped_reads_clipping_profile.txt",
                "mapped_reads_gc-content_distribution.txt",
                "mapped_reads_nucleotide_content.txt",
                "mapping_quality_across_reference.txt",
                "mapping_quality_histogram.txt",
                "SRR389222_sub1",
                "css",
                "agogo.css",
                "ajax-loader.gif",
                "basic.css",
                "bgfooter.png",
                "bgtop.png",
                "comment-bright.png",
                "comment-close.png",
                "comment.png",
                "doctools.js",
                "down-pressed.png",
                "down.png",
                "file.png",
                "jquery.js",
                "minus.png",
                "plus.png",
                "pygments.css",
                "qualimap_logo_small.png",
                "report.css",
                "searchtools.js",
                "underscore.js",
                "up-pressed.png",
                "up.png",
                "websupport.js",
                "genome_results.txt",
                "qualimapReport.html",
                "raw_data_qualimapReport",
                "SRR389222_sub2",
                "css",
                "agogo.css",
                "ajax-loader.gif",
                "basic.css",
                "bgfooter.png",
                "bgtop.png",
                "comment-bright.png",
                "comment-close.png",
                "comment.png",
                "doctools.js",
                "down-pressed.png",
                "down.png",
                "file.png",
                "jquery.js",
                "minus.png",
                "plus.png",
                "pygments.css",
                "qualimap_logo_small.png",
                "report.css",
                "searchtools.js",
                "underscore.js",
                "up-pressed.png",
                "up.png",
                "websupport.js",
                "genome_results.txt",
                "qualimapReport.html",
                "raw_data_qualimapReport",
                "SRR389222_sub3",
                "css",
                "agogo.css",
                "ajax-loader.gif",
                "basic.css",
                "bgfooter.png",
                "bgtop.png",
                "comment-bright.png",
                "comment-close.png",
                "comment.png",
                "doctools.js",
                "down-pressed.png",
                "down.png",
                "file.png",
                "jquery.js",
                "minus.png",
                "plus.png",
                "pygments.css",
                "qualimap_logo_small.png",
                "report.css",
                "searchtools.js",
                "underscore.js",
                "up-pressed.png",
                "up.png",
                "websupport.js",
                "genome_results.txt",
                "qualimapReport.html",
                "raw_data_qualimapReport",
                "trimgalore",
                "fastqc",
                "Ecoli_10K_methylated_1_val_1_fastqc.html",
                "Ecoli_10K_methylated_2_val_2_fastqc.html",
                "SRR389222_sub1_trimmed_fastqc.html",
                "SRR389222_sub2_trimmed_fastqc.html",
                "SRR389222_sub3_trimmed_fastqc.html",
                "zips",
                "Ecoli_10K_methylated_1_val_1_fastqc.zip",
                "Ecoli_10K_methylated_2_val_2_fastqc.zip",
                "SRR389222_sub1_trimmed_fastqc.zip",
                "SRR389222_sub2_trimmed_fastqc.zip",
                "SRR389222_sub3_trimmed_fastqc.zip",
                "logs",
                "Ecoli_10K_methylated_1.fastq.gz_trimming_report.txt",
                "Ecoli_10K_methylated_2.fastq.gz_trimming_report.txt",
                "SRR389222_sub1.fastq.gz_trimming_report.txt",
                "SRR389222_sub2.fastq.gz_trimming_report.txt",
                "SRR389222_sub3.fastq.gz_trimming_report.txt"
            ],
            [
                "Ecoli_10K_methylated.bam:md5,486b6a3a775e4f35d38de283f4d36571",
                "Ecoli_10K_methylated.sorted.bam:md5,b4a6abfc46cd64f718ac385b5340af78",
                "Ecoli_10K_methylated.sorted.bam.bai:md5,1416eb5b455d1f6adb10cf4e57101591",
                "SRR389222_sub1.bam:md5,13fa13a2d39fcc3740badd05f0f6f299",
                "SRR389222_sub1.sorted.bam:md5,43abe8f3423f450b77462c6bd2476ef3",
                "SRR389222_sub1.sorted.bam.bai:md5,c95cb45c3f0a9a82bf78a7914b38ebaf",
                "SRR389222_sub2.bam:md5,10442be5d5f47833310f9dd055adbe5c",
                "SRR389222_sub2.sorted.bam:md5,4dda9cfb349cf68ba441226d59e135e8",
                "SRR389222_sub2.sorted.bam.bai:md5,fbe5ef44841a8b6028bdb7c14ae67e59",
                "SRR389222_sub3.bam:md5,a11eb7feb5f013cc2f489cb675cf182e",
                "SRR389222_sub3.sorted.bam:md5,88de0af4481265cae2c574119e6400e5",
                "SRR389222_sub3.sorted.bam.bai:md5,d7d62a85aac95328011ba48c37f3cf1c",
                "Ecoli_10K_methylated.flagstat:md5,f520e87cc4050799a0dbed72909572ec",
                "Ecoli_10K_methylated.stats:md5,2df1b94e099f2948ad990224f7cf07a4",
                "SRR389222_sub1.flagstat:md5,ad8159a7683b9c3057bf54ccb77a2ddc",
                "SRR389222_sub1.stats:md5,0f660ccc767662d4bd8c5197f3d46a87",
                "SRR389222_sub2.flagstat:md5,e768b4f54014d62b096152c44f920bc1",
                "SRR389222_sub2.stats:md5,9343b74f4d825bfb2a554be3d8bed432",
                "SRR389222_sub3.flagstat:md5,39516f7d2c77e6fef9543edf8cddbcd6",
                "SRR389222_sub3.stats:md5,f41e135f71893e2a8b589c4a66cbfeec",
                "genome.fa:md5,923a0a268ad29fee3c3437d00f9970de",
                "genome.fa.bwameth.c2t:md5,e51d48ed28fa0c26e2f9c9f13d09403b",
                "genome.fa.bwameth.c2t.amb:md5,010a242c6764efb30141868a45d698b3",
                "genome.fa.bwameth.c2t.ann:md5,09b4db3d87a2d4dac9e10e807f377110",
                "genome.fa.bwameth.c2t.bwt:md5,4646f8ae6bd523b7f4106bbd32eff95e",
                "genome.fa.bwameth.c2t.pac:md5,a662d7add09698e25c8152fd2306ec66",
                "genome.fa.bwameth.c2t.sa:md5,4a1e905b828396a1909669bc9c573d8d",
                "Ecoli_10K_methylated.markdup.sorted_CpG.bedGraph:md5,d3bce01078b6e7749f3906bf9faad5b5",
                "SRR389222_sub1.markdup.sorted_CpG.bedGraph:md5,0944ad0e3b05791bf6dfd06be7ca4af1",
                "SRR389222_sub2.markdup.sorted_CpG.bedGraph:md5,0a3c19af55d1625e91903ae25d1d2098",
                "SRR389222_sub3.markdup.sorted_CpG.bedGraph:md5,a91e6b039e9581a9d2ef6f6057918b39",
                "Ecoli_10K_methylated.mbias.txt:md5,3a448a2a6364b2de3129365a271c0534",
                "SRR389222_sub1.mbias.txt:md5,fce04d733e066d0b933cedc602e2af81",
                "SRR389222_sub2.mbias.txt:md5,fce04d733e066d0b933cedc602e2af81",
                "SRR389222_sub3.mbias.txt:md5,fce04d733e066d0b933cedc602e2af81",
                "cutadapt_filtered_reads_plot.txt:md5,ff1b6d4011a5be5410b9404f7ff56c56",
                "cutadapt_trimmed_sequences_plot_3_Counts.txt:md5,57d07c19b0c30dc88df96c30bedcdc33",
                "cutadapt_trimmed_sequences_plot_3_Obs_Exp.txt:md5,1e5ca4193f8290c5c812334d03615b41",
                "fastqc-status-check-heatmap.txt:md5,218c2a7efbb9c02f652fa78fc739c866",
                "fastqc_adapter_content_plot.txt:md5,48d8bd5ece984a74972ce0a0e814dd07",
                "fastqc_overrepresented_sequences_plot.txt:md5,9c4b7064950b5b2c486d556984f21e9e",
                "fastqc_per_base_n_content_plot.txt:md5,019d5cd4f61a31f4e7016140ca8ee36e",
                "fastqc_per_base_sequence_quality_plot.txt:md5,e4c7d522114eab9bc9101e7ee9d83c8f",
                "fastqc_per_sequence_gc_content_plot_Counts.txt:md5,302659bee8a02b6a38b24fe25f8eaa87",
                "fastqc_per_sequence_gc_content_plot_Percentages.txt:md5,c75b396eb5dda8682fb1652a9b2e92a3",
                "fastqc_per_sequence_quality_scores_plot.txt:md5,548c593f4a8be2d8627fc3bd1c280611",
                "fastqc_sequence_counts_plot.txt:md5,58eeeb06bc9dcc1764c7daf0847d6bbf",
                "fastqc_sequence_duplication_levels_plot.txt:md5,9e5712db9aa39b5754ea1e0c49cfff15",
                "multiqc_citations.txt:md5,581df5b266851d0244e7cfb213351ffb",
                "multiqc_cutadapt.txt:md5,9423377cea77c773f2ef2be03e5d1e04",
                "multiqc_picard_dups.txt:md5,82eaab96189f22fd93db38bb516ba6a5",
                "multiqc_samtools_flagstat.txt:md5,a8f5b45b8b3412a9adc3dd0d35208c73",
                "multiqc_samtools_stats.txt:md5,e24271a8111b06c1f545b6b1a077a4a7",
                "multiqc_software_versions.txt:md5,ea71cd4a77f55cd04ddf0c7e4ef02cb1",
                "picard_deduplication.txt:md5,7dacf4d4e0d7d2d9a7205beecfa7125c",
                "picard_histogram.txt:md5,d41d8cd98f00b204e9800998ecf8427e",
                "picard_histogram_1.txt:md5,d41d8cd98f00b204e9800998ecf8427e",
                "picard_histogram_2.txt:md5,d41d8cd98f00b204e9800998ecf8427e",
                "qualimap_coverage_histogram.txt:md5,c7c932e4d84b735bd434c1aaa713b6e6",
                "qualimap_gc_content.txt:md5,893d1acba7a6675ff9e2eff2985fa4e3",
                "qualimap_genome_fraction.txt:md5,ef5b6010b52a03f6e58356db7128d0dc",
                "qualimap_insert_size.txt:md5,f86cc9fe7a12af8f62f26312660e9225",
                "samtools-flagstat-dp_Percentage_of_total.txt:md5,ff5d65a480449ba98587c43f3a2bd33e",
                "samtools-flagstat-dp_Read_counts.txt:md5,6a5332e2ad59f7da00b5a9a1a25fd2f8",
                "samtools-stats-dp.txt:md5,52021b9a9455b39b39dd357bc2e8d346",
                "samtools_alignment_plot.txt:md5,39f42e039f96cc2b17248b44ccaf425b",
                "bgfooter.png:md5,ed01bb040346e4623cc87de331ddb4e1",
                "bgtop.png:md5,626a50532dc6e5adbdd968746ef318e8",
                "comment-bright.png:md5,0c850bb4920b581bf5e5dba5fa493a64",
                "comment-close.png:md5,2635dda49c823e8122d4d11ed385f33d",
                "comment.png:md5,882e40f3d6a16c6ed35659b105251525",
                "down-pressed.png:md5,ebe8979581eda700fb234a73c661a4b9",
                "down.png:md5,f6f3c819cc7ca27d7fd3347e5e7ffe0f",
                "file.png:md5,6587e59c55e626744eb6fc11129d99a7",
                "minus.png:md5,8d572395aa95c89584a09813ada4dfa1",
                "plus.png:md5,0125e6faa04e2cf0141a2d599d3bb220",
                "qualimap_logo_small.png:md5,7526f145a97be4682fd59e27dda4f71b",
                "up-pressed.png:md5,8ea9bd109342f87fee97943b479c6f7e",
                "up.png:md5,ecc373278454cc8ecc12d6ca69e55b36",
                "genome_results.txt:md5,1ee2e29ac41c2cd7e6a0f00741e8d16e",
                "genome_coverage_0to50_histogram.png:md5,2c5cd211837b2d4fe01ddad354d5211e",
                "genome_coverage_across_reference.png:md5,eb361fdf3a6b96f91c6fea5083cff81f",
                "genome_coverage_histogram.png:md5,4edfa52e16b71c63b80a802cb16a2f04",
                "genome_coverage_quotes.png:md5,0297a2d5a33e5c0cd6d40961d33139ac",
                "genome_gc_content_per_window.png:md5,aa7ea66cb94cd582db83e744203a137f",
                "genome_homopolymer_indels.png:md5,e9406a58d8df6b1b930636b07f2a6767",
                "genome_insert_size_across_reference.png:md5,3900fed8a1775605adcdcb9acd499b80",
                "genome_insert_size_histogram.png:md5,33957d27ec5b7180cc8447532cbfef57",
                "genome_mapping_quality_across_reference.png:md5,4d663703c8d8b967ce2372e457e6bba9",
                "genome_mapping_quality_histogram.png:md5,4c06a9a29fba3dc84a2b37e736ada597",
                "genome_reads_clipping_profile.png:md5,31c0938199fce4207269e12d158f63dc",
                "genome_reads_content_per_read_position.png:md5,e655bfeb69a21f69b5dbdb181dd1586a",
                "genome_uniq_read_starts_histogram.png:md5,f45743d65d23c9a53902480b018e828c",
                "coverage_across_reference.txt:md5,c4c7f930ad577d15de1358226acab252",
                "coverage_histogram.txt:md5,cddf42d662856425649c196c731f048b",
                "duplication_rate_histogram.txt:md5,764cb7ceebd9f6c40d68fac844d8645e",
                "genome_fraction_coverage.txt:md5,53bbcec7b73cabbacfee1519a047bcbf",
                "homopolymer_indels.txt:md5,99b50d128297f11553837958d07e0ec5",
                "insert_size_across_reference.txt:md5,d55ce0a480c4651cda5f204bb5596cc2",
                "insert_size_histogram.txt:md5,6cfc87a2fe207fe1b5e00a1dca58baa8",
                "mapped_reads_clipping_profile.txt:md5,f6ba286879f9d7fa3cd44653e32d7e3f",
                "mapped_reads_gc-content_distribution.txt:md5,5ccc04e2cfe72baf465834aaeec5f92c",
                "mapped_reads_nucleotide_content.txt:md5,87d4e3b86ac646498e986e8b5e05226e",
                "mapping_quality_across_reference.txt:md5,c483c7c5c75cc05ab696743934ae006b",
                "mapping_quality_histogram.txt:md5,97b8ae36235e0dabc17f2b0697e9d078",
                "bgfooter.png:md5,ed01bb040346e4623cc87de331ddb4e1",
                "bgtop.png:md5,626a50532dc6e5adbdd968746ef318e8",
                "comment-bright.png:md5,0c850bb4920b581bf5e5dba5fa493a64",
                "comment-close.png:md5,2635dda49c823e8122d4d11ed385f33d",
                "comment.png:md5,882e40f3d6a16c6ed35659b105251525",
                "down-pressed.png:md5,ebe8979581eda700fb234a73c661a4b9",
                "down.png:md5,f6f3c819cc7ca27d7fd3347e5e7ffe0f",
                "file.png:md5,6587e59c55e626744eb6fc11129d99a7",
                "minus.png:md5,8d572395aa95c89584a09813ada4dfa1",
                "plus.png:md5,0125e6faa04e2cf0141a2d599d3bb220",
                "qualimap_logo_small.png:md5,7526f145a97be4682fd59e27dda4f71b",
                "up-pressed.png:md5,8ea9bd109342f87fee97943b479c6f7e",
                "up.png:md5,ecc373278454cc8ecc12d6ca69e55b36",
                "genome_results.txt:md5,2c755b15ae5ad4a1d29395320a6264ca",
                "bgfooter.png:md5,ed01bb040346e4623cc87de331ddb4e1",
                "bgtop.png:md5,626a50532dc6e5adbdd968746ef318e8",
                "comment-bright.png:md5,0c850bb4920b581bf5e5dba5fa493a64",
                "comment-close.png:md5,2635dda49c823e8122d4d11ed385f33d",
                "comment.png:md5,882e40f3d6a16c6ed35659b105251525",
                "down-pressed.png:md5,ebe8979581eda700fb234a73c661a4b9",
                "down.png:md5,f6f3c819cc7ca27d7fd3347e5e7ffe0f",
                "file.png:md5,6587e59c55e626744eb6fc11129d99a7",
                "minus.png:md5,8d572395aa95c89584a09813ada4dfa1",
                "plus.png:md5,0125e6faa04e2cf0141a2d599d3bb220",
                "qualimap_logo_small.png:md5,7526f145a97be4682fd59e27dda4f71b",
                "up-pressed.png:md5,8ea9bd109342f87fee97943b479c6f7e",
                "up.png:md5,ecc373278454cc8ecc12d6ca69e55b36",
                "genome_results.txt:md5,2294badeccd2e8870fd6c60d115687b0",
                "bgfooter.png:md5,ed01bb040346e4623cc87de331ddb4e1",
                "bgtop.png:md5,626a50532dc6e5adbdd968746ef318e8",
                "comment-bright.png:md5,0c850bb4920b581bf5e5dba5fa493a64",
                "comment-close.png:md5,2635dda49c823e8122d4d11ed385f33d",
                "comment.png:md5,882e40f3d6a16c6ed35659b105251525",
                "down-pressed.png:md5,ebe8979581eda700fb234a73c661a4b9",
                "down.png:md5,f6f3c819cc7ca27d7fd3347e5e7ffe0f",
                "file.png:md5,6587e59c55e626744eb6fc11129d99a7",
                "minus.png:md5,8d572395aa95c89584a09813ada4dfa1",
                "plus.png:md5,0125e6faa04e2cf0141a2d599d3bb220",
                "qualimap_logo_small.png:md5,7526f145a97be4682fd59e27dda4f71b",
                "up-pressed.png:md5,8ea9bd109342f87fee97943b479c6f7e",
                "up.png:md5,ecc373278454cc8ecc12d6ca69e55b36",
                "genome_results.txt:md5,4da1144933d094185d02f7482c120804"
            ]
        ],
        "meta": {
            "nf-test": "0.9.0",
            "nextflow": "24.04.4"
        },
        "timestamp": "2024-09-27T11:06:05.893597622"
    }
}
