{
    "Bwameth: skip_deduplication": {
        "content": [
            42,
            {
                "BWAMETH_ALIGN": {
                    "bwameth": "0.2.7"
                },
                "BWAMETH_INDEX": {
                    "bwameth": "0.2.7"
                },
                "FASTQC": {
                    "fastqc": "0.12.1"
                },
                "QUALIMAP_BAMQC": {
                    "qualimap": 2.3
                },
                "TRIMGALORE": {
                    "trimgalore": "0.6.7",
                    "cutadapt": 3.4
                },
                "Workflow": {
                    "nf-core/methylseq": "v2.7.0dev"
                }
            },
            [
                "bwameth",
                "alignments",
                "samtools_stats",
                "Ecoli.flagstat",
                "Ecoli.stats",
                "SRR389222_sub1.flagstat",
                "SRR389222_sub1.stats",
                "SRR389222_sub2.flagstat",
                "SRR389222_sub2.stats",
                "SRR389222_sub3.flagstat",
                "SRR389222_sub3.stats",
                "fastqc",
                "Ecoli_1_fastqc.html",
                "Ecoli_2_fastqc.html",
                "SRR389222_sub1_fastqc.html",
                "SRR389222_sub2_fastqc.html",
                "SRR389222_sub3_fastqc.html",
                "zips",
                "Ecoli_1_fastqc.zip",
                "Ecoli_2_fastqc.zip",
                "SRR389222_sub1_fastqc.zip",
                "SRR389222_sub2_fastqc.zip",
                "SRR389222_sub3_fastqc.zip",
                "methyldackel",
                "Ecoli.sorted_CpG.bedGraph",
                "SRR389222_sub1.sorted_CpG.bedGraph",
                "SRR389222_sub2.sorted_CpG.bedGraph",
                "SRR389222_sub3.sorted_CpG.bedGraph",
                "mbias",
                "Ecoli.mbias.txt",
                "SRR389222_sub1.mbias.txt",
                "SRR389222_sub2.mbias.txt",
                "SRR389222_sub3.mbias.txt",
                "multiqc",
                "bwameth",
                "multiqc_data",
                "cutadapt_filtered_reads_plot.txt",
                "cutadapt_trimmed_sequences_plot_3_Counts.txt",
                "cutadapt_trimmed_sequences_plot_3_Obs_Exp.txt",
                "fastqc-status-check-heatmap.txt",
                "fastqc_adapter_content_plot.txt",
                "fastqc_overrepresented_sequences_plot.txt",
                "fastqc_per_base_n_content_plot.txt",
                "fastqc_per_base_sequence_quality_plot.txt",
                "fastqc_per_sequence_gc_content_plot_Counts.txt",
                "fastqc_per_sequence_gc_content_plot_Percentages.txt",
                "fastqc_per_sequence_quality_scores_plot.txt",
                "fastqc_sequence_counts_plot.txt",
                "fastqc_sequence_duplication_levels_plot.txt",
                "fastqc_top_overrepresented_sequences_table.txt",
                "multiqc.log",
                "multiqc_citations.txt",
                "multiqc_cutadapt.txt",
                "multiqc_data.json",
                "multiqc_fastqc.txt",
                "multiqc_general_stats.txt",
                "multiqc_qualimap_bamqc_genome_results.txt",
                "multiqc_samtools_flagstat.txt",
                "multiqc_samtools_stats.txt",
                "multiqc_software_versions.txt",
                "multiqc_sources.txt",
                "qualimap_coverage_histogram.txt",
                "qualimap_gc_content.txt",
                "qualimap_genome_fraction.txt",
                "qualimap_insert_size.txt",
                "samtools-flagstat-dp_Percentage_of_total.txt",
                "samtools-flagstat-dp_Read_counts.txt",
                "samtools-stats-dp.txt",
                "samtools_alignment_plot.txt",
                "multiqc_plots",
                "pdf",
                "cutadapt_filtered_reads_plot-cnt.pdf",
                "cutadapt_filtered_reads_plot-pct.pdf",
                "cutadapt_trimmed_sequences_plot_3_Counts.pdf",
                "cutadapt_trimmed_sequences_plot_3_Obs_Exp.pdf",
                "fastqc-status-check-heatmap.pdf",
                "fastqc_adapter_content_plot.pdf",
                "fastqc_overrepresented_sequences_plot.pdf",
                "fastqc_per_base_n_content_plot.pdf",
                "fastqc_per_base_sequence_quality_plot.pdf",
                "fastqc_per_sequence_gc_content_plot_Counts.pdf",
                "fastqc_per_sequence_gc_content_plot_Percentages.pdf",
                "fastqc_per_sequence_quality_scores_plot.pdf",
                "fastqc_sequence_counts_plot-cnt.pdf",
                "fastqc_sequence_counts_plot-pct.pdf",
                "fastqc_sequence_duplication_levels_plot.pdf",
                "fastqc_top_overrepresented_sequences_table.pdf",
                "general_stats_table.pdf",
                "qualimap_coverage_histogram.pdf",
                "qualimap_gc_content.pdf",
                "qualimap_genome_fraction.pdf",
                "qualimap_insert_size.pdf",
                "samtools-flagstat-dp_Percentage_of_total.pdf",
                "samtools-flagstat-dp_Read_counts.pdf",
                "samtools-stats-dp.pdf",
                "samtools_alignment_plot-cnt.pdf",
                "samtools_alignment_plot-pct.pdf",
                "png",
                "cutadapt_filtered_reads_plot-cnt.png",
                "cutadapt_filtered_reads_plot-pct.png",
                "cutadapt_trimmed_sequences_plot_3_Counts.png",
                "cutadapt_trimmed_sequences_plot_3_Obs_Exp.png",
                "fastqc-status-check-heatmap.png",
                "fastqc_adapter_content_plot.png",
                "fastqc_overrepresented_sequences_plot.png",
                "fastqc_per_base_n_content_plot.png",
                "fastqc_per_base_sequence_quality_plot.png",
                "fastqc_per_sequence_gc_content_plot_Counts.png",
                "fastqc_per_sequence_gc_content_plot_Percentages.png",
                "fastqc_per_sequence_quality_scores_plot.png",
                "fastqc_sequence_counts_plot-cnt.png",
                "fastqc_sequence_counts_plot-pct.png",
                "fastqc_sequence_duplication_levels_plot.png",
                "fastqc_top_overrepresented_sequences_table.png",
                "general_stats_table.png",
                "qualimap_coverage_histogram.png",
                "qualimap_gc_content.png",
                "qualimap_genome_fraction.png",
                "qualimap_insert_size.png",
                "samtools-flagstat-dp_Percentage_of_total.png",
                "samtools-flagstat-dp_Read_counts.png",
                "samtools-stats-dp.png",
                "samtools_alignment_plot-cnt.png",
                "samtools_alignment_plot-pct.png",
                "svg",
                "cutadapt_filtered_reads_plot-cnt.svg",
                "cutadapt_filtered_reads_plot-pct.svg",
                "cutadapt_trimmed_sequences_plot_3_Counts.svg",
                "cutadapt_trimmed_sequences_plot_3_Obs_Exp.svg",
                "fastqc-status-check-heatmap.svg",
                "fastqc_adapter_content_plot.svg",
                "fastqc_overrepresented_sequences_plot.svg",
                "fastqc_per_base_n_content_plot.svg",
                "fastqc_per_base_sequence_quality_plot.svg",
                "fastqc_per_sequence_gc_content_plot_Counts.svg",
                "fastqc_per_sequence_gc_content_plot_Percentages.svg",
                "fastqc_per_sequence_quality_scores_plot.svg",
                "fastqc_sequence_counts_plot-cnt.svg",
                "fastqc_sequence_counts_plot-pct.svg",
                "fastqc_sequence_duplication_levels_plot.svg",
                "fastqc_top_overrepresented_sequences_table.svg",
                "general_stats_table.svg",
                "qualimap_coverage_histogram.svg",
                "qualimap_gc_content.svg",
                "qualimap_genome_fraction.svg",
                "qualimap_insert_size.svg",
                "samtools-flagstat-dp_Percentage_of_total.svg",
                "samtools-flagstat-dp_Read_counts.svg",
                "samtools-stats-dp.svg",
                "samtools_alignment_plot-cnt.svg",
                "samtools_alignment_plot-pct.svg",
                "multiqc_report.html",
                "pipeline_info",
                "nf_core_pipeline_software_mqc_versions.yml",
                "qualimap",
                "Ecoli",
                "css",
                "agogo.css",
                "ajax-loader.gif",
                "basic.css",
                "bgfooter.png",
                "bgtop.png",
                "comment-bright.png",
                "comment-close.png",
                "comment.png",
                "doctools.js",
                "down-pressed.png",
                "down.png",
                "file.png",
                "jquery.js",
                "minus.png",
                "plus.png",
                "pygments.css",
                "qualimap_logo_small.png",
                "report.css",
                "searchtools.js",
                "underscore.js",
                "up-pressed.png",
                "up.png",
                "websupport.js",
                "genome_results.txt",
                "images_qualimapReport",
                "genome_coverage_0to50_histogram.png",
                "genome_coverage_across_reference.png",
                "genome_coverage_histogram.png",
                "genome_coverage_quotes.png",
                "genome_gc_content_per_window.png",
                "genome_homopolymer_indels.png",
                "genome_insert_size_across_reference.png",
                "genome_insert_size_histogram.png",
                "genome_mapping_quality_across_reference.png",
                "genome_mapping_quality_histogram.png",
                "genome_reads_clipping_profile.png",
                "genome_reads_content_per_read_position.png",
                "genome_uniq_read_starts_histogram.png",
                "qualimapReport.html",
                "raw_data_qualimapReport",
                "coverage_across_reference.txt",
                "coverage_histogram.txt",
                "duplication_rate_histogram.txt",
                "genome_fraction_coverage.txt",
                "homopolymer_indels.txt",
                "insert_size_across_reference.txt",
                "insert_size_histogram.txt",
                "mapped_reads_clipping_profile.txt",
                "mapped_reads_gc-content_distribution.txt",
                "mapped_reads_nucleotide_content.txt",
                "mapping_quality_across_reference.txt",
                "mapping_quality_histogram.txt",
                "SRR389222_sub1",
                "css",
                "agogo.css",
                "ajax-loader.gif",
                "basic.css",
                "bgfooter.png",
                "bgtop.png",
                "comment-bright.png",
                "comment-close.png",
                "comment.png",
                "doctools.js",
                "down-pressed.png",
                "down.png",
                "file.png",
                "jquery.js",
                "minus.png",
                "plus.png",
                "pygments.css",
                "qualimap_logo_small.png",
                "report.css",
                "searchtools.js",
                "underscore.js",
                "up-pressed.png",
                "up.png",
                "websupport.js",
                "genome_results.txt",
                "qualimapReport.html",
                "raw_data_qualimapReport",
                "SRR389222_sub2",
                "css",
                "agogo.css",
                "ajax-loader.gif",
                "basic.css",
                "bgfooter.png",
                "bgtop.png",
                "comment-bright.png",
                "comment-close.png",
                "comment.png",
                "doctools.js",
                "down-pressed.png",
                "down.png",
                "file.png",
                "jquery.js",
                "minus.png",
                "plus.png",
                "pygments.css",
                "qualimap_logo_small.png",
                "report.css",
                "searchtools.js",
                "underscore.js",
                "up-pressed.png",
                "up.png",
                "websupport.js",
                "genome_results.txt",
                "qualimapReport.html",
                "raw_data_qualimapReport",
                "SRR389222_sub3",
                "css",
                "agogo.css",
                "ajax-loader.gif",
                "basic.css",
                "bgfooter.png",
                "bgtop.png",
                "comment-bright.png",
                "comment-close.png",
                "comment.png",
                "doctools.js",
                "down-pressed.png",
                "down.png",
                "file.png",
                "jquery.js",
                "minus.png",
                "plus.png",
                "pygments.css",
                "qualimap_logo_small.png",
                "report.css",
                "searchtools.js",
                "underscore.js",
                "up-pressed.png",
                "up.png",
                "websupport.js",
                "genome_results.txt",
                "qualimapReport.html",
                "raw_data_qualimapReport",
                "trimgalore",
                "fastqc",
                "Ecoli_1_val_1_fastqc.html",
                "Ecoli_2_val_2_fastqc.html",
                "SRR389222_sub1_trimmed_fastqc.html",
                "SRR389222_sub2_trimmed_fastqc.html",
                "SRR389222_sub3_trimmed_fastqc.html",
                "zips",
                "Ecoli_1_val_1_fastqc.zip",
                "Ecoli_2_val_2_fastqc.zip",
                "SRR389222_sub1_trimmed_fastqc.zip",
                "SRR389222_sub2_trimmed_fastqc.zip",
                "SRR389222_sub3_trimmed_fastqc.zip",
                "logs",
                "Ecoli_1.fastq.gz_trimming_report.txt",
                "Ecoli_2.fastq.gz_trimming_report.txt",
                "SRR389222_sub1.fastq.gz_trimming_report.txt",
                "SRR389222_sub2.fastq.gz_trimming_report.txt",
                "SRR389222_sub3.fastq.gz_trimming_report.txt"
            ],
            [
                "Ecoli.flagstat:md5,f520e87cc4050799a0dbed72909572ec",
                "Ecoli.stats:md5,c1d93f418a498e9d88e13c5f2a7d7ed6",
                "SRR389222_sub1.flagstat:md5,ad8159a7683b9c3057bf54ccb77a2ddc",
                "SRR389222_sub1.stats:md5,0f660ccc767662d4bd8c5197f3d46a87",
                "SRR389222_sub2.flagstat:md5,e768b4f54014d62b096152c44f920bc1",
                "SRR389222_sub2.stats:md5,9343b74f4d825bfb2a554be3d8bed432",
                "SRR389222_sub3.flagstat:md5,39516f7d2c77e6fef9543edf8cddbcd6",
                "SRR389222_sub3.stats:md5,f41e135f71893e2a8b589c4a66cbfeec",
                "Ecoli.sorted_CpG.bedGraph:md5,2c2fed6f81d24ae42d556653853b3479",
                "SRR389222_sub1.sorted_CpG.bedGraph:md5,4475a9462ce86a019015b69b82a9d5a2",
                "SRR389222_sub2.sorted_CpG.bedGraph:md5,18b8845d9d985d3c203ca6c9c40aab1b",
                "SRR389222_sub3.sorted_CpG.bedGraph:md5,70dcc3836dc9721c2de367d1cf05e815",
                "Ecoli.mbias.txt:md5,3a448a2a6364b2de3129365a271c0534",
                "SRR389222_sub1.mbias.txt:md5,fce04d733e066d0b933cedc602e2af81",
                "SRR389222_sub2.mbias.txt:md5,fce04d733e066d0b933cedc602e2af81",
                "SRR389222_sub3.mbias.txt:md5,fce04d733e066d0b933cedc602e2af81",
                "cutadapt_filtered_reads_plot.txt:md5,0ce9197c7bd7b3f28a3b3a138f0fa7ac",
                "cutadapt_trimmed_sequences_plot_3_Counts.txt:md5,d26da65930f05d6bf9d0f1108448fa28",
                "cutadapt_trimmed_sequences_plot_3_Obs_Exp.txt:md5,b2efa644f2e7490dc27d2e100e438ebd",
                "fastqc-status-check-heatmap.txt:md5,230dfd84f4b57666319047198394ca60",
                "fastqc_adapter_content_plot.txt:md5,8910f0d1c3e966a2d5cceaa5f127257d",
                "fastqc_overrepresented_sequences_plot.txt:md5,7402f1164f8aa05406703fb0c18b4428",
                "fastqc_per_base_n_content_plot.txt:md5,d852ed1029342edc9981ad3105abaedb",
                "fastqc_per_base_sequence_quality_plot.txt:md5,1e9c4701fdb3367be21980455010010a",
                "fastqc_per_sequence_gc_content_plot_Counts.txt:md5,af5e3874769dcda665730aaef2b76e9e",
                "fastqc_per_sequence_gc_content_plot_Percentages.txt:md5,7b21b780b32694e8a4107285f5037e42",
                "fastqc_per_sequence_quality_scores_plot.txt:md5,d41664b3ad203d095aee006588c93298",
                "fastqc_sequence_counts_plot.txt:md5,47e0b371031eb1fad2cd6be86206265b",
                "fastqc_sequence_duplication_levels_plot.txt:md5,00b66074303680ddba5a5f7dd9ab71cc",
                "multiqc_citations.txt:md5,581df5b266851d0244e7cfb213351ffb",
                "multiqc_cutadapt.txt:md5,811eed7b5d733c419c6585a1a6814f00",
                "multiqc_samtools_flagstat.txt:md5,bc4ed5d449c0bb7f1064b96b286c7537",
                "multiqc_samtools_stats.txt:md5,8d9dd84f6cd695603c4dd15bf31302a3",
                "multiqc_software_versions.txt:md5,ea71cd4a77f55cd04ddf0c7e4ef02cb1",
                "qualimap_coverage_histogram.txt:md5,d1435f2e0988d7b5a3e0c11751e7cc9f",
                "qualimap_gc_content.txt:md5,15beb65b296f4e56f882f3114bd81afb",
                "qualimap_genome_fraction.txt:md5,ac2f50619d984e947154422dd8175d07",
                "qualimap_insert_size.txt:md5,a677c1050d293001c447b10416173ded",
                "samtools-flagstat-dp_Percentage_of_total.txt:md5,3f575b9c047d9fadd9a074a2d1838a5b",
                "samtools-flagstat-dp_Read_counts.txt:md5,dbe7baa1d5d82db0395b48fb3b6d375e",
                "samtools-stats-dp.txt:md5,a90167f3fa30d37c4218475d33202337",
                "samtools_alignment_plot.txt:md5,bb2a8c3dc0c4444c7ab78866737878f3",
                "bgfooter.png:md5,ed01bb040346e4623cc87de331ddb4e1",
                "bgtop.png:md5,626a50532dc6e5adbdd968746ef318e8",
                "comment-bright.png:md5,0c850bb4920b581bf5e5dba5fa493a64",
                "comment-close.png:md5,2635dda49c823e8122d4d11ed385f33d",
                "comment.png:md5,882e40f3d6a16c6ed35659b105251525",
                "down-pressed.png:md5,ebe8979581eda700fb234a73c661a4b9",
                "down.png:md5,f6f3c819cc7ca27d7fd3347e5e7ffe0f",
                "file.png:md5,6587e59c55e626744eb6fc11129d99a7",
                "minus.png:md5,8d572395aa95c89584a09813ada4dfa1",
                "plus.png:md5,0125e6faa04e2cf0141a2d599d3bb220",
                "qualimap_logo_small.png:md5,7526f145a97be4682fd59e27dda4f71b",
                "up-pressed.png:md5,8ea9bd109342f87fee97943b479c6f7e",
                "up.png:md5,ecc373278454cc8ecc12d6ca69e55b36",
                "genome_results.txt:md5,409290825c4563a7e03f63a081bffe0f",
                "genome_coverage_0to50_histogram.png:md5,f36ced653f348b34a51655afe94cec2f",
                "genome_coverage_across_reference.png:md5,f9d4ebd8af2a6d35e198f91f7655c63a",
                "genome_coverage_histogram.png:md5,1114857d46377469a0edb84e931624e7",
                "genome_coverage_quotes.png:md5,d2df228bb9a8cc51139341cc1132ebb7",
                "genome_gc_content_per_window.png:md5,7b45b3628aefc2240ff044410e2d17e6",
                "genome_homopolymer_indels.png:md5,9bf4514e033c7909c2cf29c3ca4dc7a0",
                "genome_insert_size_across_reference.png:md5,a73f578d5e100825f96a7656b4768a35",
                "genome_insert_size_histogram.png:md5,3a9af3186cae943759a01fc805b8c190",
                "genome_mapping_quality_across_reference.png:md5,5882aa903fe1a5aab62998256a142374",
                "genome_mapping_quality_histogram.png:md5,d730ff7eed8ab84f204c620ad53ed7d7",
                "genome_reads_clipping_profile.png:md5,241dad1aa7925fe7d78f452c27dd9af6",
                "genome_reads_content_per_read_position.png:md5,a886198aa2a14663c81842a68eb568b4",
                "genome_uniq_read_starts_histogram.png:md5,87889a530969b887b8feca20ac88882a",
                "coverage_across_reference.txt:md5,c4c7f930ad577d15de1358226acab252",
                "coverage_histogram.txt:md5,cddf42d662856425649c196c731f048b",
                "duplication_rate_histogram.txt:md5,764cb7ceebd9f6c40d68fac844d8645e",
                "genome_fraction_coverage.txt:md5,53bbcec7b73cabbacfee1519a047bcbf",
                "homopolymer_indels.txt:md5,99b50d128297f11553837958d07e0ec5",
                "insert_size_across_reference.txt:md5,d55ce0a480c4651cda5f204bb5596cc2",
                "insert_size_histogram.txt:md5,6cfc87a2fe207fe1b5e00a1dca58baa8",
                "mapped_reads_clipping_profile.txt:md5,f6ba286879f9d7fa3cd44653e32d7e3f",
                "mapped_reads_gc-content_distribution.txt:md5,5ccc04e2cfe72baf465834aaeec5f92c",
                "mapped_reads_nucleotide_content.txt:md5,87d4e3b86ac646498e986e8b5e05226e",
                "mapping_quality_across_reference.txt:md5,c483c7c5c75cc05ab696743934ae006b",
                "mapping_quality_histogram.txt:md5,97b8ae36235e0dabc17f2b0697e9d078",
                "bgfooter.png:md5,ed01bb040346e4623cc87de331ddb4e1",
                "bgtop.png:md5,626a50532dc6e5adbdd968746ef318e8",
                "comment-bright.png:md5,0c850bb4920b581bf5e5dba5fa493a64",
                "comment-close.png:md5,2635dda49c823e8122d4d11ed385f33d",
                "comment.png:md5,882e40f3d6a16c6ed35659b105251525",
                "down-pressed.png:md5,ebe8979581eda700fb234a73c661a4b9",
                "down.png:md5,f6f3c819cc7ca27d7fd3347e5e7ffe0f",
                "file.png:md5,6587e59c55e626744eb6fc11129d99a7",
                "minus.png:md5,8d572395aa95c89584a09813ada4dfa1",
                "plus.png:md5,0125e6faa04e2cf0141a2d599d3bb220",
                "qualimap_logo_small.png:md5,7526f145a97be4682fd59e27dda4f71b",
                "up-pressed.png:md5,8ea9bd109342f87fee97943b479c6f7e",
                "up.png:md5,ecc373278454cc8ecc12d6ca69e55b36",
                "genome_results.txt:md5,ed81b2fd10b2c548610d546b4e4d3b76",
                "bgfooter.png:md5,ed01bb040346e4623cc87de331ddb4e1",
                "bgtop.png:md5,626a50532dc6e5adbdd968746ef318e8",
                "comment-bright.png:md5,0c850bb4920b581bf5e5dba5fa493a64",
                "comment-close.png:md5,2635dda49c823e8122d4d11ed385f33d",
                "comment.png:md5,882e40f3d6a16c6ed35659b105251525",
                "down-pressed.png:md5,ebe8979581eda700fb234a73c661a4b9",
                "down.png:md5,f6f3c819cc7ca27d7fd3347e5e7ffe0f",
                "file.png:md5,6587e59c55e626744eb6fc11129d99a7",
                "minus.png:md5,8d572395aa95c89584a09813ada4dfa1",
                "plus.png:md5,0125e6faa04e2cf0141a2d599d3bb220",
                "qualimap_logo_small.png:md5,7526f145a97be4682fd59e27dda4f71b",
                "up-pressed.png:md5,8ea9bd109342f87fee97943b479c6f7e",
                "up.png:md5,ecc373278454cc8ecc12d6ca69e55b36",
                "genome_results.txt:md5,92485f8ac205d7fa1140cdc293f07560",
                "bgfooter.png:md5,ed01bb040346e4623cc87de331ddb4e1",
                "bgtop.png:md5,626a50532dc6e5adbdd968746ef318e8",
                "comment-bright.png:md5,0c850bb4920b581bf5e5dba5fa493a64",
                "comment-close.png:md5,2635dda49c823e8122d4d11ed385f33d",
                "comment.png:md5,882e40f3d6a16c6ed35659b105251525",
                "down-pressed.png:md5,ebe8979581eda700fb234a73c661a4b9",
                "down.png:md5,f6f3c819cc7ca27d7fd3347e5e7ffe0f",
                "file.png:md5,6587e59c55e626744eb6fc11129d99a7",
                "minus.png:md5,8d572395aa95c89584a09813ada4dfa1",
                "plus.png:md5,0125e6faa04e2cf0141a2d599d3bb220",
                "qualimap_logo_small.png:md5,7526f145a97be4682fd59e27dda4f71b",
                "up-pressed.png:md5,8ea9bd109342f87fee97943b479c6f7e",
                "up.png:md5,ecc373278454cc8ecc12d6ca69e55b36",
                "genome_results.txt:md5,478f711b8ef22e094e4d0ff7fa0dfda0"
            ]
        ],
        "meta": {
            "nf-test": "0.9.0",
            "nextflow": "24.04.4"
        },
        "timestamp": "2024-09-23T08:43:38.222959628"
    }
}