{
    "Bwameth: skip_trimming": {
        "content": [
            46,
            {
                "BWAMETH_ALIGN": {
                    "bwameth": "0.2.7"
                },
                "BWAMETH_INDEX": {
                    "bwameth": "0.2.7"
                },
                "FASTQC": {
                    "fastqc": "0.12.1"
                },
                "QUALIMAP_BAMQC": {
                    "qualimap": 2.3
                },
                "Workflow": {
                    "nf-core/methylseq": "v2.7.0dev"
                }
            },
            [
                "bwameth",
                "alignments",
                "samtools_stats",
                "Ecoli_10K_methylated.flagstat",
                "Ecoli_10K_methylated.stats",
                "SRR389222_sub1.flagstat",
                "SRR389222_sub1.stats",
                "SRR389222_sub2.flagstat",
                "SRR389222_sub2.stats",
                "SRR389222_sub3.flagstat",
                "SRR389222_sub3.stats",
                "deduplicated",
                "Ecoli_10K_methylated.markdup.sorted.bam",
                "Ecoli_10K_methylated.markdup.sorted.bam.bai",
                "SRR389222_sub1.markdup.sorted.bam",
                "SRR389222_sub1.markdup.sorted.bam.bai",
                "SRR389222_sub2.markdup.sorted.bam",
                "SRR389222_sub2.markdup.sorted.bam.bai",
                "SRR389222_sub3.markdup.sorted.bam",
                "SRR389222_sub3.markdup.sorted.bam.bai",
                "picard_metrics",
                "Ecoli_10K_methylated.markdup.sorted.MarkDuplicates.metrics.txt",
                "SRR389222_sub1.markdup.sorted.MarkDuplicates.metrics.txt",
                "SRR389222_sub2.markdup.sorted.MarkDuplicates.metrics.txt",
                "SRR389222_sub3.markdup.sorted.MarkDuplicates.metrics.txt",
                "fastqc",
                "Ecoli_10K_methylated_1_fastqc.html",
                "Ecoli_10K_methylated_2_fastqc.html",
                "SRR389222_sub1_fastqc.html",
                "SRR389222_sub2_fastqc.html",
                "SRR389222_sub3_fastqc.html",
                "zips",
                "Ecoli_10K_methylated_1_fastqc.zip",
                "Ecoli_10K_methylated_2_fastqc.zip",
                "SRR389222_sub1_fastqc.zip",
                "SRR389222_sub2_fastqc.zip",
                "SRR389222_sub3_fastqc.zip",
                "methyldackel",
                "Ecoli_10K_methylated.markdup.sorted_CpG.bedGraph",
                "SRR389222_sub1.markdup.sorted_CpG.bedGraph",
                "SRR389222_sub2.markdup.sorted_CpG.bedGraph",
                "SRR389222_sub3.markdup.sorted_CpG.bedGraph",
                "mbias",
                "Ecoli_10K_methylated.mbias.txt",
                "SRR389222_sub1.mbias.txt",
                "SRR389222_sub2.mbias.txt",
                "SRR389222_sub3.mbias.txt",
                "multiqc",
                "bwameth",
                "multiqc_data",
                "fastqc-status-check-heatmap.txt",
                "fastqc_adapter_content_plot.txt",
                "fastqc_overrepresented_sequences_plot.txt",
                "fastqc_per_base_n_content_plot.txt",
                "fastqc_per_base_sequence_quality_plot.txt",
                "fastqc_per_sequence_gc_content_plot_Counts.txt",
                "fastqc_per_sequence_gc_content_plot_Percentages.txt",
                "fastqc_per_sequence_quality_scores_plot.txt",
                "fastqc_sequence_counts_plot.txt",
                "fastqc_sequence_duplication_levels_plot.txt",
                "fastqc_top_overrepresented_sequences_table.txt",
                "multiqc.log",
                "multiqc_citations.txt",
                "multiqc_data.json",
                "multiqc_fastqc.txt",
                "multiqc_general_stats.txt",
                "multiqc_picard_dups.txt",
                "multiqc_qualimap_bamqc_genome_results.txt",
                "multiqc_samtools_flagstat.txt",
                "multiqc_samtools_stats.txt",
                "multiqc_software_versions.txt",
                "multiqc_sources.txt",
                "picard_deduplication.txt",
                "picard_histogram.txt",
                "picard_histogram_1.txt",
                "picard_histogram_2.txt",
                "qualimap_coverage_histogram.txt",
                "qualimap_gc_content.txt",
                "qualimap_genome_fraction.txt",
                "qualimap_insert_size.txt",
                "samtools-flagstat-dp_Percentage_of_total.txt",
                "samtools-flagstat-dp_Read_counts.txt",
                "samtools-stats-dp.txt",
                "samtools_alignment_plot.txt",
                "multiqc_plots",
                "pdf",
                "fastqc-status-check-heatmap.pdf",
                "fastqc_adapter_content_plot.pdf",
                "fastqc_overrepresented_sequences_plot.pdf",
                "fastqc_per_base_n_content_plot.pdf",
                "fastqc_per_base_sequence_quality_plot.pdf",
                "fastqc_per_sequence_gc_content_plot_Counts.pdf",
                "fastqc_per_sequence_gc_content_plot_Percentages.pdf",
                "fastqc_per_sequence_quality_scores_plot.pdf",
                "fastqc_sequence_counts_plot-cnt.pdf",
                "fastqc_sequence_counts_plot-pct.pdf",
                "fastqc_sequence_duplication_levels_plot.pdf",
                "fastqc_top_overrepresented_sequences_table.pdf",
                "general_stats_table.pdf",
                "picard_deduplication-cnt.pdf",
                "picard_deduplication-pct.pdf",
                "qualimap_coverage_histogram.pdf",
                "qualimap_gc_content.pdf",
                "qualimap_genome_fraction.pdf",
                "qualimap_insert_size.pdf",
                "samtools-flagstat-dp_Percentage_of_total.pdf",
                "samtools-flagstat-dp_Read_counts.pdf",
                "samtools-stats-dp.pdf",
                "samtools_alignment_plot-cnt.pdf",
                "samtools_alignment_plot-pct.pdf",
                "png",
                "fastqc-status-check-heatmap.png",
                "fastqc_adapter_content_plot.png",
                "fastqc_overrepresented_sequences_plot.png",
                "fastqc_per_base_n_content_plot.png",
                "fastqc_per_base_sequence_quality_plot.png",
                "fastqc_per_sequence_gc_content_plot_Counts.png",
                "fastqc_per_sequence_gc_content_plot_Percentages.png",
                "fastqc_per_sequence_quality_scores_plot.png",
                "fastqc_sequence_counts_plot-cnt.png",
                "fastqc_sequence_counts_plot-pct.png",
                "fastqc_sequence_duplication_levels_plot.png",
                "fastqc_top_overrepresented_sequences_table.png",
                "general_stats_table.png",
                "picard_deduplication-cnt.png",
                "picard_deduplication-pct.png",
                "qualimap_coverage_histogram.png",
                "qualimap_gc_content.png",
                "qualimap_genome_fraction.png",
                "qualimap_insert_size.png",
                "samtools-flagstat-dp_Percentage_of_total.png",
                "samtools-flagstat-dp_Read_counts.png",
                "samtools-stats-dp.png",
                "samtools_alignment_plot-cnt.png",
                "samtools_alignment_plot-pct.png",
                "svg",
                "fastqc-status-check-heatmap.svg",
                "fastqc_adapter_content_plot.svg",
                "fastqc_overrepresented_sequences_plot.svg",
                "fastqc_per_base_n_content_plot.svg",
                "fastqc_per_base_sequence_quality_plot.svg",
                "fastqc_per_sequence_gc_content_plot_Counts.svg",
                "fastqc_per_sequence_gc_content_plot_Percentages.svg",
                "fastqc_per_sequence_quality_scores_plot.svg",
                "fastqc_sequence_counts_plot-cnt.svg",
                "fastqc_sequence_counts_plot-pct.svg",
                "fastqc_sequence_duplication_levels_plot.svg",
                "fastqc_top_overrepresented_sequences_table.svg",
                "general_stats_table.svg",
                "picard_deduplication-cnt.svg",
                "picard_deduplication-pct.svg",
                "qualimap_coverage_histogram.svg",
                "qualimap_gc_content.svg",
                "qualimap_genome_fraction.svg",
                "qualimap_insert_size.svg",
                "samtools-flagstat-dp_Percentage_of_total.svg",
                "samtools-flagstat-dp_Read_counts.svg",
                "samtools-stats-dp.svg",
                "samtools_alignment_plot-cnt.svg",
                "samtools_alignment_plot-pct.svg",
                "multiqc_report.html",
                "pipeline_info",
                "nf_core_pipeline_software_mqc_versions.yml",
                "qualimap",
                "Ecoli_10K_methylated",
                "css",
                "agogo.css",
                "ajax-loader.gif",
                "basic.css",
                "bgfooter.png",
                "bgtop.png",
                "comment-bright.png",
                "comment-close.png",
                "comment.png",
                "doctools.js",
                "down-pressed.png",
                "down.png",
                "file.png",
                "jquery.js",
                "minus.png",
                "plus.png",
                "pygments.css",
                "qualimap_logo_small.png",
                "report.css",
                "searchtools.js",
                "underscore.js",
                "up-pressed.png",
                "up.png",
                "websupport.js",
                "genome_results.txt",
                "images_qualimapReport",
                "genome_coverage_0to50_histogram.png",
                "genome_coverage_across_reference.png",
                "genome_coverage_histogram.png",
                "genome_coverage_quotes.png",
                "genome_gc_content_per_window.png",
                "genome_homopolymer_indels.png",
                "genome_insert_size_across_reference.png",
                "genome_insert_size_histogram.png",
                "genome_mapping_quality_across_reference.png",
                "genome_mapping_quality_histogram.png",
                "genome_reads_clipping_profile.png",
                "genome_reads_content_per_read_position.png",
                "genome_uniq_read_starts_histogram.png",
                "qualimapReport.html",
                "raw_data_qualimapReport",
                "coverage_across_reference.txt",
                "coverage_histogram.txt",
                "duplication_rate_histogram.txt",
                "genome_fraction_coverage.txt",
                "homopolymer_indels.txt",
                "insert_size_across_reference.txt",
                "insert_size_histogram.txt",
                "mapped_reads_clipping_profile.txt",
                "mapped_reads_gc-content_distribution.txt",
                "mapped_reads_nucleotide_content.txt",
                "mapping_quality_across_reference.txt",
                "mapping_quality_histogram.txt",
                "SRR389222_sub1",
                "css",
                "agogo.css",
                "ajax-loader.gif",
                "basic.css",
                "bgfooter.png",
                "bgtop.png",
                "comment-bright.png",
                "comment-close.png",
                "comment.png",
                "doctools.js",
                "down-pressed.png",
                "down.png",
                "file.png",
                "jquery.js",
                "minus.png",
                "plus.png",
                "pygments.css",
                "qualimap_logo_small.png",
                "report.css",
                "searchtools.js",
                "underscore.js",
                "up-pressed.png",
                "up.png",
                "websupport.js",
                "genome_results.txt",
                "qualimapReport.html",
                "raw_data_qualimapReport",
                "SRR389222_sub2",
                "css",
                "agogo.css",
                "ajax-loader.gif",
                "basic.css",
                "bgfooter.png",
                "bgtop.png",
                "comment-bright.png",
                "comment-close.png",
                "comment.png",
                "doctools.js",
                "down-pressed.png",
                "down.png",
                "file.png",
                "jquery.js",
                "minus.png",
                "plus.png",
                "pygments.css",
                "qualimap_logo_small.png",
                "report.css",
                "searchtools.js",
                "underscore.js",
                "up-pressed.png",
                "up.png",
                "websupport.js",
                "genome_results.txt",
                "qualimapReport.html",
                "raw_data_qualimapReport",
                "SRR389222_sub3",
                "css",
                "agogo.css",
                "ajax-loader.gif",
                "basic.css",
                "bgfooter.png",
                "bgtop.png",
                "comment-bright.png",
                "comment-close.png",
                "comment.png",
                "doctools.js",
                "down-pressed.png",
                "down.png",
                "file.png",
                "jquery.js",
                "minus.png",
                "plus.png",
                "pygments.css",
                "qualimap_logo_small.png",
                "report.css",
                "searchtools.js",
                "underscore.js",
                "up-pressed.png",
                "up.png",
                "websupport.js",
                "genome_results.txt",
                "qualimapReport.html",
                "raw_data_qualimapReport"
            ],
            [
                "Ecoli_10K_methylated.flagstat:md5,7c3bae0f9c700dde88785a7e94c6ae2c",
                "Ecoli_10K_methylated.stats:md5,1eb750b964d4da8e9bb23ea28514873b",
                "SRR389222_sub1.flagstat:md5,897d500a710a56a7098172167fa71108",
                "SRR389222_sub1.stats:md5,6625430e604b48c41c3868e684083065",
                "SRR389222_sub2.flagstat:md5,37d33d68b31d4550620dc17582a3a750",
                "SRR389222_sub2.stats:md5,ce9216e71c0eb24371fb388429c59894",
                "SRR389222_sub3.flagstat:md5,e3e925a7b7356e93d14f5e9e102c55b7",
                "SRR389222_sub3.stats:md5,4f5336d853dfada24d9c34a754a7f0a8",
                "Ecoli_10K_methylated.markdup.sorted_CpG.bedGraph:md5,b43c4c8ff346ae865b2b5db996650942",
                "SRR389222_sub1.markdup.sorted_CpG.bedGraph:md5,0944ad0e3b05791bf6dfd06be7ca4af1",
                "SRR389222_sub2.markdup.sorted_CpG.bedGraph:md5,0a3c19af55d1625e91903ae25d1d2098",
                "SRR389222_sub3.markdup.sorted_CpG.bedGraph:md5,a91e6b039e9581a9d2ef6f6057918b39",
                "Ecoli_10K_methylated.mbias.txt:md5,ec13da6deba1ce147624bce065ec5df6",
                "SRR389222_sub1.mbias.txt:md5,fce04d733e066d0b933cedc602e2af81",
                "SRR389222_sub2.mbias.txt:md5,fce04d733e066d0b933cedc602e2af81",
                "SRR389222_sub3.mbias.txt:md5,fce04d733e066d0b933cedc602e2af81",
                "fastqc-status-check-heatmap.txt:md5,218c2a7efbb9c02f652fa78fc739c866",
                "fastqc_adapter_content_plot.txt:md5,48d8bd5ece984a74972ce0a0e814dd07",
                "fastqc_overrepresented_sequences_plot.txt:md5,9c4b7064950b5b2c486d556984f21e9e",
                "fastqc_per_base_n_content_plot.txt:md5,019d5cd4f61a31f4e7016140ca8ee36e",
                "fastqc_per_base_sequence_quality_plot.txt:md5,e4c7d522114eab9bc9101e7ee9d83c8f",
                "fastqc_per_sequence_gc_content_plot_Counts.txt:md5,302659bee8a02b6a38b24fe25f8eaa87",
                "fastqc_per_sequence_gc_content_plot_Percentages.txt:md5,c75b396eb5dda8682fb1652a9b2e92a3",
                "fastqc_per_sequence_quality_scores_plot.txt:md5,548c593f4a8be2d8627fc3bd1c280611",
                "fastqc_sequence_counts_plot.txt:md5,58eeeb06bc9dcc1764c7daf0847d6bbf",
                "fastqc_sequence_duplication_levels_plot.txt:md5,9e5712db9aa39b5754ea1e0c49cfff15",
                "multiqc_citations.txt:md5,16ea55093380e6f08131cd394d8975c6",
                "multiqc_picard_dups.txt:md5,2dd92451825bab5f1d74bd96933756e6",
                "multiqc_samtools_flagstat.txt:md5,707a91291107beffe14f9cc2d540f4a0",
                "multiqc_samtools_stats.txt:md5,76db021090766f669ea1276dab863cfe",
                "multiqc_software_versions.txt:md5,294edf0ca417348d4d08363c9e975ead",
                "picard_deduplication.txt:md5,b86a20261610bdf7a2e63ff43e232c75",
                "picard_histogram.txt:md5,d41d8cd98f00b204e9800998ecf8427e",
                "picard_histogram_1.txt:md5,d41d8cd98f00b204e9800998ecf8427e",
                "picard_histogram_2.txt:md5,d41d8cd98f00b204e9800998ecf8427e",
                "qualimap_coverage_histogram.txt:md5,043d169c9214b593dd675ebd0c428620",
                "qualimap_gc_content.txt:md5,5492ffd70fa082a4abd51663c3faa300",
                "qualimap_genome_fraction.txt:md5,a562614e4281f4f164a6386fd988884b",
                "qualimap_insert_size.txt:md5,d5df01e2c0ab54095c921e0a2baa8754",
                "samtools-flagstat-dp_Percentage_of_total.txt:md5,a7305ce09c632ddb903a0fe89306f98f",
                "samtools-flagstat-dp_Read_counts.txt:md5,2d5434b646dac99397d86bd31731df01",
                "samtools-stats-dp.txt:md5,e1290c4b0ad11142147f69f4256c4524",
                "samtools_alignment_plot.txt:md5,fe4c9af19d69c3982b75ad458a1a9148",
                "bgfooter.png:md5,ed01bb040346e4623cc87de331ddb4e1",
                "bgtop.png:md5,626a50532dc6e5adbdd968746ef318e8",
                "comment-bright.png:md5,0c850bb4920b581bf5e5dba5fa493a64",
                "comment-close.png:md5,2635dda49c823e8122d4d11ed385f33d",
                "comment.png:md5,882e40f3d6a16c6ed35659b105251525",
                "down-pressed.png:md5,ebe8979581eda700fb234a73c661a4b9",
                "down.png:md5,f6f3c819cc7ca27d7fd3347e5e7ffe0f",
                "file.png:md5,6587e59c55e626744eb6fc11129d99a7",
                "minus.png:md5,8d572395aa95c89584a09813ada4dfa1",
                "plus.png:md5,0125e6faa04e2cf0141a2d599d3bb220",
                "qualimap_logo_small.png:md5,7526f145a97be4682fd59e27dda4f71b",
                "up-pressed.png:md5,8ea9bd109342f87fee97943b479c6f7e",
                "up.png:md5,ecc373278454cc8ecc12d6ca69e55b36",
                "genome_results.txt:md5,2a1a374d5b1e3884c57d2d5333db54a6",
                "genome_coverage_0to50_histogram.png:md5,87205d0e210749cce61919e244eb23ce",
                "genome_coverage_across_reference.png:md5,0cc6d9b4716ec3850bab89b2ece51df9",
                "genome_coverage_histogram.png:md5,e7f54e1130988bf9a15aa0ec22067816",
                "genome_coverage_quotes.png:md5,1d227fd02883d587f24c73f44585bc56",
                "genome_gc_content_per_window.png:md5,a4c19c8892fd2c14a221ba5a0386c9e0",
                "genome_homopolymer_indels.png:md5,fc4359285dbda4fae461d7ba3cfeeeda",
                "genome_insert_size_across_reference.png:md5,3900fed8a1775605adcdcb9acd499b80",
                "genome_insert_size_histogram.png:md5,b1fe2b6b4455979e49accd19150bb4b0",
                "genome_mapping_quality_across_reference.png:md5,dbf4509c2032ce8c0efc5046b6106f0f",
                "genome_mapping_quality_histogram.png:md5,79ae07f75465701feb0dd7e5d2e09fe3",
                "genome_reads_clipping_profile.png:md5,46edefa9de4f00d3c43076ce52cc743e",
                "genome_reads_content_per_read_position.png:md5,a8b266f5ac16417ade380d28fd21d7fd",
                "genome_uniq_read_starts_histogram.png:md5,7adb906b5bb9ce7ee8d8b08c62288684",
                "coverage_across_reference.txt:md5,0dc178fbbb051db708deba4db7ae58b7",
                "coverage_histogram.txt:md5,bcc0eb6446f809badd3419951d5113a1",
                "duplication_rate_histogram.txt:md5,d5b7f6449769eb65fab4c8f5fefcdd97",
                "genome_fraction_coverage.txt:md5,b05787310a1e9cb2ec4814122ec0adbe",
                "homopolymer_indels.txt:md5,17729965baa302e214d8577de72feabd",
                "insert_size_across_reference.txt:md5,d55ce0a480c4651cda5f204bb5596cc2",
                "insert_size_histogram.txt:md5,30f541bc627831509fdc027e47c036f4",
                "mapped_reads_clipping_profile.txt:md5,32c2ad07d1735717576f91a628e41e6e",
                "mapped_reads_gc-content_distribution.txt:md5,175e34b8cf00ff18c7c8a9f157ac379e",
                "mapped_reads_nucleotide_content.txt:md5,c529ac8d6fe620197dbace2a2d088701",
                "mapping_quality_across_reference.txt:md5,feccb26969d1940390a6186d7b63ae4c",
                "mapping_quality_histogram.txt:md5,a44b614aab4c4ddf208a657bcb6a9a12",
                "bgfooter.png:md5,ed01bb040346e4623cc87de331ddb4e1",
                "bgtop.png:md5,626a50532dc6e5adbdd968746ef318e8",
                "comment-bright.png:md5,0c850bb4920b581bf5e5dba5fa493a64",
                "comment-close.png:md5,2635dda49c823e8122d4d11ed385f33d",
                "comment.png:md5,882e40f3d6a16c6ed35659b105251525",
                "down-pressed.png:md5,ebe8979581eda700fb234a73c661a4b9",
                "down.png:md5,f6f3c819cc7ca27d7fd3347e5e7ffe0f",
                "file.png:md5,6587e59c55e626744eb6fc11129d99a7",
                "minus.png:md5,8d572395aa95c89584a09813ada4dfa1",
                "plus.png:md5,0125e6faa04e2cf0141a2d599d3bb220",
                "qualimap_logo_small.png:md5,7526f145a97be4682fd59e27dda4f71b",
                "up-pressed.png:md5,8ea9bd109342f87fee97943b479c6f7e",
                "up.png:md5,ecc373278454cc8ecc12d6ca69e55b36",
                "genome_results.txt:md5,c4a9a1a76ba36cf770bf8be9a7fe5b55",
                "bgfooter.png:md5,ed01bb040346e4623cc87de331ddb4e1",
                "bgtop.png:md5,626a50532dc6e5adbdd968746ef318e8",
                "comment-bright.png:md5,0c850bb4920b581bf5e5dba5fa493a64",
                "comment-close.png:md5,2635dda49c823e8122d4d11ed385f33d",
                "comment.png:md5,882e40f3d6a16c6ed35659b105251525",
                "down-pressed.png:md5,ebe8979581eda700fb234a73c661a4b9",
                "down.png:md5,f6f3c819cc7ca27d7fd3347e5e7ffe0f",
                "file.png:md5,6587e59c55e626744eb6fc11129d99a7",
                "minus.png:md5,8d572395aa95c89584a09813ada4dfa1",
                "plus.png:md5,0125e6faa04e2cf0141a2d599d3bb220",
                "qualimap_logo_small.png:md5,7526f145a97be4682fd59e27dda4f71b",
                "up-pressed.png:md5,8ea9bd109342f87fee97943b479c6f7e",
                "up.png:md5,ecc373278454cc8ecc12d6ca69e55b36",
                "genome_results.txt:md5,ac65d95bd5c7fd40b90d53d233c7b511",
                "bgfooter.png:md5,ed01bb040346e4623cc87de331ddb4e1",
                "bgtop.png:md5,626a50532dc6e5adbdd968746ef318e8",
                "comment-bright.png:md5,0c850bb4920b581bf5e5dba5fa493a64",
                "comment-close.png:md5,2635dda49c823e8122d4d11ed385f33d",
                "comment.png:md5,882e40f3d6a16c6ed35659b105251525",
                "down-pressed.png:md5,ebe8979581eda700fb234a73c661a4b9",
                "down.png:md5,f6f3c819cc7ca27d7fd3347e5e7ffe0f",
                "file.png:md5,6587e59c55e626744eb6fc11129d99a7",
                "minus.png:md5,8d572395aa95c89584a09813ada4dfa1",
                "plus.png:md5,0125e6faa04e2cf0141a2d599d3bb220",
                "qualimap_logo_small.png:md5,7526f145a97be4682fd59e27dda4f71b",
                "up-pressed.png:md5,8ea9bd109342f87fee97943b479c6f7e",
                "up.png:md5,ecc373278454cc8ecc12d6ca69e55b36",
                "genome_results.txt:md5,b7376228bb23c9133fed45b95c60d082"
            ]
        ],
        "meta": {
            "nf-test": "0.9.0",
            "nextflow": "24.04.4"
        },
        "timestamp": "2024-09-27T11:10:05.67005147"
    }
}