{
    "Bwameth: save_reference | save_align_intermeds": {
        "content": [
            50,
            {
                "BWAMETH_ALIGN": {
                    "bwameth": "0.2.7"
                },
                "BWAMETH_INDEX": {
                    "bwameth": "0.2.7"
                },
                "FASTQC": {
                    "fastqc": "0.12.1"
                },
                "QUALIMAP_BAMQC": {
                    "qualimap": 2.3
                },
                "TRIMGALORE": {
                    "trimgalore": "0.6.7",
                    "cutadapt": 3.4
                },
                "Workflow": {
                    "nf-core/methylseq": "v2.7.0dev"
                }
            },
            [
                "bwameth",
                "alignments",
                "Ecoli.bam",
                "Ecoli.sorted.bam",
                "Ecoli.sorted.bam.bai",
                "SRR389222_sub1.bam",
                "SRR389222_sub1.sorted.bam",
                "SRR389222_sub1.sorted.bam.bai",
                "SRR389222_sub2.bam",
                "SRR389222_sub2.sorted.bam",
                "SRR389222_sub2.sorted.bam.bai",
                "SRR389222_sub3.bam",
                "SRR389222_sub3.sorted.bam",
                "SRR389222_sub3.sorted.bam.bai",
                "samtools_stats",
                "Ecoli.flagstat",
                "Ecoli.stats",
                "SRR389222_sub1.flagstat",
                "SRR389222_sub1.stats",
                "SRR389222_sub2.flagstat",
                "SRR389222_sub2.stats",
                "SRR389222_sub3.flagstat",
                "SRR389222_sub3.stats",
                "deduplicated",
                "Ecoli.markdup.sorted.bam",
                "Ecoli.markdup.sorted.bam.bai",
                "SRR389222_sub1.markdup.sorted.bam",
                "SRR389222_sub1.markdup.sorted.bam.bai",
                "SRR389222_sub2.markdup.sorted.bam",
                "SRR389222_sub2.markdup.sorted.bam.bai",
                "SRR389222_sub3.markdup.sorted.bam",
                "SRR389222_sub3.markdup.sorted.bam.bai",
                "picard_metrics",
                "Ecoli.markdup.sorted.MarkDuplicates.metrics.txt",
                "SRR389222_sub1.markdup.sorted.MarkDuplicates.metrics.txt",
                "SRR389222_sub2.markdup.sorted.MarkDuplicates.metrics.txt",
                "SRR389222_sub3.markdup.sorted.MarkDuplicates.metrics.txt",
                "reference_genome",
                "bwameth",
                "genome.fa",
                "genome.fa.bwameth.c2t",
                "genome.fa.bwameth.c2t.amb",
                "genome.fa.bwameth.c2t.ann",
                "genome.fa.bwameth.c2t.bwt",
                "genome.fa.bwameth.c2t.pac",
                "genome.fa.bwameth.c2t.sa",
                "fastqc",
                "Ecoli_1_fastqc.html",
                "Ecoli_2_fastqc.html",
                "SRR389222_sub1_fastqc.html",
                "SRR389222_sub2_fastqc.html",
                "SRR389222_sub3_fastqc.html",
                "zips",
                "Ecoli_1_fastqc.zip",
                "Ecoli_2_fastqc.zip",
                "SRR389222_sub1_fastqc.zip",
                "SRR389222_sub2_fastqc.zip",
                "SRR389222_sub3_fastqc.zip",
                "methyldackel",
                "Ecoli.markdup.sorted_CpG.bedGraph",
                "SRR389222_sub1.markdup.sorted_CpG.bedGraph",
                "SRR389222_sub2.markdup.sorted_CpG.bedGraph",
                "SRR389222_sub3.markdup.sorted_CpG.bedGraph",
                "mbias",
                "Ecoli.mbias.txt",
                "SRR389222_sub1.mbias.txt",
                "SRR389222_sub2.mbias.txt",
                "SRR389222_sub3.mbias.txt",
                "multiqc",
                "bwameth",
                "multiqc_data",
                "cutadapt_filtered_reads_plot.txt",
                "cutadapt_trimmed_sequences_plot_3_Counts.txt",
                "cutadapt_trimmed_sequences_plot_3_Obs_Exp.txt",
                "fastqc-status-check-heatmap.txt",
                "fastqc_adapter_content_plot.txt",
                "fastqc_overrepresented_sequences_plot.txt",
                "fastqc_per_base_n_content_plot.txt",
                "fastqc_per_base_sequence_quality_plot.txt",
                "fastqc_per_sequence_gc_content_plot_Counts.txt",
                "fastqc_per_sequence_gc_content_plot_Percentages.txt",
                "fastqc_per_sequence_quality_scores_plot.txt",
                "fastqc_sequence_counts_plot.txt",
                "fastqc_sequence_duplication_levels_plot.txt",
                "fastqc_top_overrepresented_sequences_table.txt",
                "multiqc.log",
                "multiqc_citations.txt",
                "multiqc_cutadapt.txt",
                "multiqc_data.json",
                "multiqc_fastqc.txt",
                "multiqc_general_stats.txt",
                "multiqc_picard_dups.txt",
                "multiqc_qualimap_bamqc_genome_results.txt",
                "multiqc_samtools_flagstat.txt",
                "multiqc_samtools_stats.txt",
                "multiqc_software_versions.txt",
                "multiqc_sources.txt",
                "picard_deduplication.txt",
                "picard_histogram.txt",
                "picard_histogram_1.txt",
                "picard_histogram_2.txt",
                "qualimap_coverage_histogram.txt",
                "qualimap_gc_content.txt",
                "qualimap_genome_fraction.txt",
                "qualimap_insert_size.txt",
                "samtools-flagstat-dp_Percentage_of_total.txt",
                "samtools-flagstat-dp_Read_counts.txt",
                "samtools-stats-dp.txt",
                "samtools_alignment_plot.txt",
                "multiqc_plots",
                "pdf",
                "cutadapt_filtered_reads_plot-cnt.pdf",
                "cutadapt_filtered_reads_plot-pct.pdf",
                "cutadapt_trimmed_sequences_plot_3_Counts.pdf",
                "cutadapt_trimmed_sequences_plot_3_Obs_Exp.pdf",
                "fastqc-status-check-heatmap.pdf",
                "fastqc_adapter_content_plot.pdf",
                "fastqc_overrepresented_sequences_plot.pdf",
                "fastqc_per_base_n_content_plot.pdf",
                "fastqc_per_base_sequence_quality_plot.pdf",
                "fastqc_per_sequence_gc_content_plot_Counts.pdf",
                "fastqc_per_sequence_gc_content_plot_Percentages.pdf",
                "fastqc_per_sequence_quality_scores_plot.pdf",
                "fastqc_sequence_counts_plot-cnt.pdf",
                "fastqc_sequence_counts_plot-pct.pdf",
                "fastqc_sequence_duplication_levels_plot.pdf",
                "fastqc_top_overrepresented_sequences_table.pdf",
                "general_stats_table.pdf",
                "picard_deduplication-cnt.pdf",
                "picard_deduplication-pct.pdf",
                "qualimap_coverage_histogram.pdf",
                "qualimap_gc_content.pdf",
                "qualimap_genome_fraction.pdf",
                "qualimap_insert_size.pdf",
                "samtools-flagstat-dp_Percentage_of_total.pdf",
                "samtools-flagstat-dp_Read_counts.pdf",
                "samtools-stats-dp.pdf",
                "samtools_alignment_plot-cnt.pdf",
                "samtools_alignment_plot-pct.pdf",
                "png",
                "cutadapt_filtered_reads_plot-cnt.png",
                "cutadapt_filtered_reads_plot-pct.png",
                "cutadapt_trimmed_sequences_plot_3_Counts.png",
                "cutadapt_trimmed_sequences_plot_3_Obs_Exp.png",
                "fastqc-status-check-heatmap.png",
                "fastqc_adapter_content_plot.png",
                "fastqc_overrepresented_sequences_plot.png",
                "fastqc_per_base_n_content_plot.png",
                "fastqc_per_base_sequence_quality_plot.png",
                "fastqc_per_sequence_gc_content_plot_Counts.png",
                "fastqc_per_sequence_gc_content_plot_Percentages.png",
                "fastqc_per_sequence_quality_scores_plot.png",
                "fastqc_sequence_counts_plot-cnt.png",
                "fastqc_sequence_counts_plot-pct.png",
                "fastqc_sequence_duplication_levels_plot.png",
                "fastqc_top_overrepresented_sequences_table.png",
                "general_stats_table.png",
                "picard_deduplication-cnt.png",
                "picard_deduplication-pct.png",
                "qualimap_coverage_histogram.png",
                "qualimap_gc_content.png",
                "qualimap_genome_fraction.png",
                "qualimap_insert_size.png",
                "samtools-flagstat-dp_Percentage_of_total.png",
                "samtools-flagstat-dp_Read_counts.png",
                "samtools-stats-dp.png",
                "samtools_alignment_plot-cnt.png",
                "samtools_alignment_plot-pct.png",
                "svg",
                "cutadapt_filtered_reads_plot-cnt.svg",
                "cutadapt_filtered_reads_plot-pct.svg",
                "cutadapt_trimmed_sequences_plot_3_Counts.svg",
                "cutadapt_trimmed_sequences_plot_3_Obs_Exp.svg",
                "fastqc-status-check-heatmap.svg",
                "fastqc_adapter_content_plot.svg",
                "fastqc_overrepresented_sequences_plot.svg",
                "fastqc_per_base_n_content_plot.svg",
                "fastqc_per_base_sequence_quality_plot.svg",
                "fastqc_per_sequence_gc_content_plot_Counts.svg",
                "fastqc_per_sequence_gc_content_plot_Percentages.svg",
                "fastqc_per_sequence_quality_scores_plot.svg",
                "fastqc_sequence_counts_plot-cnt.svg",
                "fastqc_sequence_counts_plot-pct.svg",
                "fastqc_sequence_duplication_levels_plot.svg",
                "fastqc_top_overrepresented_sequences_table.svg",
                "general_stats_table.svg",
                "picard_deduplication-cnt.svg",
                "picard_deduplication-pct.svg",
                "qualimap_coverage_histogram.svg",
                "qualimap_gc_content.svg",
                "qualimap_genome_fraction.svg",
                "qualimap_insert_size.svg",
                "samtools-flagstat-dp_Percentage_of_total.svg",
                "samtools-flagstat-dp_Read_counts.svg",
                "samtools-stats-dp.svg",
                "samtools_alignment_plot-cnt.svg",
                "samtools_alignment_plot-pct.svg",
                "multiqc_report.html",
                "pipeline_info",
                "nf_core_pipeline_software_mqc_versions.yml",
                "qualimap",
                "Ecoli",
                "css",
                "agogo.css",
                "ajax-loader.gif",
                "basic.css",
                "bgfooter.png",
                "bgtop.png",
                "comment-bright.png",
                "comment-close.png",
                "comment.png",
                "doctools.js",
                "down-pressed.png",
                "down.png",
                "file.png",
                "jquery.js",
                "minus.png",
                "plus.png",
                "pygments.css",
                "qualimap_logo_small.png",
                "report.css",
                "searchtools.js",
                "underscore.js",
                "up-pressed.png",
                "up.png",
                "websupport.js",
                "genome_results.txt",
                "images_qualimapReport",
                "genome_coverage_0to50_histogram.png",
                "genome_coverage_across_reference.png",
                "genome_coverage_histogram.png",
                "genome_coverage_quotes.png",
                "genome_gc_content_per_window.png",
                "genome_homopolymer_indels.png",
                "genome_insert_size_across_reference.png",
                "genome_insert_size_histogram.png",
                "genome_mapping_quality_across_reference.png",
                "genome_mapping_quality_histogram.png",
                "genome_reads_clipping_profile.png",
                "genome_reads_content_per_read_position.png",
                "genome_uniq_read_starts_histogram.png",
                "qualimapReport.html",
                "raw_data_qualimapReport",
                "coverage_across_reference.txt",
                "coverage_histogram.txt",
                "duplication_rate_histogram.txt",
                "genome_fraction_coverage.txt",
                "homopolymer_indels.txt",
                "insert_size_across_reference.txt",
                "insert_size_histogram.txt",
                "mapped_reads_clipping_profile.txt",
                "mapped_reads_gc-content_distribution.txt",
                "mapped_reads_nucleotide_content.txt",
                "mapping_quality_across_reference.txt",
                "mapping_quality_histogram.txt",
                "SRR389222_sub1",
                "css",
                "agogo.css",
                "ajax-loader.gif",
                "basic.css",
                "bgfooter.png",
                "bgtop.png",
                "comment-bright.png",
                "comment-close.png",
                "comment.png",
                "doctools.js",
                "down-pressed.png",
                "down.png",
                "file.png",
                "jquery.js",
                "minus.png",
                "plus.png",
                "pygments.css",
                "qualimap_logo_small.png",
                "report.css",
                "searchtools.js",
                "underscore.js",
                "up-pressed.png",
                "up.png",
                "websupport.js",
                "genome_results.txt",
                "qualimapReport.html",
                "raw_data_qualimapReport",
                "SRR389222_sub2",
                "css",
                "agogo.css",
                "ajax-loader.gif",
                "basic.css",
                "bgfooter.png",
                "bgtop.png",
                "comment-bright.png",
                "comment-close.png",
                "comment.png",
                "doctools.js",
                "down-pressed.png",
                "down.png",
                "file.png",
                "jquery.js",
                "minus.png",
                "plus.png",
                "pygments.css",
                "qualimap_logo_small.png",
                "report.css",
                "searchtools.js",
                "underscore.js",
                "up-pressed.png",
                "up.png",
                "websupport.js",
                "genome_results.txt",
                "qualimapReport.html",
                "raw_data_qualimapReport",
                "SRR389222_sub3",
                "css",
                "agogo.css",
                "ajax-loader.gif",
                "basic.css",
                "bgfooter.png",
                "bgtop.png",
                "comment-bright.png",
                "comment-close.png",
                "comment.png",
                "doctools.js",
                "down-pressed.png",
                "down.png",
                "file.png",
                "jquery.js",
                "minus.png",
                "plus.png",
                "pygments.css",
                "qualimap_logo_small.png",
                "report.css",
                "searchtools.js",
                "underscore.js",
                "up-pressed.png",
                "up.png",
                "websupport.js",
                "genome_results.txt",
                "qualimapReport.html",
                "raw_data_qualimapReport",
                "trimgalore",
                "fastqc",
                "Ecoli_1_val_1_fastqc.html",
                "Ecoli_2_val_2_fastqc.html",
                "SRR389222_sub1_trimmed_fastqc.html",
                "SRR389222_sub2_trimmed_fastqc.html",
                "SRR389222_sub3_trimmed_fastqc.html",
                "zips",
                "Ecoli_1_val_1_fastqc.zip",
                "Ecoli_2_val_2_fastqc.zip",
                "SRR389222_sub1_trimmed_fastqc.zip",
                "SRR389222_sub2_trimmed_fastqc.zip",
                "SRR389222_sub3_trimmed_fastqc.zip",
                "logs",
                "Ecoli_1.fastq.gz_trimming_report.txt",
                "Ecoli_2.fastq.gz_trimming_report.txt",
                "SRR389222_sub1.fastq.gz_trimming_report.txt",
                "SRR389222_sub2.fastq.gz_trimming_report.txt",
                "SRR389222_sub3.fastq.gz_trimming_report.txt"
            ],
            [
                "Ecoli.bam:md5,b33dd5e9904b44b2adb03c50d0081f1a",
                "Ecoli.sorted.bam:md5,4dcf6fad8c1fc570af009b777d052acb",
                "Ecoli.sorted.bam.bai:md5,c6a8c02d5cdf657a59b704f4bdb6fe22",
                "SRR389222_sub1.bam:md5,13fa13a2d39fcc3740badd05f0f6f299",
                "SRR389222_sub1.sorted.bam:md5,43abe8f3423f450b77462c6bd2476ef3",
                "SRR389222_sub1.sorted.bam.bai:md5,c95cb45c3f0a9a82bf78a7914b38ebaf",
                "SRR389222_sub2.bam:md5,10442be5d5f47833310f9dd055adbe5c",
                "SRR389222_sub2.sorted.bam:md5,4dda9cfb349cf68ba441226d59e135e8",
                "SRR389222_sub2.sorted.bam.bai:md5,fbe5ef44841a8b6028bdb7c14ae67e59",
                "SRR389222_sub3.bam:md5,a11eb7feb5f013cc2f489cb675cf182e",
                "SRR389222_sub3.sorted.bam:md5,88de0af4481265cae2c574119e6400e5",
                "SRR389222_sub3.sorted.bam.bai:md5,d7d62a85aac95328011ba48c37f3cf1c",
                "Ecoli.flagstat:md5,f520e87cc4050799a0dbed72909572ec",
                "Ecoli.stats:md5,c1d93f418a498e9d88e13c5f2a7d7ed6",
                "SRR389222_sub1.flagstat:md5,ad8159a7683b9c3057bf54ccb77a2ddc",
                "SRR389222_sub1.stats:md5,0f660ccc767662d4bd8c5197f3d46a87",
                "SRR389222_sub2.flagstat:md5,e768b4f54014d62b096152c44f920bc1",
                "SRR389222_sub2.stats:md5,9343b74f4d825bfb2a554be3d8bed432",
                "SRR389222_sub3.flagstat:md5,39516f7d2c77e6fef9543edf8cddbcd6",
                "SRR389222_sub3.stats:md5,f41e135f71893e2a8b589c4a66cbfeec",
                "genome.fa:md5,923a0a268ad29fee3c3437d00f9970de",
                "genome.fa.bwameth.c2t:md5,e51d48ed28fa0c26e2f9c9f13d09403b",
                "genome.fa.bwameth.c2t.amb:md5,010a242c6764efb30141868a45d698b3",
                "genome.fa.bwameth.c2t.ann:md5,09b4db3d87a2d4dac9e10e807f377110",
                "genome.fa.bwameth.c2t.bwt:md5,4646f8ae6bd523b7f4106bbd32eff95e",
                "genome.fa.bwameth.c2t.pac:md5,a662d7add09698e25c8152fd2306ec66",
                "genome.fa.bwameth.c2t.sa:md5,4a1e905b828396a1909669bc9c573d8d",
                "Ecoli.markdup.sorted_CpG.bedGraph:md5,00132adede8128b3a111136713a2a4ff",
                "SRR389222_sub1.markdup.sorted_CpG.bedGraph:md5,0944ad0e3b05791bf6dfd06be7ca4af1",
                "SRR389222_sub2.markdup.sorted_CpG.bedGraph:md5,0a3c19af55d1625e91903ae25d1d2098",
                "SRR389222_sub3.markdup.sorted_CpG.bedGraph:md5,a91e6b039e9581a9d2ef6f6057918b39",
                "Ecoli.mbias.txt:md5,3a448a2a6364b2de3129365a271c0534",
                "SRR389222_sub1.mbias.txt:md5,fce04d733e066d0b933cedc602e2af81",
                "SRR389222_sub2.mbias.txt:md5,fce04d733e066d0b933cedc602e2af81",
                "SRR389222_sub3.mbias.txt:md5,fce04d733e066d0b933cedc602e2af81",
                "cutadapt_filtered_reads_plot.txt:md5,0ce9197c7bd7b3f28a3b3a138f0fa7ac",
                "cutadapt_trimmed_sequences_plot_3_Counts.txt:md5,d26da65930f05d6bf9d0f1108448fa28",
                "cutadapt_trimmed_sequences_plot_3_Obs_Exp.txt:md5,b2efa644f2e7490dc27d2e100e438ebd",
                "fastqc-status-check-heatmap.txt:md5,230dfd84f4b57666319047198394ca60",
                "fastqc_adapter_content_plot.txt:md5,8910f0d1c3e966a2d5cceaa5f127257d",
                "fastqc_overrepresented_sequences_plot.txt:md5,7402f1164f8aa05406703fb0c18b4428",
                "fastqc_per_base_n_content_plot.txt:md5,d852ed1029342edc9981ad3105abaedb",
                "fastqc_per_base_sequence_quality_plot.txt:md5,1e9c4701fdb3367be21980455010010a",
                "fastqc_per_sequence_gc_content_plot_Counts.txt:md5,af5e3874769dcda665730aaef2b76e9e",
                "fastqc_per_sequence_gc_content_plot_Percentages.txt:md5,7b21b780b32694e8a4107285f5037e42",
                "fastqc_per_sequence_quality_scores_plot.txt:md5,d41664b3ad203d095aee006588c93298",
                "fastqc_sequence_counts_plot.txt:md5,47e0b371031eb1fad2cd6be86206265b",
                "fastqc_sequence_duplication_levels_plot.txt:md5,00b66074303680ddba5a5f7dd9ab71cc",
                "multiqc_citations.txt:md5,581df5b266851d0244e7cfb213351ffb",
                "multiqc_cutadapt.txt:md5,811eed7b5d733c419c6585a1a6814f00",
                "multiqc_picard_dups.txt:md5,1e519dba0b214a29603c3f7842ad9e4e",
                "multiqc_samtools_flagstat.txt:md5,bc4ed5d449c0bb7f1064b96b286c7537",
                "multiqc_samtools_stats.txt:md5,8d9dd84f6cd695603c4dd15bf31302a3",
                "multiqc_software_versions.txt:md5,ea71cd4a77f55cd04ddf0c7e4ef02cb1",
                "picard_deduplication.txt:md5,e81a8878ce041bc416d6148ffeead5ee",
                "picard_histogram.txt:md5,d41d8cd98f00b204e9800998ecf8427e",
                "picard_histogram_1.txt:md5,d41d8cd98f00b204e9800998ecf8427e",
                "picard_histogram_2.txt:md5,d41d8cd98f00b204e9800998ecf8427e",
                "qualimap_coverage_histogram.txt:md5,d1435f2e0988d7b5a3e0c11751e7cc9f",
                "qualimap_gc_content.txt:md5,15beb65b296f4e56f882f3114bd81afb",
                "qualimap_genome_fraction.txt:md5,ac2f50619d984e947154422dd8175d07",
                "qualimap_insert_size.txt:md5,a677c1050d293001c447b10416173ded",
                "samtools-flagstat-dp_Percentage_of_total.txt:md5,3f575b9c047d9fadd9a074a2d1838a5b",
                "samtools-flagstat-dp_Read_counts.txt:md5,dbe7baa1d5d82db0395b48fb3b6d375e",
                "samtools-stats-dp.txt:md5,a90167f3fa30d37c4218475d33202337",
                "samtools_alignment_plot.txt:md5,bb2a8c3dc0c4444c7ab78866737878f3",
                "bgfooter.png:md5,ed01bb040346e4623cc87de331ddb4e1",
                "bgtop.png:md5,626a50532dc6e5adbdd968746ef318e8",
                "comment-bright.png:md5,0c850bb4920b581bf5e5dba5fa493a64",
                "comment-close.png:md5,2635dda49c823e8122d4d11ed385f33d",
                "comment.png:md5,882e40f3d6a16c6ed35659b105251525",
                "down-pressed.png:md5,ebe8979581eda700fb234a73c661a4b9",
                "down.png:md5,f6f3c819cc7ca27d7fd3347e5e7ffe0f",
                "file.png:md5,6587e59c55e626744eb6fc11129d99a7",
                "minus.png:md5,8d572395aa95c89584a09813ada4dfa1",
                "plus.png:md5,0125e6faa04e2cf0141a2d599d3bb220",
                "qualimap_logo_small.png:md5,7526f145a97be4682fd59e27dda4f71b",
                "up-pressed.png:md5,8ea9bd109342f87fee97943b479c6f7e",
                "up.png:md5,ecc373278454cc8ecc12d6ca69e55b36",
                "genome_results.txt:md5,d1a1b49086982318f0f94ba7059f71a3",
                "genome_coverage_0to50_histogram.png:md5,898ad1fc5382e37f6e1b22e0ef585fc9",
                "genome_coverage_across_reference.png:md5,114262f856ec8a3a49850736cb6f0d2e",
                "genome_coverage_histogram.png:md5,d81b59736706d5a76fb99f0d61e9175a",
                "genome_coverage_quotes.png:md5,ebf0e72cdb76286896e0e809710436aa",
                "genome_gc_content_per_window.png:md5,6d8f9b327b8333b90c005d610b588acd",
                "genome_homopolymer_indels.png:md5,66aafd7427f6c0ed57fc730546235dad",
                "genome_insert_size_across_reference.png:md5,1ff6b6ef78e273252e08389f1658cb4e",
                "genome_insert_size_histogram.png:md5,418d441fc67fe7e3a9427d6326db7678",
                "genome_mapping_quality_across_reference.png:md5,8f47c8357c0fa56a564795bb08f9000a",
                "genome_mapping_quality_histogram.png:md5,283a40772cfcbfc51c0e0a442c9e2282",
                "genome_reads_clipping_profile.png:md5,36ddf164abbf8abd58690f93c336bacc",
                "genome_reads_content_per_read_position.png:md5,cbd2c6fc442163aba672c4cba4b1731f",
                "genome_uniq_read_starts_histogram.png:md5,354a45f6a325ca5fa6315025349188ba",
                "coverage_across_reference.txt:md5,c4c7f930ad577d15de1358226acab252",
                "coverage_histogram.txt:md5,cddf42d662856425649c196c731f048b",
                "duplication_rate_histogram.txt:md5,764cb7ceebd9f6c40d68fac844d8645e",
                "genome_fraction_coverage.txt:md5,53bbcec7b73cabbacfee1519a047bcbf",
                "homopolymer_indels.txt:md5,99b50d128297f11553837958d07e0ec5",
                "insert_size_across_reference.txt:md5,d55ce0a480c4651cda5f204bb5596cc2",
                "insert_size_histogram.txt:md5,6cfc87a2fe207fe1b5e00a1dca58baa8",
                "mapped_reads_clipping_profile.txt:md5,f6ba286879f9d7fa3cd44653e32d7e3f",
                "mapped_reads_gc-content_distribution.txt:md5,5ccc04e2cfe72baf465834aaeec5f92c",
                "mapped_reads_nucleotide_content.txt:md5,87d4e3b86ac646498e986e8b5e05226e",
                "mapping_quality_across_reference.txt:md5,c483c7c5c75cc05ab696743934ae006b",
                "mapping_quality_histogram.txt:md5,97b8ae36235e0dabc17f2b0697e9d078",
                "bgfooter.png:md5,ed01bb040346e4623cc87de331ddb4e1",
                "bgtop.png:md5,626a50532dc6e5adbdd968746ef318e8",
                "comment-bright.png:md5,0c850bb4920b581bf5e5dba5fa493a64",
                "comment-close.png:md5,2635dda49c823e8122d4d11ed385f33d",
                "comment.png:md5,882e40f3d6a16c6ed35659b105251525",
                "down-pressed.png:md5,ebe8979581eda700fb234a73c661a4b9",
                "down.png:md5,f6f3c819cc7ca27d7fd3347e5e7ffe0f",
                "file.png:md5,6587e59c55e626744eb6fc11129d99a7",
                "minus.png:md5,8d572395aa95c89584a09813ada4dfa1",
                "plus.png:md5,0125e6faa04e2cf0141a2d599d3bb220",
                "qualimap_logo_small.png:md5,7526f145a97be4682fd59e27dda4f71b",
                "up-pressed.png:md5,8ea9bd109342f87fee97943b479c6f7e",
                "up.png:md5,ecc373278454cc8ecc12d6ca69e55b36",
                "genome_results.txt:md5,2c755b15ae5ad4a1d29395320a6264ca",
                "bgfooter.png:md5,ed01bb040346e4623cc87de331ddb4e1",
                "bgtop.png:md5,626a50532dc6e5adbdd968746ef318e8",
                "comment-bright.png:md5,0c850bb4920b581bf5e5dba5fa493a64",
                "comment-close.png:md5,2635dda49c823e8122d4d11ed385f33d",
                "comment.png:md5,882e40f3d6a16c6ed35659b105251525",
                "down-pressed.png:md5,ebe8979581eda700fb234a73c661a4b9",
                "down.png:md5,f6f3c819cc7ca27d7fd3347e5e7ffe0f",
                "file.png:md5,6587e59c55e626744eb6fc11129d99a7",
                "minus.png:md5,8d572395aa95c89584a09813ada4dfa1",
                "plus.png:md5,0125e6faa04e2cf0141a2d599d3bb220",
                "qualimap_logo_small.png:md5,7526f145a97be4682fd59e27dda4f71b",
                "up-pressed.png:md5,8ea9bd109342f87fee97943b479c6f7e",
                "up.png:md5,ecc373278454cc8ecc12d6ca69e55b36",
                "genome_results.txt:md5,2294badeccd2e8870fd6c60d115687b0",
                "bgfooter.png:md5,ed01bb040346e4623cc87de331ddb4e1",
                "bgtop.png:md5,626a50532dc6e5adbdd968746ef318e8",
                "comment-bright.png:md5,0c850bb4920b581bf5e5dba5fa493a64",
                "comment-close.png:md5,2635dda49c823e8122d4d11ed385f33d",
                "comment.png:md5,882e40f3d6a16c6ed35659b105251525",
                "down-pressed.png:md5,ebe8979581eda700fb234a73c661a4b9",
                "down.png:md5,f6f3c819cc7ca27d7fd3347e5e7ffe0f",
                "file.png:md5,6587e59c55e626744eb6fc11129d99a7",
                "minus.png:md5,8d572395aa95c89584a09813ada4dfa1",
                "plus.png:md5,0125e6faa04e2cf0141a2d599d3bb220",
                "qualimap_logo_small.png:md5,7526f145a97be4682fd59e27dda4f71b",
                "up-pressed.png:md5,8ea9bd109342f87fee97943b479c6f7e",
                "up.png:md5,ecc373278454cc8ecc12d6ca69e55b36",
                "genome_results.txt:md5,4da1144933d094185d02f7482c120804"
            ]
        ],
        "meta": {
            "nf-test": "0.9.0",
            "nextflow": "24.04.4"
        },
        "timestamp": "2024-09-23T09:15:12.324738787"
    }
}