{
    "Bwameth: rrbs": {
        "content": [
            46,
            {
                "BWAMETH_ALIGN": {
                    "bwameth": "0.2.7"
                },
                "BWAMETH_INDEX": {
                    "bwameth": "0.2.7"
                },
                "FASTQC": {
                    "fastqc": "0.12.1"
                },
                "QUALIMAP_BAMQC": {
                    "qualimap": 2.3
                },
                "TRIMGALORE": {
                    "trimgalore": "0.6.7",
                    "cutadapt": 3.4
                },
                "Workflow": {
                    "nf-core/methylseq": "v2.7.0dev"
                }
            },
            [
                "bwameth",
                "alignments",
                "samtools_stats",
                "Ecoli.flagstat",
                "Ecoli.stats",
                "SRR389222_sub1.flagstat",
                "SRR389222_sub1.stats",
                "SRR389222_sub2.flagstat",
                "SRR389222_sub2.stats",
                "SRR389222_sub3.flagstat",
                "SRR389222_sub3.stats",
                "fastqc",
                "Ecoli_1_fastqc.html",
                "Ecoli_2_fastqc.html",
                "SRR389222_sub1_fastqc.html",
                "SRR389222_sub2_fastqc.html",
                "SRR389222_sub3_fastqc.html",
                "zips",
                "Ecoli_1_fastqc.zip",
                "Ecoli_2_fastqc.zip",
                "SRR389222_sub1_fastqc.zip",
                "SRR389222_sub2_fastqc.zip",
                "SRR389222_sub3_fastqc.zip",
                "methyldackel",
                "Ecoli.sorted_CpG.bedGraph",
                "SRR389222_sub1.sorted_CpG.bedGraph",
                "SRR389222_sub2.sorted_CpG.bedGraph",
                "SRR389222_sub3.sorted_CpG.bedGraph",
                "mbias",
                "Ecoli.mbias.txt",
                "SRR389222_sub1.mbias.txt",
                "SRR389222_sub2.mbias.txt",
                "SRR389222_sub3.mbias.txt",
                "multiqc",
                "bwameth",
                "multiqc_data",
                "cutadapt_filtered_reads_plot.txt",
                "cutadapt_trimmed_sequences_plot_3_Counts.txt",
                "cutadapt_trimmed_sequences_plot_3_Obs_Exp.txt",
                "fastqc-status-check-heatmap.txt",
                "fastqc_adapter_content_plot.txt",
                "fastqc_overrepresented_sequences_plot.txt",
                "fastqc_per_base_n_content_plot.txt",
                "fastqc_per_base_sequence_quality_plot.txt",
                "fastqc_per_sequence_gc_content_plot_Counts.txt",
                "fastqc_per_sequence_gc_content_plot_Percentages.txt",
                "fastqc_per_sequence_quality_scores_plot.txt",
                "fastqc_sequence_counts_plot.txt",
                "fastqc_sequence_duplication_levels_plot.txt",
                "fastqc_top_overrepresented_sequences_table.txt",
                "multiqc.log",
                "multiqc_citations.txt",
                "multiqc_cutadapt.txt",
                "multiqc_data.json",
                "multiqc_fastqc.txt",
                "multiqc_general_stats.txt",
                "multiqc_qualimap_bamqc_genome_results.txt",
                "multiqc_samtools_flagstat.txt",
                "multiqc_samtools_stats.txt",
                "multiqc_software_versions.txt",
                "multiqc_sources.txt",
                "qualimap_coverage_histogram.txt",
                "qualimap_gc_content.txt",
                "qualimap_genome_fraction.txt",
                "qualimap_insert_size.txt",
                "samtools-flagstat-dp_Percentage_of_total.txt",
                "samtools-flagstat-dp_Read_counts.txt",
                "samtools-stats-dp.txt",
                "samtools_alignment_plot.txt",
                "multiqc_plots",
                "pdf",
                "cutadapt_filtered_reads_plot-cnt.pdf",
                "cutadapt_filtered_reads_plot-pct.pdf",
                "cutadapt_trimmed_sequences_plot_3_Counts.pdf",
                "cutadapt_trimmed_sequences_plot_3_Obs_Exp.pdf",
                "fastqc-status-check-heatmap.pdf",
                "fastqc_adapter_content_plot.pdf",
                "fastqc_overrepresented_sequences_plot.pdf",
                "fastqc_per_base_n_content_plot.pdf",
                "fastqc_per_base_sequence_quality_plot.pdf",
                "fastqc_per_sequence_gc_content_plot_Counts.pdf",
                "fastqc_per_sequence_gc_content_plot_Percentages.pdf",
                "fastqc_per_sequence_quality_scores_plot.pdf",
                "fastqc_sequence_counts_plot-cnt.pdf",
                "fastqc_sequence_counts_plot-pct.pdf",
                "fastqc_sequence_duplication_levels_plot.pdf",
                "fastqc_top_overrepresented_sequences_table.pdf",
                "general_stats_table.pdf",
                "qualimap_coverage_histogram.pdf",
                "qualimap_gc_content.pdf",
                "qualimap_genome_fraction.pdf",
                "qualimap_insert_size.pdf",
                "samtools-flagstat-dp_Percentage_of_total.pdf",
                "samtools-flagstat-dp_Read_counts.pdf",
                "samtools-stats-dp.pdf",
                "samtools_alignment_plot-cnt.pdf",
                "samtools_alignment_plot-pct.pdf",
                "png",
                "cutadapt_filtered_reads_plot-cnt.png",
                "cutadapt_filtered_reads_plot-pct.png",
                "cutadapt_trimmed_sequences_plot_3_Counts.png",
                "cutadapt_trimmed_sequences_plot_3_Obs_Exp.png",
                "fastqc-status-check-heatmap.png",
                "fastqc_adapter_content_plot.png",
                "fastqc_overrepresented_sequences_plot.png",
                "fastqc_per_base_n_content_plot.png",
                "fastqc_per_base_sequence_quality_plot.png",
                "fastqc_per_sequence_gc_content_plot_Counts.png",
                "fastqc_per_sequence_gc_content_plot_Percentages.png",
                "fastqc_per_sequence_quality_scores_plot.png",
                "fastqc_sequence_counts_plot-cnt.png",
                "fastqc_sequence_counts_plot-pct.png",
                "fastqc_sequence_duplication_levels_plot.png",
                "fastqc_top_overrepresented_sequences_table.png",
                "general_stats_table.png",
                "qualimap_coverage_histogram.png",
                "qualimap_gc_content.png",
                "qualimap_genome_fraction.png",
                "qualimap_insert_size.png",
                "samtools-flagstat-dp_Percentage_of_total.png",
                "samtools-flagstat-dp_Read_counts.png",
                "samtools-stats-dp.png",
                "samtools_alignment_plot-cnt.png",
                "samtools_alignment_plot-pct.png",
                "svg",
                "cutadapt_filtered_reads_plot-cnt.svg",
                "cutadapt_filtered_reads_plot-pct.svg",
                "cutadapt_trimmed_sequences_plot_3_Counts.svg",
                "cutadapt_trimmed_sequences_plot_3_Obs_Exp.svg",
                "fastqc-status-check-heatmap.svg",
                "fastqc_adapter_content_plot.svg",
                "fastqc_overrepresented_sequences_plot.svg",
                "fastqc_per_base_n_content_plot.svg",
                "fastqc_per_base_sequence_quality_plot.svg",
                "fastqc_per_sequence_gc_content_plot_Counts.svg",
                "fastqc_per_sequence_gc_content_plot_Percentages.svg",
                "fastqc_per_sequence_quality_scores_plot.svg",
                "fastqc_sequence_counts_plot-cnt.svg",
                "fastqc_sequence_counts_plot-pct.svg",
                "fastqc_sequence_duplication_levels_plot.svg",
                "fastqc_top_overrepresented_sequences_table.svg",
                "general_stats_table.svg",
                "qualimap_coverage_histogram.svg",
                "qualimap_gc_content.svg",
                "qualimap_genome_fraction.svg",
                "qualimap_insert_size.svg",
                "samtools-flagstat-dp_Percentage_of_total.svg",
                "samtools-flagstat-dp_Read_counts.svg",
                "samtools-stats-dp.svg",
                "samtools_alignment_plot-cnt.svg",
                "samtools_alignment_plot-pct.svg",
                "multiqc_report.html",
                "pipeline_info",
                "nf_core_pipeline_software_mqc_versions.yml",
                "qualimap",
                "Ecoli",
                "css",
                "agogo.css",
                "ajax-loader.gif",
                "basic.css",
                "bgfooter.png",
                "bgtop.png",
                "comment-bright.png",
                "comment-close.png",
                "comment.png",
                "doctools.js",
                "down-pressed.png",
                "down.png",
                "file.png",
                "jquery.js",
                "minus.png",
                "plus.png",
                "pygments.css",
                "qualimap_logo_small.png",
                "report.css",
                "searchtools.js",
                "underscore.js",
                "up-pressed.png",
                "up.png",
                "websupport.js",
                "genome_results.txt",
                "images_qualimapReport",
                "genome_coverage_0to50_histogram.png",
                "genome_coverage_across_reference.png",
                "genome_coverage_histogram.png",
                "genome_coverage_quotes.png",
                "genome_gc_content_per_window.png",
                "genome_homopolymer_indels.png",
                "genome_insert_size_across_reference.png",
                "genome_insert_size_histogram.png",
                "genome_mapping_quality_across_reference.png",
                "genome_mapping_quality_histogram.png",
                "genome_reads_clipping_profile.png",
                "genome_reads_content_per_read_position.png",
                "genome_uniq_read_starts_histogram.png",
                "qualimapReport.html",
                "raw_data_qualimapReport",
                "coverage_across_reference.txt",
                "coverage_histogram.txt",
                "duplication_rate_histogram.txt",
                "genome_fraction_coverage.txt",
                "homopolymer_indels.txt",
                "insert_size_across_reference.txt",
                "insert_size_histogram.txt",
                "mapped_reads_clipping_profile.txt",
                "mapped_reads_gc-content_distribution.txt",
                "mapped_reads_nucleotide_content.txt",
                "mapping_quality_across_reference.txt",
                "mapping_quality_histogram.txt",
                "SRR389222_sub1",
                "css",
                "agogo.css",
                "ajax-loader.gif",
                "basic.css",
                "bgfooter.png",
                "bgtop.png",
                "comment-bright.png",
                "comment-close.png",
                "comment.png",
                "doctools.js",
                "down-pressed.png",
                "down.png",
                "file.png",
                "jquery.js",
                "minus.png",
                "plus.png",
                "pygments.css",
                "qualimap_logo_small.png",
                "report.css",
                "searchtools.js",
                "underscore.js",
                "up-pressed.png",
                "up.png",
                "websupport.js",
                "genome_results.txt",
                "qualimapReport.html",
                "raw_data_qualimapReport",
                "SRR389222_sub2",
                "css",
                "agogo.css",
                "ajax-loader.gif",
                "basic.css",
                "bgfooter.png",
                "bgtop.png",
                "comment-bright.png",
                "comment-close.png",
                "comment.png",
                "doctools.js",
                "down-pressed.png",
                "down.png",
                "file.png",
                "jquery.js",
                "minus.png",
                "plus.png",
                "pygments.css",
                "qualimap_logo_small.png",
                "report.css",
                "searchtools.js",
                "underscore.js",
                "up-pressed.png",
                "up.png",
                "websupport.js",
                "genome_results.txt",
                "qualimapReport.html",
                "raw_data_qualimapReport",
                "SRR389222_sub3",
                "css",
                "agogo.css",
                "ajax-loader.gif",
                "basic.css",
                "bgfooter.png",
                "bgtop.png",
                "comment-bright.png",
                "comment-close.png",
                "comment.png",
                "doctools.js",
                "down-pressed.png",
                "down.png",
                "file.png",
                "jquery.js",
                "minus.png",
                "plus.png",
                "pygments.css",
                "qualimap_logo_small.png",
                "report.css",
                "searchtools.js",
                "underscore.js",
                "up-pressed.png",
                "up.png",
                "websupport.js",
                "genome_results.txt",
                "qualimapReport.html",
                "raw_data_qualimapReport",
                "trimgalore",
                "fastqc",
                "Ecoli_1_val_1_fastqc.html",
                "Ecoli_2_val_2_fastqc.html",
                "SRR389222_sub1_trimmed_fastqc.html",
                "SRR389222_sub2_trimmed_fastqc.html",
                "SRR389222_sub3_trimmed_fastqc.html",
                "zips",
                "Ecoli_1_val_1_fastqc.zip",
                "Ecoli_2_val_2_fastqc.zip",
                "SRR389222_sub1_trimmed_fastqc.zip",
                "SRR389222_sub2_trimmed_fastqc.zip",
                "SRR389222_sub3_trimmed_fastqc.zip",
                "logs",
                "Ecoli_1.fastq.gz_trimming_report.txt",
                "Ecoli_2.fastq.gz_trimming_report.txt",
                "SRR389222_sub1.fastq.gz_trimming_report.txt",
                "SRR389222_sub2.fastq.gz_trimming_report.txt",
                "SRR389222_sub3.fastq.gz_trimming_report.txt"
            ],
            [
                "Ecoli.flagstat:md5,c6a9a8b50c5e1d239071a8b75bc63b4f",
                "Ecoli.stats:md5,0f5d76c3ea7ee66e8507493b692ea18d",
                "SRR389222_sub1.flagstat:md5,cccae088e2f8686b890d019b60f63065",
                "SRR389222_sub1.stats:md5,138223a2070c2c68fd8867ad731b31b0",
                "SRR389222_sub2.flagstat:md5,403af1bed1e3e96f5e04d65e96728828",
                "SRR389222_sub2.stats:md5,2fa170e542d799b47717984dc7c0a4a4",
                "SRR389222_sub3.flagstat:md5,73a5cb246f6388d5d449775d6e35f5fa",
                "SRR389222_sub3.stats:md5,89ccd73e9ed78f5102c5736f255e034a",
                "Ecoli.sorted_CpG.bedGraph:md5,0b6f73b13133ed206921b142b5fabc54",
                "SRR389222_sub1.sorted_CpG.bedGraph:md5,4475a9462ce86a019015b69b82a9d5a2",
                "SRR389222_sub2.sorted_CpG.bedGraph:md5,18b8845d9d985d3c203ca6c9c40aab1b",
                "SRR389222_sub3.sorted_CpG.bedGraph:md5,70dcc3836dc9721c2de367d1cf05e815",
                "Ecoli.mbias.txt:md5,7fb217502c2f3ae955bdfd744b6cbb72",
                "SRR389222_sub1.mbias.txt:md5,fce04d733e066d0b933cedc602e2af81",
                "SRR389222_sub2.mbias.txt:md5,fce04d733e066d0b933cedc602e2af81",
                "SRR389222_sub3.mbias.txt:md5,fce04d733e066d0b933cedc602e2af81",
                "cutadapt_filtered_reads_plot.txt:md5,0ce9197c7bd7b3f28a3b3a138f0fa7ac",
                "cutadapt_trimmed_sequences_plot_3_Counts.txt:md5,d26da65930f05d6bf9d0f1108448fa28",
                "cutadapt_trimmed_sequences_plot_3_Obs_Exp.txt:md5,b2efa644f2e7490dc27d2e100e438ebd",
                "fastqc-status-check-heatmap.txt:md5,230dfd84f4b57666319047198394ca60",
                "fastqc_adapter_content_plot.txt:md5,8910f0d1c3e966a2d5cceaa5f127257d",
                "fastqc_overrepresented_sequences_plot.txt:md5,7402f1164f8aa05406703fb0c18b4428",
                "fastqc_per_base_n_content_plot.txt:md5,d852ed1029342edc9981ad3105abaedb",
                "fastqc_per_base_sequence_quality_plot.txt:md5,1e9c4701fdb3367be21980455010010a",
                "fastqc_per_sequence_gc_content_plot_Counts.txt:md5,af5e3874769dcda665730aaef2b76e9e",
                "fastqc_per_sequence_gc_content_plot_Percentages.txt:md5,7b21b780b32694e8a4107285f5037e42",
                "fastqc_per_sequence_quality_scores_plot.txt:md5,d41664b3ad203d095aee006588c93298",
                "fastqc_sequence_counts_plot.txt:md5,47e0b371031eb1fad2cd6be86206265b",
                "fastqc_sequence_duplication_levels_plot.txt:md5,00b66074303680ddba5a5f7dd9ab71cc",
                "multiqc_citations.txt:md5,581df5b266851d0244e7cfb213351ffb",
                "multiqc_cutadapt.txt:md5,75a6c55468d07b9391a2f2f4ceeabd3e",
                "multiqc_samtools_flagstat.txt:md5,431903ad720f500fcdae93dbe3f4ea87",
                "multiqc_samtools_stats.txt:md5,90e126042646f80c323ac71392e7f810",
                "multiqc_software_versions.txt:md5,ea71cd4a77f55cd04ddf0c7e4ef02cb1",
                "qualimap_coverage_histogram.txt:md5,f55183f33603a184529a853beff5e5ab",
                "qualimap_gc_content.txt:md5,9904e8a9e6731165db4d1082efaabee1",
                "qualimap_genome_fraction.txt:md5,054a0f6320882d99bdc7b55d3ab21831",
                "qualimap_insert_size.txt:md5,fb2e86cbcba7dc347a0656c5b614288e",
                "samtools-flagstat-dp_Percentage_of_total.txt:md5,61a8ece486372de528ee1ba7f45fbeed",
                "samtools-flagstat-dp_Read_counts.txt:md5,c1dbfa79d38dd3cb0e2ef8fc8fcba4c6",
                "samtools-stats-dp.txt:md5,5206afae20c50fa1d63104c5f40c8e36",
                "samtools_alignment_plot.txt:md5,360a28c15befc4b9c570f044b88c502d",
                "bgfooter.png:md5,ed01bb040346e4623cc87de331ddb4e1",
                "bgtop.png:md5,626a50532dc6e5adbdd968746ef318e8",
                "comment-bright.png:md5,0c850bb4920b581bf5e5dba5fa493a64",
                "comment-close.png:md5,2635dda49c823e8122d4d11ed385f33d",
                "comment.png:md5,882e40f3d6a16c6ed35659b105251525",
                "down-pressed.png:md5,ebe8979581eda700fb234a73c661a4b9",
                "down.png:md5,f6f3c819cc7ca27d7fd3347e5e7ffe0f",
                "file.png:md5,6587e59c55e626744eb6fc11129d99a7",
                "minus.png:md5,8d572395aa95c89584a09813ada4dfa1",
                "plus.png:md5,0125e6faa04e2cf0141a2d599d3bb220",
                "qualimap_logo_small.png:md5,7526f145a97be4682fd59e27dda4f71b",
                "up-pressed.png:md5,8ea9bd109342f87fee97943b479c6f7e",
                "up.png:md5,ecc373278454cc8ecc12d6ca69e55b36",
                "genome_results.txt:md5,1691dc12fae31f941f443f893dbad434",
                "genome_coverage_0to50_histogram.png:md5,88f76586341b1a814129362c1d8c63e4",
                "genome_coverage_across_reference.png:md5,dc181b3b9ac8ff6724f0bd86dc6356a7",
                "genome_coverage_histogram.png:md5,75896c094173b9460208c5268efeca71",
                "genome_coverage_quotes.png:md5,d9aea6fcbca20dbe5eaa1870a75dc543",
                "genome_gc_content_per_window.png:md5,7813714bb1c232517063c018c8c98b2d",
                "genome_homopolymer_indels.png:md5,ec403e2f1e17fe3ac0ee46539eaba1fb",
                "genome_insert_size_across_reference.png:md5,43af45ee564d1bf32b143c5896036206",
                "genome_insert_size_histogram.png:md5,843f131899d2b84e10a3aaf5c5eb5873",
                "genome_mapping_quality_across_reference.png:md5,487c34055fee28b9d0a75307e3e36400",
                "genome_mapping_quality_histogram.png:md5,841ab69165c53b057b6ad93bdfec6c27",
                "genome_reads_clipping_profile.png:md5,9d363021cd02d0dbf0fbada5a5def187",
                "genome_reads_content_per_read_position.png:md5,795860629b131e396c8df688347be514",
                "genome_uniq_read_starts_histogram.png:md5,97c7613b8ff8853f9f75385305659922",
                "coverage_across_reference.txt:md5,be53a4009a0d557ec32652e1324c6707",
                "coverage_histogram.txt:md5,0afda076822fea8461266b90f981e405",
                "duplication_rate_histogram.txt:md5,3a1f444298b96462f9a636a362059b06",
                "genome_fraction_coverage.txt:md5,b7fadfcd002e58a48dd58facc9deecd9",
                "homopolymer_indels.txt:md5,e4a622cd9a77bd543b64514bd6440c91",
                "insert_size_across_reference.txt:md5,33866dcffabc076c0bef586409d3480a",
                "insert_size_histogram.txt:md5,fe2892c9347f572cd6bf6cc80363f63e",
                "mapped_reads_clipping_profile.txt:md5,1c27af71d413a91fae76cf9c381096cf",
                "mapped_reads_gc-content_distribution.txt:md5,e2dd107a02ff47839de1607bfa7e1faa",
                "mapped_reads_nucleotide_content.txt:md5,68943e60518adb0b3de1215a41815dbf",
                "mapping_quality_across_reference.txt:md5,66539f502fb8bde4e5ead683f045bef4",
                "mapping_quality_histogram.txt:md5,308ca164f21e2360f81169a69dc3dbda",
                "bgfooter.png:md5,ed01bb040346e4623cc87de331ddb4e1",
                "bgtop.png:md5,626a50532dc6e5adbdd968746ef318e8",
                "comment-bright.png:md5,0c850bb4920b581bf5e5dba5fa493a64",
                "comment-close.png:md5,2635dda49c823e8122d4d11ed385f33d",
                "comment.png:md5,882e40f3d6a16c6ed35659b105251525",
                "down-pressed.png:md5,ebe8979581eda700fb234a73c661a4b9",
                "down.png:md5,f6f3c819cc7ca27d7fd3347e5e7ffe0f",
                "file.png:md5,6587e59c55e626744eb6fc11129d99a7",
                "minus.png:md5,8d572395aa95c89584a09813ada4dfa1",
                "plus.png:md5,0125e6faa04e2cf0141a2d599d3bb220",
                "qualimap_logo_small.png:md5,7526f145a97be4682fd59e27dda4f71b",
                "up-pressed.png:md5,8ea9bd109342f87fee97943b479c6f7e",
                "up.png:md5,ecc373278454cc8ecc12d6ca69e55b36",
                "genome_results.txt:md5,07b8ef58f6c6bb40c0c9c4704b50e0b3",
                "bgfooter.png:md5,ed01bb040346e4623cc87de331ddb4e1",
                "bgtop.png:md5,626a50532dc6e5adbdd968746ef318e8",
                "comment-bright.png:md5,0c850bb4920b581bf5e5dba5fa493a64",
                "comment-close.png:md5,2635dda49c823e8122d4d11ed385f33d",
                "comment.png:md5,882e40f3d6a16c6ed35659b105251525",
                "down-pressed.png:md5,ebe8979581eda700fb234a73c661a4b9",
                "down.png:md5,f6f3c819cc7ca27d7fd3347e5e7ffe0f",
                "file.png:md5,6587e59c55e626744eb6fc11129d99a7",
                "minus.png:md5,8d572395aa95c89584a09813ada4dfa1",
                "plus.png:md5,0125e6faa04e2cf0141a2d599d3bb220",
                "qualimap_logo_small.png:md5,7526f145a97be4682fd59e27dda4f71b",
                "up-pressed.png:md5,8ea9bd109342f87fee97943b479c6f7e",
                "up.png:md5,ecc373278454cc8ecc12d6ca69e55b36",
                "genome_results.txt:md5,1466a5585ad5887f8fea7af2732efcba",
                "bgfooter.png:md5,ed01bb040346e4623cc87de331ddb4e1",
                "bgtop.png:md5,626a50532dc6e5adbdd968746ef318e8",
                "comment-bright.png:md5,0c850bb4920b581bf5e5dba5fa493a64",
                "comment-close.png:md5,2635dda49c823e8122d4d11ed385f33d",
                "comment.png:md5,882e40f3d6a16c6ed35659b105251525",
                "down-pressed.png:md5,ebe8979581eda700fb234a73c661a4b9",
                "down.png:md5,f6f3c819cc7ca27d7fd3347e5e7ffe0f",
                "file.png:md5,6587e59c55e626744eb6fc11129d99a7",
                "minus.png:md5,8d572395aa95c89584a09813ada4dfa1",
                "plus.png:md5,0125e6faa04e2cf0141a2d599d3bb220",
                "qualimap_logo_small.png:md5,7526f145a97be4682fd59e27dda4f71b",
                "up-pressed.png:md5,8ea9bd109342f87fee97943b479c6f7e",
                "up.png:md5,ecc373278454cc8ecc12d6ca69e55b36",
                "genome_results.txt:md5,58d212848ac7b7650e3bd6812a4064af"
            ]
        ],
        "meta": {
            "nf-test": "0.9.0",
            "nextflow": "24.04.4"
        },
        "timestamp": "2024-09-22T14:21:41.558481312"
    }
}
