{
    "Bwameth: rrbs": {
        "content": [
            42,
            {
                "BWAMETH_ALIGN": {
                    "bwameth": "0.2.7"
                },
                "BWAMETH_INDEX": {
                    "bwameth": "0.2.7"
                },
                "FASTQC": {
                    "fastqc": "0.12.1"
                },
                "QUALIMAP_BAMQC": {
                    "qualimap": 2.3
                },
                "TRIMGALORE": {
                    "trimgalore": "0.6.7",
                    "cutadapt": 3.4
                },
                "Workflow": {
                    "nf-core/methylseq": "v2.7.0"
                }
            },
            [
                "bwameth",
                "alignments",
                "samtools_stats",
                "Ecoli_10K_methylated.flagstat",
                "Ecoli_10K_methylated.stats",
                "SRR389222_sub1.flagstat",
                "SRR389222_sub1.stats",
                "SRR389222_sub2.flagstat",
                "SRR389222_sub2.stats",
                "SRR389222_sub3.flagstat",
                "SRR389222_sub3.stats",
                "fastqc",
                "Ecoli_10K_methylated_1_fastqc.html",
                "Ecoli_10K_methylated_2_fastqc.html",
                "SRR389222_sub1_fastqc.html",
                "SRR389222_sub2_fastqc.html",
                "SRR389222_sub3_fastqc.html",
                "zips",
                "Ecoli_10K_methylated_1_fastqc.zip",
                "Ecoli_10K_methylated_2_fastqc.zip",
                "SRR389222_sub1_fastqc.zip",
                "SRR389222_sub2_fastqc.zip",
                "SRR389222_sub3_fastqc.zip",
                "methyldackel",
                "Ecoli_10K_methylated.sorted_CpG.bedGraph",
                "SRR389222_sub1.sorted_CpG.bedGraph",
                "SRR389222_sub2.sorted_CpG.bedGraph",
                "SRR389222_sub3.sorted_CpG.bedGraph",
                "mbias",
                "Ecoli_10K_methylated.mbias.txt",
                "SRR389222_sub1.mbias.txt",
                "SRR389222_sub2.mbias.txt",
                "SRR389222_sub3.mbias.txt",
                "multiqc",
                "bwameth",
                "multiqc_data",
                "cutadapt_filtered_reads_plot.txt",
                "cutadapt_trimmed_sequences_plot_3_Counts.txt",
                "cutadapt_trimmed_sequences_plot_3_Obs_Exp.txt",
                "fastqc-status-check-heatmap.txt",
                "fastqc_adapter_content_plot.txt",
                "fastqc_overrepresented_sequences_plot.txt",
                "fastqc_per_base_n_content_plot.txt",
                "fastqc_per_base_sequence_quality_plot.txt",
                "fastqc_per_sequence_gc_content_plot_Counts.txt",
                "fastqc_per_sequence_gc_content_plot_Percentages.txt",
                "fastqc_per_sequence_quality_scores_plot.txt",
                "fastqc_sequence_counts_plot.txt",
                "fastqc_sequence_duplication_levels_plot.txt",
                "fastqc_top_overrepresented_sequences_table.txt",
                "multiqc.log",
                "multiqc_citations.txt",
                "multiqc_cutadapt.txt",
                "multiqc_data.json",
                "multiqc_fastqc.txt",
                "multiqc_general_stats.txt",
                "multiqc_qualimap_bamqc_genome_results.txt",
                "multiqc_samtools_flagstat.txt",
                "multiqc_samtools_stats.txt",
                "multiqc_software_versions.txt",
                "multiqc_sources.txt",
                "qualimap_coverage_histogram.txt",
                "qualimap_gc_content.txt",
                "qualimap_genome_fraction.txt",
                "qualimap_insert_size.txt",
                "samtools-flagstat-dp_Percentage_of_total.txt",
                "samtools-flagstat-dp_Read_counts.txt",
                "samtools-stats-dp.txt",
                "samtools_alignment_plot.txt",
                "multiqc_plots",
                "pdf",
                "cutadapt_filtered_reads_plot-cnt.pdf",
                "cutadapt_filtered_reads_plot-pct.pdf",
                "cutadapt_trimmed_sequences_plot_3_Counts.pdf",
                "cutadapt_trimmed_sequences_plot_3_Obs_Exp.pdf",
                "fastqc-status-check-heatmap.pdf",
                "fastqc_adapter_content_plot.pdf",
                "fastqc_overrepresented_sequences_plot.pdf",
                "fastqc_per_base_n_content_plot.pdf",
                "fastqc_per_base_sequence_quality_plot.pdf",
                "fastqc_per_sequence_gc_content_plot_Counts.pdf",
                "fastqc_per_sequence_gc_content_plot_Percentages.pdf",
                "fastqc_per_sequence_quality_scores_plot.pdf",
                "fastqc_sequence_counts_plot-cnt.pdf",
                "fastqc_sequence_counts_plot-pct.pdf",
                "fastqc_sequence_duplication_levels_plot.pdf",
                "fastqc_top_overrepresented_sequences_table.pdf",
                "general_stats_table.pdf",
                "qualimap_coverage_histogram.pdf",
                "qualimap_gc_content.pdf",
                "qualimap_genome_fraction.pdf",
                "qualimap_insert_size.pdf",
                "samtools-flagstat-dp_Percentage_of_total.pdf",
                "samtools-flagstat-dp_Read_counts.pdf",
                "samtools-stats-dp.pdf",
                "samtools_alignment_plot-cnt.pdf",
                "samtools_alignment_plot-pct.pdf",
                "png",
                "cutadapt_filtered_reads_plot-cnt.png",
                "cutadapt_filtered_reads_plot-pct.png",
                "cutadapt_trimmed_sequences_plot_3_Counts.png",
                "cutadapt_trimmed_sequences_plot_3_Obs_Exp.png",
                "fastqc-status-check-heatmap.png",
                "fastqc_adapter_content_plot.png",
                "fastqc_overrepresented_sequences_plot.png",
                "fastqc_per_base_n_content_plot.png",
                "fastqc_per_base_sequence_quality_plot.png",
                "fastqc_per_sequence_gc_content_plot_Counts.png",
                "fastqc_per_sequence_gc_content_plot_Percentages.png",
                "fastqc_per_sequence_quality_scores_plot.png",
                "fastqc_sequence_counts_plot-cnt.png",
                "fastqc_sequence_counts_plot-pct.png",
                "fastqc_sequence_duplication_levels_plot.png",
                "fastqc_top_overrepresented_sequences_table.png",
                "general_stats_table.png",
                "qualimap_coverage_histogram.png",
                "qualimap_gc_content.png",
                "qualimap_genome_fraction.png",
                "qualimap_insert_size.png",
                "samtools-flagstat-dp_Percentage_of_total.png",
                "samtools-flagstat-dp_Read_counts.png",
                "samtools-stats-dp.png",
                "samtools_alignment_plot-cnt.png",
                "samtools_alignment_plot-pct.png",
                "svg",
                "cutadapt_filtered_reads_plot-cnt.svg",
                "cutadapt_filtered_reads_plot-pct.svg",
                "cutadapt_trimmed_sequences_plot_3_Counts.svg",
                "cutadapt_trimmed_sequences_plot_3_Obs_Exp.svg",
                "fastqc-status-check-heatmap.svg",
                "fastqc_adapter_content_plot.svg",
                "fastqc_overrepresented_sequences_plot.svg",
                "fastqc_per_base_n_content_plot.svg",
                "fastqc_per_base_sequence_quality_plot.svg",
                "fastqc_per_sequence_gc_content_plot_Counts.svg",
                "fastqc_per_sequence_gc_content_plot_Percentages.svg",
                "fastqc_per_sequence_quality_scores_plot.svg",
                "fastqc_sequence_counts_plot-cnt.svg",
                "fastqc_sequence_counts_plot-pct.svg",
                "fastqc_sequence_duplication_levels_plot.svg",
                "fastqc_top_overrepresented_sequences_table.svg",
                "general_stats_table.svg",
                "qualimap_coverage_histogram.svg",
                "qualimap_gc_content.svg",
                "qualimap_genome_fraction.svg",
                "qualimap_insert_size.svg",
                "samtools-flagstat-dp_Percentage_of_total.svg",
                "samtools-flagstat-dp_Read_counts.svg",
                "samtools-stats-dp.svg",
                "samtools_alignment_plot-cnt.svg",
                "samtools_alignment_plot-pct.svg",
                "multiqc_report.html",
                "pipeline_info",
                "nf_core_pipeline_software_mqc_versions.yml",
                "qualimap",
                "Ecoli_10K_methylated",
                "css",
                "agogo.css",
                "ajax-loader.gif",
                "basic.css",
                "bgfooter.png",
                "bgtop.png",
                "comment-bright.png",
                "comment-close.png",
                "comment.png",
                "doctools.js",
                "down-pressed.png",
                "down.png",
                "file.png",
                "jquery.js",
                "minus.png",
                "plus.png",
                "pygments.css",
                "qualimap_logo_small.png",
                "report.css",
                "searchtools.js",
                "underscore.js",
                "up-pressed.png",
                "up.png",
                "websupport.js",
                "genome_results.txt",
                "images_qualimapReport",
                "genome_coverage_0to50_histogram.png",
                "genome_coverage_across_reference.png",
                "genome_coverage_histogram.png",
                "genome_coverage_quotes.png",
                "genome_gc_content_per_window.png",
                "genome_homopolymer_indels.png",
                "genome_insert_size_across_reference.png",
                "genome_insert_size_histogram.png",
                "genome_mapping_quality_across_reference.png",
                "genome_mapping_quality_histogram.png",
                "genome_reads_clipping_profile.png",
                "genome_reads_content_per_read_position.png",
                "genome_uniq_read_starts_histogram.png",
                "qualimapReport.html",
                "raw_data_qualimapReport",
                "coverage_across_reference.txt",
                "coverage_histogram.txt",
                "duplication_rate_histogram.txt",
                "genome_fraction_coverage.txt",
                "homopolymer_indels.txt",
                "insert_size_across_reference.txt",
                "insert_size_histogram.txt",
                "mapped_reads_clipping_profile.txt",
                "mapped_reads_gc-content_distribution.txt",
                "mapped_reads_nucleotide_content.txt",
                "mapping_quality_across_reference.txt",
                "mapping_quality_histogram.txt",
                "SRR389222_sub1",
                "css",
                "agogo.css",
                "ajax-loader.gif",
                "basic.css",
                "bgfooter.png",
                "bgtop.png",
                "comment-bright.png",
                "comment-close.png",
                "comment.png",
                "doctools.js",
                "down-pressed.png",
                "down.png",
                "file.png",
                "jquery.js",
                "minus.png",
                "plus.png",
                "pygments.css",
                "qualimap_logo_small.png",
                "report.css",
                "searchtools.js",
                "underscore.js",
                "up-pressed.png",
                "up.png",
                "websupport.js",
                "genome_results.txt",
                "qualimapReport.html",
                "raw_data_qualimapReport",
                "SRR389222_sub2",
                "css",
                "agogo.css",
                "ajax-loader.gif",
                "basic.css",
                "bgfooter.png",
                "bgtop.png",
                "comment-bright.png",
                "comment-close.png",
                "comment.png",
                "doctools.js",
                "down-pressed.png",
                "down.png",
                "file.png",
                "jquery.js",
                "minus.png",
                "plus.png",
                "pygments.css",
                "qualimap_logo_small.png",
                "report.css",
                "searchtools.js",
                "underscore.js",
                "up-pressed.png",
                "up.png",
                "websupport.js",
                "genome_results.txt",
                "qualimapReport.html",
                "raw_data_qualimapReport",
                "SRR389222_sub3",
                "css",
                "agogo.css",
                "ajax-loader.gif",
                "basic.css",
                "bgfooter.png",
                "bgtop.png",
                "comment-bright.png",
                "comment-close.png",
                "comment.png",
                "doctools.js",
                "down-pressed.png",
                "down.png",
                "file.png",
                "jquery.js",
                "minus.png",
                "plus.png",
                "pygments.css",
                "qualimap_logo_small.png",
                "report.css",
                "searchtools.js",
                "underscore.js",
                "up-pressed.png",
                "up.png",
                "websupport.js",
                "genome_results.txt",
                "qualimapReport.html",
                "raw_data_qualimapReport",
                "trimgalore",
                "fastqc",
                "Ecoli_10K_methylated_1_val_1_fastqc.html",
                "Ecoli_10K_methylated_2_val_2_fastqc.html",
                "SRR389222_sub1_trimmed_fastqc.html",
                "SRR389222_sub2_trimmed_fastqc.html",
                "SRR389222_sub3_trimmed_fastqc.html",
                "zips",
                "Ecoli_10K_methylated_1_val_1_fastqc.zip",
                "Ecoli_10K_methylated_2_val_2_fastqc.zip",
                "SRR389222_sub1_trimmed_fastqc.zip",
                "SRR389222_sub2_trimmed_fastqc.zip",
                "SRR389222_sub3_trimmed_fastqc.zip",
                "logs",
                "Ecoli_10K_methylated_1.fastq.gz_trimming_report.txt",
                "Ecoli_10K_methylated_2.fastq.gz_trimming_report.txt",
                "SRR389222_sub1.fastq.gz_trimming_report.txt",
                "SRR389222_sub2.fastq.gz_trimming_report.txt",
                "SRR389222_sub3.fastq.gz_trimming_report.txt"
            ],
            [
                "Ecoli_10K_methylated.flagstat:md5,c6a9a8b50c5e1d239071a8b75bc63b4f",
                "Ecoli_10K_methylated.stats:md5,d9690e16a7995c35de2397e9800a1fd0",
                "SRR389222_sub1.flagstat:md5,cccae088e2f8686b890d019b60f63065",
                "SRR389222_sub1.stats:md5,138223a2070c2c68fd8867ad731b31b0",
                "SRR389222_sub2.flagstat:md5,403af1bed1e3e96f5e04d65e96728828",
                "SRR389222_sub2.stats:md5,2fa170e542d799b47717984dc7c0a4a4",
                "SRR389222_sub3.flagstat:md5,73a5cb246f6388d5d449775d6e35f5fa",
                "SRR389222_sub3.stats:md5,89ccd73e9ed78f5102c5736f255e034a",
                "Ecoli_10K_methylated.sorted_CpG.bedGraph:md5,5e0bf8c8bb3162de75203784414a6399",
                "SRR389222_sub1.sorted_CpG.bedGraph:md5,4475a9462ce86a019015b69b82a9d5a2",
                "SRR389222_sub2.sorted_CpG.bedGraph:md5,18b8845d9d985d3c203ca6c9c40aab1b",
                "SRR389222_sub3.sorted_CpG.bedGraph:md5,70dcc3836dc9721c2de367d1cf05e815",
                "Ecoli_10K_methylated.mbias.txt:md5,7fb217502c2f3ae955bdfd744b6cbb72",
                "SRR389222_sub1.mbias.txt:md5,fce04d733e066d0b933cedc602e2af81",
                "SRR389222_sub2.mbias.txt:md5,fce04d733e066d0b933cedc602e2af81",
                "SRR389222_sub3.mbias.txt:md5,fce04d733e066d0b933cedc602e2af81",
                "cutadapt_filtered_reads_plot.txt:md5,ff1b6d4011a5be5410b9404f7ff56c56",
                "cutadapt_trimmed_sequences_plot_3_Counts.txt:md5,57d07c19b0c30dc88df96c30bedcdc33",
                "cutadapt_trimmed_sequences_plot_3_Obs_Exp.txt:md5,1e5ca4193f8290c5c812334d03615b41",
                "fastqc-status-check-heatmap.txt:md5,218c2a7efbb9c02f652fa78fc739c866",
                "fastqc_adapter_content_plot.txt:md5,48d8bd5ece984a74972ce0a0e814dd07",
                "fastqc_overrepresented_sequences_plot.txt:md5,9c4b7064950b5b2c486d556984f21e9e",
                "fastqc_per_base_n_content_plot.txt:md5,019d5cd4f61a31f4e7016140ca8ee36e",
                "fastqc_per_base_sequence_quality_plot.txt:md5,e4c7d522114eab9bc9101e7ee9d83c8f",
                "fastqc_per_sequence_gc_content_plot_Counts.txt:md5,302659bee8a02b6a38b24fe25f8eaa87",
                "fastqc_per_sequence_gc_content_plot_Percentages.txt:md5,c75b396eb5dda8682fb1652a9b2e92a3",
                "fastqc_per_sequence_quality_scores_plot.txt:md5,548c593f4a8be2d8627fc3bd1c280611",
                "fastqc_sequence_counts_plot.txt:md5,58eeeb06bc9dcc1764c7daf0847d6bbf",
                "fastqc_sequence_duplication_levels_plot.txt:md5,9e5712db9aa39b5754ea1e0c49cfff15",
                "multiqc_citations.txt:md5,581df5b266851d0244e7cfb213351ffb",
                "multiqc_cutadapt.txt:md5,c2575e27f3839e30ceeff079ada3386b",
                "multiqc_samtools_flagstat.txt:md5,4389e377eb1db8dde26b0e8db6589c2d",
                "multiqc_samtools_stats.txt:md5,3843eed6fb6ec8d27729a8b901ada0cf",
                "multiqc_software_versions.txt:md5,22402363b9a63ac8fc420053b0455ec3",
                "qualimap_coverage_histogram.txt:md5,c5354816b9ce0a18d633506e2dd4e4ac",
                "qualimap_gc_content.txt:md5,61501e54c671d9209fd07dcc0fa3268a",
                "qualimap_genome_fraction.txt:md5,82f03e93ef65b67d1b52383bbec9a749",
                "qualimap_insert_size.txt:md5,c42fb6dbf82bd2e37b21db91074b7de6",
                "samtools-flagstat-dp_Percentage_of_total.txt:md5,6b61188e70378467e23174bd12b1aaaa",
                "samtools-flagstat-dp_Read_counts.txt:md5,1491440de94dc58b28ca8f61d893a710",
                "samtools-stats-dp.txt:md5,deab74e7245766aab6b2284492959fed",
                "samtools_alignment_plot.txt:md5,e10b792693e5a69776f623f5f7de647e",
                "bgfooter.png:md5,ed01bb040346e4623cc87de331ddb4e1",
                "bgtop.png:md5,626a50532dc6e5adbdd968746ef318e8",
                "comment-bright.png:md5,0c850bb4920b581bf5e5dba5fa493a64",
                "comment-close.png:md5,2635dda49c823e8122d4d11ed385f33d",
                "comment.png:md5,882e40f3d6a16c6ed35659b105251525",
                "down-pressed.png:md5,ebe8979581eda700fb234a73c661a4b9",
                "down.png:md5,f6f3c819cc7ca27d7fd3347e5e7ffe0f",
                "file.png:md5,6587e59c55e626744eb6fc11129d99a7",
                "minus.png:md5,8d572395aa95c89584a09813ada4dfa1",
                "plus.png:md5,0125e6faa04e2cf0141a2d599d3bb220",
                "qualimap_logo_small.png:md5,7526f145a97be4682fd59e27dda4f71b",
                "up-pressed.png:md5,8ea9bd109342f87fee97943b479c6f7e",
                "up.png:md5,ecc373278454cc8ecc12d6ca69e55b36",
                "genome_results.txt:md5,1473f581e4d67696c1948f5523211cab",
                "genome_coverage_0to50_histogram.png:md5,1cbe3767040f89baca527d1ab6e55ff8",
                "genome_coverage_across_reference.png:md5,53b391762d87cd191e28304f32845291",
                "genome_coverage_histogram.png:md5,3a9dfa64ac46349368862a9e65a5b420",
                "genome_coverage_quotes.png:md5,1d8a521ddcd8e4481e78af9c0da20cf4",
                "genome_gc_content_per_window.png:md5,d20503328a1c27ab1295e30c84c110b1",
                "genome_homopolymer_indels.png:md5,cf71df685371fbbfe0ba3206c1c3b049",
                "genome_insert_size_across_reference.png:md5,7b2211567834ee7b107f661c0300bc84",
                "genome_insert_size_histogram.png:md5,76fc99375d25d2b8cc62cd1aeb4be339",
                "genome_mapping_quality_across_reference.png:md5,6ca9e8214fde25bddb67b4b370a5dcdf",
                "genome_mapping_quality_histogram.png:md5,e042e538077f8ca4277ff6c91d166da8",
                "genome_reads_clipping_profile.png:md5,23fa8ef751f19fefaea92247b51e8b39",
                "genome_reads_content_per_read_position.png:md5,5fddbefab630dcbfc603e5c8229f34ce",
                "genome_uniq_read_starts_histogram.png:md5,29fe9945e27317bca5881bafb290b2c9",
                "coverage_across_reference.txt:md5,be53a4009a0d557ec32652e1324c6707",
                "coverage_histogram.txt:md5,0afda076822fea8461266b90f981e405",
                "duplication_rate_histogram.txt:md5,3a1f444298b96462f9a636a362059b06",
                "genome_fraction_coverage.txt:md5,b7fadfcd002e58a48dd58facc9deecd9",
                "homopolymer_indels.txt:md5,e4a622cd9a77bd543b64514bd6440c91",
                "insert_size_across_reference.txt:md5,33866dcffabc076c0bef586409d3480a",
                "insert_size_histogram.txt:md5,fe2892c9347f572cd6bf6cc80363f63e",
                "mapped_reads_clipping_profile.txt:md5,1c27af71d413a91fae76cf9c381096cf",
                "mapped_reads_gc-content_distribution.txt:md5,e2dd107a02ff47839de1607bfa7e1faa",
                "mapped_reads_nucleotide_content.txt:md5,68943e60518adb0b3de1215a41815dbf",
                "mapping_quality_across_reference.txt:md5,66539f502fb8bde4e5ead683f045bef4",
                "mapping_quality_histogram.txt:md5,308ca164f21e2360f81169a69dc3dbda",
                "bgfooter.png:md5,ed01bb040346e4623cc87de331ddb4e1",
                "bgtop.png:md5,626a50532dc6e5adbdd968746ef318e8",
                "comment-bright.png:md5,0c850bb4920b581bf5e5dba5fa493a64",
                "comment-close.png:md5,2635dda49c823e8122d4d11ed385f33d",
                "comment.png:md5,882e40f3d6a16c6ed35659b105251525",
                "down-pressed.png:md5,ebe8979581eda700fb234a73c661a4b9",
                "down.png:md5,f6f3c819cc7ca27d7fd3347e5e7ffe0f",
                "file.png:md5,6587e59c55e626744eb6fc11129d99a7",
                "minus.png:md5,8d572395aa95c89584a09813ada4dfa1",
                "plus.png:md5,0125e6faa04e2cf0141a2d599d3bb220",
                "qualimap_logo_small.png:md5,7526f145a97be4682fd59e27dda4f71b",
                "up-pressed.png:md5,8ea9bd109342f87fee97943b479c6f7e",
                "up.png:md5,ecc373278454cc8ecc12d6ca69e55b36",
                "genome_results.txt:md5,07b8ef58f6c6bb40c0c9c4704b50e0b3",
                "bgfooter.png:md5,ed01bb040346e4623cc87de331ddb4e1",
                "bgtop.png:md5,626a50532dc6e5adbdd968746ef318e8",
                "comment-bright.png:md5,0c850bb4920b581bf5e5dba5fa493a64",
                "comment-close.png:md5,2635dda49c823e8122d4d11ed385f33d",
                "comment.png:md5,882e40f3d6a16c6ed35659b105251525",
                "down-pressed.png:md5,ebe8979581eda700fb234a73c661a4b9",
                "down.png:md5,f6f3c819cc7ca27d7fd3347e5e7ffe0f",
                "file.png:md5,6587e59c55e626744eb6fc11129d99a7",
                "minus.png:md5,8d572395aa95c89584a09813ada4dfa1",
                "plus.png:md5,0125e6faa04e2cf0141a2d599d3bb220",
                "qualimap_logo_small.png:md5,7526f145a97be4682fd59e27dda4f71b",
                "up-pressed.png:md5,8ea9bd109342f87fee97943b479c6f7e",
                "up.png:md5,ecc373278454cc8ecc12d6ca69e55b36",
                "genome_results.txt:md5,1466a5585ad5887f8fea7af2732efcba",
                "bgfooter.png:md5,ed01bb040346e4623cc87de331ddb4e1",
                "bgtop.png:md5,626a50532dc6e5adbdd968746ef318e8",
                "comment-bright.png:md5,0c850bb4920b581bf5e5dba5fa493a64",
                "comment-close.png:md5,2635dda49c823e8122d4d11ed385f33d",
                "comment.png:md5,882e40f3d6a16c6ed35659b105251525",
                "down-pressed.png:md5,ebe8979581eda700fb234a73c661a4b9",
                "down.png:md5,f6f3c819cc7ca27d7fd3347e5e7ffe0f",
                "file.png:md5,6587e59c55e626744eb6fc11129d99a7",
                "minus.png:md5,8d572395aa95c89584a09813ada4dfa1",
                "plus.png:md5,0125e6faa04e2cf0141a2d599d3bb220",
                "qualimap_logo_small.png:md5,7526f145a97be4682fd59e27dda4f71b",
                "up-pressed.png:md5,8ea9bd109342f87fee97943b479c6f7e",
                "up.png:md5,ecc373278454cc8ecc12d6ca69e55b36",
                "genome_results.txt:md5,58d212848ac7b7650e3bd6812a4064af"
            ]
        ],
        "meta": {
            "nf-test": "0.9.0",
            "nextflow": "24.04.4"
        },
        "timestamp": "2024-09-29T13:22:41.769211015"
    }
}