{
    "single_end_software_versions": {
        "content": [
            "{BISMARK_ALIGN={bismark=0.24.0}, BISMARK_GENOMEPREPARATION={bismark=0.24.0}, CAT_FASTQ={cat=8.30}, CUSTOM_DUMPSOFTWAREVERSIONS={python=3.11.0, yaml=6.0}, FASTQC={fastqc=0.11.9}, QUALIMAP_BAMQC={qualimap=2.2.2-dev}, SAMPLESHEET_CHECK={python=3.8.3}, TRIMGALORE={cutadapt=3.4, trimgalore=0.6.7}, Workflow={nf-core/methylseq=2.4.0}}"
        ],
        "timestamp": "2023-06-01T02:43:30+0000"
    },
    "single_end_rrbs_software_versions": {
        "content": [
            "{BISMARK_ALIGN={bismark=0.24.0}, BISMARK_GENOMEPREPARATION={bismark=0.24.0}, CAT_FASTQ={cat=8.30}, CUSTOM_DUMPSOFTWAREVERSIONS={python=3.11.0, yaml=6.0}, FASTQC={fastqc=0.11.9}, QUALIMAP_BAMQC={qualimap=2.2.2-dev}, SAMPLESHEET_CHECK={python=3.8.3}, Workflow={nf-core/methylseq=2.4.0}}"
        ],
        "timestamp": "2023-06-01T02:43:30+0000"
    },
    "single_end": {
        "content": [
            "Ecoli_10K_methylated_1_val_1_bismark_hisat2_pe.deduplicated_splitting_report.txt:md5,bdec8746a4f29c56ddbe37a92f7d35dd",
            "SRR389222_sub1_trimmed_bismark_hisat2.deduplicated_splitting_report.txt:md5,4020063dd8610b58b7b39c3ca62cef17",
            "SRR389222_sub2_trimmed_bismark_hisat2.deduplicated_splitting_report.txt:md5,4db2155fdfae1cb9c7c758edba256e2e",
            "genome_results.txt:md5,cd5d3b03821c038eb3bda24beb3ae938",
            "genome_results.txt:md5,9956ed1dcf51e6975f4a6ab8fe156aba",
            "genome_results.txt:md5,1133ea5d1376389c6a17def89d2e90ec"
        ],
        "timestamp": "2023-06-01T02:43:30+0000"
    },
    "single_end_rrbs": {
        "content": [
            "Ecoli_10K_methylated_R1_bismark_hisat2_pe_splitting_report.txt:md5,76868c2015864a3f7c2b4cd1738e4765",
            "SRR389222_sub1_bismark_hisat2_splitting_report.txt:md5,754ed7bf4d75acee466c48c05a11d331",
            "SRR389222_sub2.merged_bismark_hisat2_splitting_report.txt:md5,0629e1f8b4727efe8fd69500783eec61",
            "genome_results.txt:md5,3afd1eb7d4dc72a05e4d4de887d791e3",
            "genome_results.txt:md5,58a2aeeb5eacca4c766bb23fee8f9013",
            "genome_results.txt:md5,473022a29cf12d97e75451a4eea67c02"
        ],
        "timestamp": "2023-06-01T02:43:30+0000"
    }
}